Archive member included because of file (symbol)

.\CortexM0\ARM_GCC_493\Debug\mpi_rom_emu.a(cyfitter_cfg.o)
                              .\CortexM0\ARM_GCC_493\Debug\Cm0Start.o (cyfitter_cfg)
.\CortexM0\ARM_GCC_493\Debug\mpi_rom_emu.a(AD_L.o)
                              .\CortexM0\ARM_GCC_493\Debug\main.o (AD_L_Write)
.\CortexM0\ARM_GCC_493\Debug\mpi_rom_emu.a(AD_H.o)
                              .\CortexM0\ARM_GCC_493\Debug\main.o (AD_H_Write)
.\CortexM0\ARM_GCC_493\Debug\mpi_rom_emu.a(SIP.o)
                              .\CortexM0\ARM_GCC_493\Debug\main.o (SIP_Write)
.\CortexM0\ARM_GCC_493\Debug\mpi_rom_emu.a(AH_reg.o)
                              .\CortexM0\ARM_GCC_493\Debug\main.o (AH_reg_Read)
.\CortexM0\ARM_GCC_493\Debug\mpi_rom_emu.a(AL_reg.o)
                              .\CortexM0\ARM_GCC_493\Debug\main.o (AL_reg_Read)
.\CortexM0\ARM_GCC_493\Debug\mpi_rom_emu.a(CyBootAsmGnu.o)
                              .\CortexM0\ARM_GCC_493\Debug\mpi_rom_emu.a(AH_reg.o) (CyEnterCriticalSection)
.\CortexM0\ARM_GCC_493\Debug\mpi_rom_emu.a(CyLib.o)
                              .\CortexM0\ARM_GCC_493\Debug\main.o (CyDelay)
.\CortexM0\ARM_GCC_493\Debug\mpi_rom_emu.a(STATE.o)
                              .\CortexM0\ARM_GCC_493\Debug\main.o (STATE_Read)
.\CortexM0\ARM_GCC_493\Debug\mpi_rom_emu.a(IDX.o)
                              .\CortexM0\ARM_GCC_493\Debug\main.o (IDX_Write)
.\CortexM0\ARM_GCC_493\Debug\mpi_rom_emu.a(SPI_1.o)
                              .\CortexM0\ARM_GCC_493\Debug\SPI_routines.o (SPI_1_Start)
.\CortexM0\ARM_GCC_493\Debug\mpi_rom_emu.a(SPI_1_SPI_UART.o)
                              .\CortexM0\ARM_GCC_493\Debug\SPI_routines.o (SPI_1_SpiUartReadRxData)
.\CortexM0\ARM_GCC_493\Debug\mpi_rom_emu.a(SPI_1_SPI.o)
                              .\CortexM0\ARM_GCC_493\Debug\mpi_rom_emu.a(SPI_1.o) (SPI_1_SpiInit)
.\CortexM0\ARM_GCC_493\Debug\mpi_rom_emu.a(LED1.o)
                              .\CortexM0\ARM_GCC_493\Debug\main.o (LED1_Write)
.\CortexM0\ARM_GCC_493\Debug\mpi_rom_emu.a(SPI_CS.o)
                              .\CortexM0\ARM_GCC_493\Debug\sdmm.o (SPI_CS_Write)
.\CortexM0\ARM_GCC_493\Debug\mpi_rom_emu.a(BYTE.o)
                              .\CortexM0\ARM_GCC_493\Debug\main.o (BYTE_Read)
.\CortexM0\ARM_GCC_493\Debug\mpi_rom_emu.a(isr_1.o)
                              .\CortexM0\ARM_GCC_493\Debug\main.o (isr_1_StartEx)
c:/program files/cypress/psoc creator/3.3/psoc creator/import/gnu/arm/4.9.3/bin/../lib/gcc/arm-none-eabi/4.9.3/armv6-m\libgcc.a(_udivsi3.o)
                              .\CortexM0\ARM_GCC_493\Debug\ff.o (__aeabi_uidiv)
c:/program files/cypress/psoc creator/3.3/psoc creator/import/gnu/arm/4.9.3/bin/../lib/gcc/arm-none-eabi/4.9.3/armv6-m\libgcc.a(_dvmd_tls.o)
                              c:/program files/cypress/psoc creator/3.3/psoc creator/import/gnu/arm/4.9.3/bin/../lib/gcc/arm-none-eabi/4.9.3/armv6-m\libgcc.a(_udivsi3.o) (__aeabi_idiv0)
c:/program files/cypress/psoc creator/3.3/psoc creator/import/gnu/arm/4.9.3/bin/../lib/gcc/arm-none-eabi/4.9.3/../../../../arm-none-eabi/lib/armv6-m\libg_nano.a(lib_a-errno.o)
                              .\CortexM0\ARM_GCC_493\Debug\Cm0Start.o (__errno)
c:/program files/cypress/psoc creator/3.3/psoc creator/import/gnu/arm/4.9.3/bin/../lib/gcc/arm-none-eabi/4.9.3/../../../../arm-none-eabi/lib/armv6-m\libg_nano.a(lib_a-exit.o)
                              c:/program files/cypress/psoc creator/3.3/psoc creator/import/gnu/arm/4.9.3/bin/../lib/gcc/arm-none-eabi/4.9.3/../../../../arm-none-eabi/lib/armv6-m/crt0.o (exit)
c:/program files/cypress/psoc creator/3.3/psoc creator/import/gnu/arm/4.9.3/bin/../lib/gcc/arm-none-eabi/4.9.3/../../../../arm-none-eabi/lib/armv6-m\libg_nano.a(lib_a-impure.o)
                              c:/program files/cypress/psoc creator/3.3/psoc creator/import/gnu/arm/4.9.3/bin/../lib/gcc/arm-none-eabi/4.9.3/../../../../arm-none-eabi/lib/armv6-m\libg_nano.a(lib_a-exit.o) (_global_impure_ptr)
c:/program files/cypress/psoc creator/3.3/psoc creator/import/gnu/arm/4.9.3/bin/../lib/gcc/arm-none-eabi/4.9.3/../../../../arm-none-eabi/lib/armv6-m\libg_nano.a(lib_a-init.o)
                              c:/program files/cypress/psoc creator/3.3/psoc creator/import/gnu/arm/4.9.3/bin/../lib/gcc/arm-none-eabi/4.9.3/../../../../arm-none-eabi/lib/armv6-m/crt0.o (__libc_init_array)
c:/program files/cypress/psoc creator/3.3/psoc creator/import/gnu/arm/4.9.3/bin/../lib/gcc/arm-none-eabi/4.9.3/../../../../arm-none-eabi/lib/armv6-m\libg_nano.a(lib_a-memset.o)
                              c:/program files/cypress/psoc creator/3.3/psoc creator/import/gnu/arm/4.9.3/bin/../lib/gcc/arm-none-eabi/4.9.3/../../../../arm-none-eabi/lib/armv6-m/crt0.o (memset)

Allocating common symbols
Common symbol       size              file

Fatfs               0x230             .\CortexM0\ARM_GCC_493\Debug\main.o
map_file            0x28              .\CortexM0\ARM_GCC_493\Debug\main.o
file_names          0x80              .\CortexM0\ARM_GCC_493\Debug\main.o
buf                 0x400             .\CortexM0\ARM_GCC_493\Debug\main.o
disk                0x28              .\CortexM0\ARM_GCC_493\Debug\cmd.o
oct_buf             0xa               .\CortexM0\ARM_GCC_493\Debug\cmd.o
log_file            0x28              .\CortexM0\ARM_GCC_493\Debug\main.o

Discarded input sections

 .text          0x00000000        0x0 c:/program files/cypress/psoc creator/3.3/psoc creator/import/gnu/arm/4.9.3/bin/../lib/gcc/arm-none-eabi/4.9.3/armv6-m/crti.o
 .data          0x00000000        0x0 c:/program files/cypress/psoc creator/3.3/psoc creator/import/gnu/arm/4.9.3/bin/../lib/gcc/arm-none-eabi/4.9.3/armv6-m/crti.o
 .bss           0x00000000        0x0 c:/program files/cypress/psoc creator/3.3/psoc creator/import/gnu/arm/4.9.3/bin/../lib/gcc/arm-none-eabi/4.9.3/armv6-m/crti.o
 .data          0x00000000        0x4 c:/program files/cypress/psoc creator/3.3/psoc creator/import/gnu/arm/4.9.3/bin/../lib/gcc/arm-none-eabi/4.9.3/armv6-m/crtbegin.o
 .text          0x00000000       0x78 c:/program files/cypress/psoc creator/3.3/psoc creator/import/gnu/arm/4.9.3/bin/../lib/gcc/arm-none-eabi/4.9.3/../../../../arm-none-eabi/lib/armv6-m/crt0.o
 .data          0x00000000        0x0 c:/program files/cypress/psoc creator/3.3/psoc creator/import/gnu/arm/4.9.3/bin/../lib/gcc/arm-none-eabi/4.9.3/../../../../arm-none-eabi/lib/armv6-m/crt0.o
 .bss           0x00000000        0x0 c:/program files/cypress/psoc creator/3.3/psoc creator/import/gnu/arm/4.9.3/bin/../lib/gcc/arm-none-eabi/4.9.3/../../../../arm-none-eabi/lib/armv6-m/crt0.o
 .ARM.extab     0x00000000        0x0 c:/program files/cypress/psoc creator/3.3/psoc creator/import/gnu/arm/4.9.3/bin/../lib/gcc/arm-none-eabi/4.9.3/../../../../arm-none-eabi/lib/armv6-m/crt0.o
 .ARM.exidx     0x00000000        0x8 c:/program files/cypress/psoc creator/3.3/psoc creator/import/gnu/arm/4.9.3/bin/../lib/gcc/arm-none-eabi/4.9.3/../../../../arm-none-eabi/lib/armv6-m/crt0.o
 .text          0x00000000        0x0 .\CortexM0\ARM_GCC_493\Debug\main.o
 .data          0x00000000        0x0 .\CortexM0\ARM_GCC_493\Debug\main.o
 .text          0x00000000        0x0 .\CortexM0\ARM_GCC_493\Debug\ff.o
 .data          0x00000000        0x0 .\CortexM0\ARM_GCC_493\Debug\ff.o
 .text.dir_remove
                0x00000000       0x28 .\CortexM0\ARM_GCC_493\Debug\ff.o
 .text.f_stat   0x00000000       0x40 .\CortexM0\ARM_GCC_493\Debug\ff.o
 .text.f_getfree
                0x00000000       0xf4 .\CortexM0\ARM_GCC_493\Debug\ff.o
 .text.f_unlink
                0x00000000       0xc8 .\CortexM0\ARM_GCC_493\Debug\ff.o
 .text.f_mkdir  0x00000000      0x194 .\CortexM0\ARM_GCC_493\Debug\ff.o
 .text.f_chmod  0x00000000       0x50 .\CortexM0\ARM_GCC_493\Debug\ff.o
 .text.f_utime  0x00000000       0x54 .\CortexM0\ARM_GCC_493\Debug\ff.o
 .text.f_rename
                0x00000000      0x128 .\CortexM0\ARM_GCC_493\Debug\ff.o
 .text          0x00000000        0x0 .\CortexM0\ARM_GCC_493\Debug\SPI_routines.o
 .data          0x00000000        0x0 .\CortexM0\ARM_GCC_493\Debug\SPI_routines.o
 .bss           0x00000000        0x0 .\CortexM0\ARM_GCC_493\Debug\SPI_routines.o
 .text          0x00000000        0x0 .\CortexM0\ARM_GCC_493\Debug\cmd.o
 .text          0x00000000        0x0 .\CortexM0\ARM_GCC_493\Debug\sdmm.o
 .text.disk_init
                0x00000000        0xc .\CortexM0\ARM_GCC_493\Debug\sdmm.o
 .text          0x00000000        0x0 .\CortexM0\ARM_GCC_493\Debug\cymetadata.o
 .data          0x00000000        0x0 .\CortexM0\ARM_GCC_493\Debug\cymetadata.o
 .bss           0x00000000        0x0 .\CortexM0\ARM_GCC_493\Debug\cymetadata.o
 .text          0x00000000        0x0 .\CortexM0\ARM_GCC_493\Debug\Cm0Start.o
 .data          0x00000000        0x4 .\CortexM0\ARM_GCC_493\Debug\Cm0Start.o
 .bss           0x00000000        0x0 .\CortexM0\ARM_GCC_493\Debug\Cm0Start.o
 .text._exit    0x00000000        0x4 .\CortexM0\ARM_GCC_493\Debug\Cm0Start.o
 .text._sbrk    0x00000000       0x30 .\CortexM0\ARM_GCC_493\Debug\Cm0Start.o
 .text          0x00000000        0x0 .\CortexM0\ARM_GCC_493\Debug\mpi_rom_emu.a(cyfitter_cfg.o)
 .data          0x00000000        0x0 .\CortexM0\ARM_GCC_493\Debug\mpi_rom_emu.a(cyfitter_cfg.o)
 .bss           0x00000000        0x0 .\CortexM0\ARM_GCC_493\Debug\mpi_rom_emu.a(cyfitter_cfg.o)
 .text          0x00000000        0x0 .\CortexM0\ARM_GCC_493\Debug\mpi_rom_emu.a(AD_L.o)
 .data          0x00000000        0x0 .\CortexM0\ARM_GCC_493\Debug\mpi_rom_emu.a(AD_L.o)
 .bss           0x00000000        0x0 .\CortexM0\ARM_GCC_493\Debug\mpi_rom_emu.a(AD_L.o)
 .text.AD_L_ReadDataReg
                0x00000000        0xc .\CortexM0\ARM_GCC_493\Debug\mpi_rom_emu.a(AD_L.o)
 .text.AD_L_ClearInterrupt
                0x00000000       0x14 .\CortexM0\ARM_GCC_493\Debug\mpi_rom_emu.a(AD_L.o)
 .text          0x00000000        0x0 .\CortexM0\ARM_GCC_493\Debug\mpi_rom_emu.a(AD_H.o)
 .data          0x00000000        0x0 .\CortexM0\ARM_GCC_493\Debug\mpi_rom_emu.a(AD_H.o)
 .bss           0x00000000        0x0 .\CortexM0\ARM_GCC_493\Debug\mpi_rom_emu.a(AD_H.o)
 .text.AD_H_ReadDataReg
                0x00000000        0xc .\CortexM0\ARM_GCC_493\Debug\mpi_rom_emu.a(AD_H.o)
 .text.AD_H_ClearInterrupt
                0x00000000       0x14 .\CortexM0\ARM_GCC_493\Debug\mpi_rom_emu.a(AD_H.o)
 .text          0x00000000        0x0 .\CortexM0\ARM_GCC_493\Debug\mpi_rom_emu.a(SIP.o)
 .data          0x00000000        0x0 .\CortexM0\ARM_GCC_493\Debug\mpi_rom_emu.a(SIP.o)
 .bss           0x00000000        0x0 .\CortexM0\ARM_GCC_493\Debug\mpi_rom_emu.a(SIP.o)
 .text.SIP_SetDriveMode
                0x00000000       0x18 .\CortexM0\ARM_GCC_493\Debug\mpi_rom_emu.a(SIP.o)
 .text.SIP_Read
                0x00000000       0x10 .\CortexM0\ARM_GCC_493\Debug\mpi_rom_emu.a(SIP.o)
 .text.SIP_ReadDataReg
                0x00000000       0x10 .\CortexM0\ARM_GCC_493\Debug\mpi_rom_emu.a(SIP.o)
 .text.SIP_ClearInterrupt
                0x00000000       0x14 .\CortexM0\ARM_GCC_493\Debug\mpi_rom_emu.a(SIP.o)
 .text          0x00000000        0x0 .\CortexM0\ARM_GCC_493\Debug\mpi_rom_emu.a(AH_reg.o)
 .data          0x00000000        0x0 .\CortexM0\ARM_GCC_493\Debug\mpi_rom_emu.a(AH_reg.o)
 .bss           0x00000000        0x0 .\CortexM0\ARM_GCC_493\Debug\mpi_rom_emu.a(AH_reg.o)
 .text.AH_reg_InterruptEnable
                0x00000000       0x1c .\CortexM0\ARM_GCC_493\Debug\mpi_rom_emu.a(AH_reg.o)
 .text.AH_reg_InterruptDisable
                0x00000000       0x1c .\CortexM0\ARM_GCC_493\Debug\mpi_rom_emu.a(AH_reg.o)
 .text.AH_reg_WriteMask
                0x00000000        0xc .\CortexM0\ARM_GCC_493\Debug\mpi_rom_emu.a(AH_reg.o)
 .text.AH_reg_ReadMask
                0x00000000        0xc .\CortexM0\ARM_GCC_493\Debug\mpi_rom_emu.a(AH_reg.o)
 .text          0x00000000        0x0 .\CortexM0\ARM_GCC_493\Debug\mpi_rom_emu.a(AL_reg.o)
 .data          0x00000000        0x0 .\CortexM0\ARM_GCC_493\Debug\mpi_rom_emu.a(AL_reg.o)
 .bss           0x00000000        0x0 .\CortexM0\ARM_GCC_493\Debug\mpi_rom_emu.a(AL_reg.o)
 .text.AL_reg_InterruptEnable
                0x00000000       0x1c .\CortexM0\ARM_GCC_493\Debug\mpi_rom_emu.a(AL_reg.o)
 .text.AL_reg_InterruptDisable
                0x00000000       0x1c .\CortexM0\ARM_GCC_493\Debug\mpi_rom_emu.a(AL_reg.o)
 .text.AL_reg_WriteMask
                0x00000000        0xc .\CortexM0\ARM_GCC_493\Debug\mpi_rom_emu.a(AL_reg.o)
 .text.AL_reg_ReadMask
                0x00000000        0xc .\CortexM0\ARM_GCC_493\Debug\mpi_rom_emu.a(AL_reg.o)
 .data          0x00000000        0x0 .\CortexM0\ARM_GCC_493\Debug\mpi_rom_emu.a(CyBootAsmGnu.o)
 .bss           0x00000000        0x0 .\CortexM0\ARM_GCC_493\Debug\mpi_rom_emu.a(CyBootAsmGnu.o)
 .text          0x00000000        0x0 .\CortexM0\ARM_GCC_493\Debug\mpi_rom_emu.a(CyLib.o)
 .bss           0x00000000       0x24 .\CortexM0\ARM_GCC_493\Debug\mpi_rom_emu.a(CyLib.o)
 .text.CySysClkIloEnabled
                0x00000000       0x14 .\CortexM0\ARM_GCC_493\Debug\mpi_rom_emu.a(CyLib.o)
 .text.CySysWdtLocked
                0x00000000       0x14 .\CortexM0\ARM_GCC_493\Debug\mpi_rom_emu.a(CyLib.o)
 .text.CySysClkImoStart
                0x00000000       0x14 .\CortexM0\ARM_GCC_493\Debug\mpi_rom_emu.a(CyLib.o)
 .text.CySysClkImoStop
                0x00000000       0x10 .\CortexM0\ARM_GCC_493\Debug\mpi_rom_emu.a(CyLib.o)
 .text.CySysClkIloStart
                0x00000000       0x14 .\CortexM0\ARM_GCC_493\Debug\mpi_rom_emu.a(CyLib.o)
 .text.CySysClkWriteHfclkDirect
                0x00000000       0x24 .\CortexM0\ARM_GCC_493\Debug\mpi_rom_emu.a(CyLib.o)
 .text.CySysClkWriteSysclkDiv
                0x00000000       0x28 .\CortexM0\ARM_GCC_493\Debug\mpi_rom_emu.a(CyLib.o)
 .text.CySysWdtLock
                0x00000000       0x1c .\CortexM0\ARM_GCC_493\Debug\mpi_rom_emu.a(CyLib.o)
 .text.CySysWdtUnlock
                0x00000000       0x30 .\CortexM0\ARM_GCC_493\Debug\mpi_rom_emu.a(CyLib.o)
 .text.CySysWdtReadMode
                0x00000000       0x14 .\CortexM0\ARM_GCC_493\Debug\mpi_rom_emu.a(CyLib.o)
 .text.CySysWdtReadCascade
                0x00000000       0x14 .\CortexM0\ARM_GCC_493\Debug\mpi_rom_emu.a(CyLib.o)
 .text.CySysWdtReadToggleBit
                0x00000000       0x10 .\CortexM0\ARM_GCC_493\Debug\mpi_rom_emu.a(CyLib.o)
 .text.CySysWdtGetInterruptSource
                0x00000000       0x14 .\CortexM0\ARM_GCC_493\Debug\mpi_rom_emu.a(CyLib.o)
 .text.CySysWdtClearInterrupt
                0x00000000       0x4c .\CortexM0\ARM_GCC_493\Debug\mpi_rom_emu.a(CyLib.o)
 .text.CySysWdtResetCounters
                0x00000000       0x18 .\CortexM0\ARM_GCC_493\Debug\mpi_rom_emu.a(CyLib.o)
 .text.CySysLvdEnable
                0x00000000       0x30 .\CortexM0\ARM_GCC_493\Debug\mpi_rom_emu.a(CyLib.o)
 .text.CySysLvdDisable
                0x00000000       0x20 .\CortexM0\ARM_GCC_493\Debug\mpi_rom_emu.a(CyLib.o)
 .text.CySysLvdGetInterruptSource
                0x00000000       0x10 .\CortexM0\ARM_GCC_493\Debug\mpi_rom_emu.a(CyLib.o)
 .text.CySysLvdClearInterrupt
                0x00000000        0xc .\CortexM0\ARM_GCC_493\Debug\mpi_rom_emu.a(CyLib.o)
 .text.CySysGetResetReason
                0x00000000       0x14 .\CortexM0\ARM_GCC_493\Debug\mpi_rom_emu.a(CyLib.o)
 .text.CyDisableInts
                0x00000000       0x10 .\CortexM0\ARM_GCC_493\Debug\mpi_rom_emu.a(CyLib.o)
 .text.CyEnableInts
                0x00000000        0xc .\CortexM0\ARM_GCC_493\Debug\mpi_rom_emu.a(CyLib.o)
 .text.CyIntEnable
                0x00000000       0x14 .\CortexM0\ARM_GCC_493\Debug\mpi_rom_emu.a(CyLib.o)
 .text.CyIntGetState
                0x00000000       0x18 .\CortexM0\ARM_GCC_493\Debug\mpi_rom_emu.a(CyLib.o)
 .text.CyIntDisable
                0x00000000       0x14 .\CortexM0\ARM_GCC_493\Debug\mpi_rom_emu.a(CyLib.o)
 .text.CyIntSetPending
                0x00000000       0x14 .\CortexM0\ARM_GCC_493\Debug\mpi_rom_emu.a(CyLib.o)
 .text.CyIntClearPending
                0x00000000       0x14 .\CortexM0\ARM_GCC_493\Debug\mpi_rom_emu.a(CyLib.o)
 .text.CySysWdtReadEnabledStatus
                0x00000000       0x24 .\CortexM0\ARM_GCC_493\Debug\mpi_rom_emu.a(CyLib.o)
 .text.CySysWdtEnable
                0x00000000       0x40 .\CortexM0\ARM_GCC_493\Debug\mpi_rom_emu.a(CyLib.o)
 .text.CySysWdtDisable
                0x00000000       0x3c .\CortexM0\ARM_GCC_493\Debug\mpi_rom_emu.a(CyLib.o)
 .text.CySysWdtWriteCascade
                0x00000000       0x34 .\CortexM0\ARM_GCC_493\Debug\mpi_rom_emu.a(CyLib.o)
 .text.CySysWdtWriteToggleBit
                0x00000000       0x2c .\CortexM0\ARM_GCC_493\Debug\mpi_rom_emu.a(CyLib.o)
 .text.CySysWdtWriteMode
                0x00000000       0x38 .\CortexM0\ARM_GCC_493\Debug\mpi_rom_emu.a(CyLib.o)
 .text.CySysClkLfclkPosedgeRestore
                0x00000000       0x2c .\CortexM0\ARM_GCC_493\Debug\mpi_rom_emu.a(CyLib.o)
 .text.CySysWdtWriteClearOnMatch
                0x00000000       0x38 .\CortexM0\ARM_GCC_493\Debug\mpi_rom_emu.a(CyLib.o)
 .text.CySysWdtReadClearOnMatch
                0x00000000       0x24 .\CortexM0\ARM_GCC_493\Debug\mpi_rom_emu.a(CyLib.o)
 .text.CySysWdtReadMatch
                0x00000000       0x20 .\CortexM0\ARM_GCC_493\Debug\mpi_rom_emu.a(CyLib.o)
 .text.CySysWdtReadCount
                0x00000000       0x3c .\CortexM0\ARM_GCC_493\Debug\mpi_rom_emu.a(CyLib.o)
 .text.CySysClkLfclkPosedgeCatch
                0x00000000       0x74 .\CortexM0\ARM_GCC_493\Debug\mpi_rom_emu.a(CyLib.o)
 .text.CySysClkIloStop
                0x00000000       0x38 .\CortexM0\ARM_GCC_493\Debug\mpi_rom_emu.a(CyLib.o)
 .text.CyIntSetSysVector
                0x00000000       0x20 .\CortexM0\ARM_GCC_493\Debug\mpi_rom_emu.a(CyLib.o)
 .text.CyIntGetSysVector
                0x00000000       0x1c .\CortexM0\ARM_GCC_493\Debug\mpi_rom_emu.a(CyLib.o)
 .text.CyIntSetVector
                0x00000000       0x24 .\CortexM0\ARM_GCC_493\Debug\mpi_rom_emu.a(CyLib.o)
 .text.CyIntGetVector
                0x00000000       0x20 .\CortexM0\ARM_GCC_493\Debug\mpi_rom_emu.a(CyLib.o)
 .text.CyIntSetPriority
                0x00000000       0x4c .\CortexM0\ARM_GCC_493\Debug\mpi_rom_emu.a(CyLib.o)
 .text.CyIntGetPriority
                0x00000000       0x2c .\CortexM0\ARM_GCC_493\Debug\mpi_rom_emu.a(CyLib.o)
 .text.CySoftwareReset
                0x00000000       0x18 .\CortexM0\ARM_GCC_493\Debug\mpi_rom_emu.a(CyLib.o)
 .text.CySysWdtWriteMatch
                0x00000000       0x3c .\CortexM0\ARM_GCC_493\Debug\mpi_rom_emu.a(CyLib.o)
 .text.CyDelayFreq
                0x00000000       0x4c .\CortexM0\ARM_GCC_493\Debug\mpi_rom_emu.a(CyLib.o)
 .text.CySysTickStop
                0x00000000       0x10 .\CortexM0\ARM_GCC_493\Debug\mpi_rom_emu.a(CyLib.o)
 .text.CySysTickEnableInterrupt
                0x00000000       0x10 .\CortexM0\ARM_GCC_493\Debug\mpi_rom_emu.a(CyLib.o)
 .text.CySysTickEnable
                0x00000000       0x18 .\CortexM0\ARM_GCC_493\Debug\mpi_rom_emu.a(CyLib.o)
 .text.CySysTickDisableInterrupt
                0x00000000       0x10 .\CortexM0\ARM_GCC_493\Debug\mpi_rom_emu.a(CyLib.o)
 .text.CySysTickSetReload
                0x00000000       0x10 .\CortexM0\ARM_GCC_493\Debug\mpi_rom_emu.a(CyLib.o)
 .text.CySysTickGetReload
                0x00000000       0x10 .\CortexM0\ARM_GCC_493\Debug\mpi_rom_emu.a(CyLib.o)
 .text.CySysTickGetValue
                0x00000000       0x14 .\CortexM0\ARM_GCC_493\Debug\mpi_rom_emu.a(CyLib.o)
 .text.CySysTickGetCountFlag
                0x00000000       0x10 .\CortexM0\ARM_GCC_493\Debug\mpi_rom_emu.a(CyLib.o)
 .text.CySysTickServiceCallbacks
                0x00000000       0x2c .\CortexM0\ARM_GCC_493\Debug\mpi_rom_emu.a(CyLib.o)
 .text.CySysTickClear
                0x00000000        0xc .\CortexM0\ARM_GCC_493\Debug\mpi_rom_emu.a(CyLib.o)
 .text.CySysTickInit
                0x00000000       0x48 .\CortexM0\ARM_GCC_493\Debug\mpi_rom_emu.a(CyLib.o)
 .text.CySysTickStart
                0x00000000       0x20 .\CortexM0\ARM_GCC_493\Debug\mpi_rom_emu.a(CyLib.o)
 .text.CySysTickSetCallback
                0x00000000       0x10 .\CortexM0\ARM_GCC_493\Debug\mpi_rom_emu.a(CyLib.o)
 .text.CySysTickGetCallback
                0x00000000       0x10 .\CortexM0\ARM_GCC_493\Debug\mpi_rom_emu.a(CyLib.o)
 .text          0x00000000        0x0 .\CortexM0\ARM_GCC_493\Debug\mpi_rom_emu.a(STATE.o)
 .data          0x00000000        0x0 .\CortexM0\ARM_GCC_493\Debug\mpi_rom_emu.a(STATE.o)
 .bss           0x00000000        0x0 .\CortexM0\ARM_GCC_493\Debug\mpi_rom_emu.a(STATE.o)
 .text.STATE_InterruptEnable
                0x00000000       0x1c .\CortexM0\ARM_GCC_493\Debug\mpi_rom_emu.a(STATE.o)
 .text.STATE_InterruptDisable
                0x00000000       0x1c .\CortexM0\ARM_GCC_493\Debug\mpi_rom_emu.a(STATE.o)
 .text.STATE_WriteMask
                0x00000000       0x10 .\CortexM0\ARM_GCC_493\Debug\mpi_rom_emu.a(STATE.o)
 .text.STATE_ReadMask
                0x00000000        0xc .\CortexM0\ARM_GCC_493\Debug\mpi_rom_emu.a(STATE.o)
 .text          0x00000000        0x0 .\CortexM0\ARM_GCC_493\Debug\mpi_rom_emu.a(IDX.o)
 .data          0x00000000        0x0 .\CortexM0\ARM_GCC_493\Debug\mpi_rom_emu.a(IDX.o)
 .bss           0x00000000        0x0 .\CortexM0\ARM_GCC_493\Debug\mpi_rom_emu.a(IDX.o)
 .text.IDX_SetDriveMode
                0x00000000       0x18 .\CortexM0\ARM_GCC_493\Debug\mpi_rom_emu.a(IDX.o)
 .text.IDX_Read
                0x00000000       0x10 .\CortexM0\ARM_GCC_493\Debug\mpi_rom_emu.a(IDX.o)
 .text.IDX_ReadDataReg
                0x00000000       0x10 .\CortexM0\ARM_GCC_493\Debug\mpi_rom_emu.a(IDX.o)
 .text.IDX_ClearInterrupt
                0x00000000       0x14 .\CortexM0\ARM_GCC_493\Debug\mpi_rom_emu.a(IDX.o)
 .text          0x00000000        0x0 .\CortexM0\ARM_GCC_493\Debug\mpi_rom_emu.a(SPI_1.o)
 .data          0x00000000        0x0 .\CortexM0\ARM_GCC_493\Debug\mpi_rom_emu.a(SPI_1.o)
 .text.SPI_1_Stop
                0x00000000       0x10 .\CortexM0\ARM_GCC_493\Debug\mpi_rom_emu.a(SPI_1.o)
 .text.SPI_1_SetRxFifoLevel
                0x00000000       0x14 .\CortexM0\ARM_GCC_493\Debug\mpi_rom_emu.a(SPI_1.o)
 .text.SPI_1_SetTxFifoLevel
                0x00000000       0x14 .\CortexM0\ARM_GCC_493\Debug\mpi_rom_emu.a(SPI_1.o)
 .text.SPI_1_SetCustomInterruptHandler
                0x00000000        0xc .\CortexM0\ARM_GCC_493\Debug\mpi_rom_emu.a(SPI_1.o)
 .text.SPI_1_I2CSlaveNackGeneration
                0x00000000       0x3c .\CortexM0\ARM_GCC_493\Debug\mpi_rom_emu.a(SPI_1.o)
 .text          0x00000000        0x0 .\CortexM0\ARM_GCC_493\Debug\mpi_rom_emu.a(SPI_1_SPI_UART.o)
 .data          0x00000000        0x0 .\CortexM0\ARM_GCC_493\Debug\mpi_rom_emu.a(SPI_1_SPI_UART.o)
 .bss           0x00000000        0x0 .\CortexM0\ARM_GCC_493\Debug\mpi_rom_emu.a(SPI_1_SPI_UART.o)
 .text.SPI_1_SpiUartClearRxBuffer
                0x00000000       0x20 .\CortexM0\ARM_GCC_493\Debug\mpi_rom_emu.a(SPI_1_SPI_UART.o)
 .text.SPI_1_SpiUartPutArray
                0x00000000       0x18 .\CortexM0\ARM_GCC_493\Debug\mpi_rom_emu.a(SPI_1_SPI_UART.o)
 .text.SPI_1_SpiUartClearTxBuffer
                0x00000000       0x20 .\CortexM0\ARM_GCC_493\Debug\mpi_rom_emu.a(SPI_1_SPI_UART.o)
 .text.SPI_1_SpiUartDisableIntRx
                0x00000000       0x10 .\CortexM0\ARM_GCC_493\Debug\mpi_rom_emu.a(SPI_1_SPI_UART.o)
 .text.SPI_1_SpiUartDisableIntTx
                0x00000000       0x10 .\CortexM0\ARM_GCC_493\Debug\mpi_rom_emu.a(SPI_1_SPI_UART.o)
 .text          0x00000000        0x0 .\CortexM0\ARM_GCC_493\Debug\mpi_rom_emu.a(SPI_1_SPI.o)
 .data          0x00000000        0x0 .\CortexM0\ARM_GCC_493\Debug\mpi_rom_emu.a(SPI_1_SPI.o)
 .bss           0x00000000        0x0 .\CortexM0\ARM_GCC_493\Debug\mpi_rom_emu.a(SPI_1_SPI.o)
 .text          0x00000000        0x0 .\CortexM0\ARM_GCC_493\Debug\mpi_rom_emu.a(LED1.o)
 .data          0x00000000        0x0 .\CortexM0\ARM_GCC_493\Debug\mpi_rom_emu.a(LED1.o)
 .bss           0x00000000        0x0 .\CortexM0\ARM_GCC_493\Debug\mpi_rom_emu.a(LED1.o)
 .text.LED1_SetDriveMode
                0x00000000       0x18 .\CortexM0\ARM_GCC_493\Debug\mpi_rom_emu.a(LED1.o)
 .text.LED1_Read
                0x00000000       0x10 .\CortexM0\ARM_GCC_493\Debug\mpi_rom_emu.a(LED1.o)
 .text.LED1_ReadDataReg
                0x00000000       0x10 .\CortexM0\ARM_GCC_493\Debug\mpi_rom_emu.a(LED1.o)
 .text.LED1_ClearInterrupt
                0x00000000       0x14 .\CortexM0\ARM_GCC_493\Debug\mpi_rom_emu.a(LED1.o)
 .text          0x00000000        0x0 .\CortexM0\ARM_GCC_493\Debug\mpi_rom_emu.a(SPI_CS.o)
 .data          0x00000000        0x0 .\CortexM0\ARM_GCC_493\Debug\mpi_rom_emu.a(SPI_CS.o)
 .bss           0x00000000        0x0 .\CortexM0\ARM_GCC_493\Debug\mpi_rom_emu.a(SPI_CS.o)
 .text.SPI_CS_SetDriveMode
                0x00000000       0x18 .\CortexM0\ARM_GCC_493\Debug\mpi_rom_emu.a(SPI_CS.o)
 .text.SPI_CS_Read
                0x00000000       0x10 .\CortexM0\ARM_GCC_493\Debug\mpi_rom_emu.a(SPI_CS.o)
 .text.SPI_CS_ReadDataReg
                0x00000000       0x10 .\CortexM0\ARM_GCC_493\Debug\mpi_rom_emu.a(SPI_CS.o)
 .text.SPI_CS_ClearInterrupt
                0x00000000       0x14 .\CortexM0\ARM_GCC_493\Debug\mpi_rom_emu.a(SPI_CS.o)
 .text          0x00000000        0x0 .\CortexM0\ARM_GCC_493\Debug\mpi_rom_emu.a(BYTE.o)
 .data          0x00000000        0x0 .\CortexM0\ARM_GCC_493\Debug\mpi_rom_emu.a(BYTE.o)
 .bss           0x00000000        0x0 .\CortexM0\ARM_GCC_493\Debug\mpi_rom_emu.a(BYTE.o)
 .text.BYTE_Write
                0x00000000       0x18 .\CortexM0\ARM_GCC_493\Debug\mpi_rom_emu.a(BYTE.o)
 .text.BYTE_SetDriveMode
                0x00000000       0x18 .\CortexM0\ARM_GCC_493\Debug\mpi_rom_emu.a(BYTE.o)
 .text.BYTE_ReadDataReg
                0x00000000       0x10 .\CortexM0\ARM_GCC_493\Debug\mpi_rom_emu.a(BYTE.o)
 .text.BYTE_ClearInterrupt
                0x00000000       0x14 .\CortexM0\ARM_GCC_493\Debug\mpi_rom_emu.a(BYTE.o)
 .text          0x00000000        0x0 .\CortexM0\ARM_GCC_493\Debug\mpi_rom_emu.a(isr_1.o)
 .data          0x00000000        0x0 .\CortexM0\ARM_GCC_493\Debug\mpi_rom_emu.a(isr_1.o)
 .bss           0x00000000        0x0 .\CortexM0\ARM_GCC_493\Debug\mpi_rom_emu.a(isr_1.o)
 .text.isr_1_Interrupt
                0x00000000        0x4 .\CortexM0\ARM_GCC_493\Debug\mpi_rom_emu.a(isr_1.o)
 .text.isr_1_GetVector
                0x00000000        0xc .\CortexM0\ARM_GCC_493\Debug\mpi_rom_emu.a(isr_1.o)
 .text.isr_1_GetPriority
                0x00000000       0x10 .\CortexM0\ARM_GCC_493\Debug\mpi_rom_emu.a(isr_1.o)
 .text.isr_1_GetState
                0x00000000       0x14 .\CortexM0\ARM_GCC_493\Debug\mpi_rom_emu.a(isr_1.o)
 .text.isr_1_Start
                0x00000000       0x1c .\CortexM0\ARM_GCC_493\Debug\mpi_rom_emu.a(isr_1.o)
 .text.isr_1_Stop
                0x00000000       0x14 .\CortexM0\ARM_GCC_493\Debug\mpi_rom_emu.a(isr_1.o)
 .text.isr_1_SetPending
                0x00000000        0xc .\CortexM0\ARM_GCC_493\Debug\mpi_rom_emu.a(isr_1.o)
 .text.isr_1_ClearPending
                0x00000000        0xc .\CortexM0\ARM_GCC_493\Debug\mpi_rom_emu.a(isr_1.o)
 .data          0x00000000        0x0 c:/program files/cypress/psoc creator/3.3/psoc creator/import/gnu/arm/4.9.3/bin/../lib/gcc/arm-none-eabi/4.9.3/armv6-m\libgcc.a(_udivsi3.o)
 .bss           0x00000000        0x0 c:/program files/cypress/psoc creator/3.3/psoc creator/import/gnu/arm/4.9.3/bin/../lib/gcc/arm-none-eabi/4.9.3/armv6-m\libgcc.a(_udivsi3.o)
 .data          0x00000000        0x0 c:/program files/cypress/psoc creator/3.3/psoc creator/import/gnu/arm/4.9.3/bin/../lib/gcc/arm-none-eabi/4.9.3/armv6-m\libgcc.a(_dvmd_tls.o)
 .bss           0x00000000        0x0 c:/program files/cypress/psoc creator/3.3/psoc creator/import/gnu/arm/4.9.3/bin/../lib/gcc/arm-none-eabi/4.9.3/armv6-m\libgcc.a(_dvmd_tls.o)
 .text          0x00000000        0x0 c:/program files/cypress/psoc creator/3.3/psoc creator/import/gnu/arm/4.9.3/bin/../lib/gcc/arm-none-eabi/4.9.3/../../../../arm-none-eabi/lib/armv6-m\libg_nano.a(lib_a-errno.o)
 .data          0x00000000        0x0 c:/program files/cypress/psoc creator/3.3/psoc creator/import/gnu/arm/4.9.3/bin/../lib/gcc/arm-none-eabi/4.9.3/../../../../arm-none-eabi/lib/armv6-m\libg_nano.a(lib_a-errno.o)
 .bss           0x00000000        0x0 c:/program files/cypress/psoc creator/3.3/psoc creator/import/gnu/arm/4.9.3/bin/../lib/gcc/arm-none-eabi/4.9.3/../../../../arm-none-eabi/lib/armv6-m\libg_nano.a(lib_a-errno.o)
 .text.__errno  0x00000000        0xc c:/program files/cypress/psoc creator/3.3/psoc creator/import/gnu/arm/4.9.3/bin/../lib/gcc/arm-none-eabi/4.9.3/../../../../arm-none-eabi/lib/armv6-m\libg_nano.a(lib_a-errno.o)
 .text          0x00000000        0x0 c:/program files/cypress/psoc creator/3.3/psoc creator/import/gnu/arm/4.9.3/bin/../lib/gcc/arm-none-eabi/4.9.3/../../../../arm-none-eabi/lib/armv6-m\libg_nano.a(lib_a-exit.o)
 .data          0x00000000        0x0 c:/program files/cypress/psoc creator/3.3/psoc creator/import/gnu/arm/4.9.3/bin/../lib/gcc/arm-none-eabi/4.9.3/../../../../arm-none-eabi/lib/armv6-m\libg_nano.a(lib_a-exit.o)
 .bss           0x00000000        0x0 c:/program files/cypress/psoc creator/3.3/psoc creator/import/gnu/arm/4.9.3/bin/../lib/gcc/arm-none-eabi/4.9.3/../../../../arm-none-eabi/lib/armv6-m\libg_nano.a(lib_a-exit.o)
 .text.exit     0x00000000       0x2c c:/program files/cypress/psoc creator/3.3/psoc creator/import/gnu/arm/4.9.3/bin/../lib/gcc/arm-none-eabi/4.9.3/../../../../arm-none-eabi/lib/armv6-m\libg_nano.a(lib_a-exit.o)
 .text          0x00000000        0x0 c:/program files/cypress/psoc creator/3.3/psoc creator/import/gnu/arm/4.9.3/bin/../lib/gcc/arm-none-eabi/4.9.3/../../../../arm-none-eabi/lib/armv6-m\libg_nano.a(lib_a-impure.o)
 .data          0x00000000        0x0 c:/program files/cypress/psoc creator/3.3/psoc creator/import/gnu/arm/4.9.3/bin/../lib/gcc/arm-none-eabi/4.9.3/../../../../arm-none-eabi/lib/armv6-m\libg_nano.a(lib_a-impure.o)
 .bss           0x00000000        0x0 c:/program files/cypress/psoc creator/3.3/psoc creator/import/gnu/arm/4.9.3/bin/../lib/gcc/arm-none-eabi/4.9.3/../../../../arm-none-eabi/lib/armv6-m\libg_nano.a(lib_a-impure.o)
 .data.impure_data
                0x00000000       0x60 c:/program files/cypress/psoc creator/3.3/psoc creator/import/gnu/arm/4.9.3/bin/../lib/gcc/arm-none-eabi/4.9.3/../../../../arm-none-eabi/lib/armv6-m\libg_nano.a(lib_a-impure.o)
 .data._impure_ptr
                0x00000000        0x4 c:/program files/cypress/psoc creator/3.3/psoc creator/import/gnu/arm/4.9.3/bin/../lib/gcc/arm-none-eabi/4.9.3/../../../../arm-none-eabi/lib/armv6-m\libg_nano.a(lib_a-impure.o)
 .rodata.str1.1
                0x00000000        0x2 c:/program files/cypress/psoc creator/3.3/psoc creator/import/gnu/arm/4.9.3/bin/../lib/gcc/arm-none-eabi/4.9.3/../../../../arm-none-eabi/lib/armv6-m\libg_nano.a(lib_a-impure.o)
 .rodata._global_impure_ptr
                0x00000000        0x4 c:/program files/cypress/psoc creator/3.3/psoc creator/import/gnu/arm/4.9.3/bin/../lib/gcc/arm-none-eabi/4.9.3/../../../../arm-none-eabi/lib/armv6-m\libg_nano.a(lib_a-impure.o)
 .text          0x00000000        0x0 c:/program files/cypress/psoc creator/3.3/psoc creator/import/gnu/arm/4.9.3/bin/../lib/gcc/arm-none-eabi/4.9.3/../../../../arm-none-eabi/lib/armv6-m\libg_nano.a(lib_a-init.o)
 .data          0x00000000        0x0 c:/program files/cypress/psoc creator/3.3/psoc creator/import/gnu/arm/4.9.3/bin/../lib/gcc/arm-none-eabi/4.9.3/../../../../arm-none-eabi/lib/armv6-m\libg_nano.a(lib_a-init.o)
 .bss           0x00000000        0x0 c:/program files/cypress/psoc creator/3.3/psoc creator/import/gnu/arm/4.9.3/bin/../lib/gcc/arm-none-eabi/4.9.3/../../../../arm-none-eabi/lib/armv6-m\libg_nano.a(lib_a-init.o)
 .text          0x00000000        0x0 c:/program files/cypress/psoc creator/3.3/psoc creator/import/gnu/arm/4.9.3/bin/../lib/gcc/arm-none-eabi/4.9.3/../../../../arm-none-eabi/lib/armv6-m\libg_nano.a(lib_a-memset.o)
 .data          0x00000000        0x0 c:/program files/cypress/psoc creator/3.3/psoc creator/import/gnu/arm/4.9.3/bin/../lib/gcc/arm-none-eabi/4.9.3/../../../../arm-none-eabi/lib/armv6-m\libg_nano.a(lib_a-memset.o)
 .bss           0x00000000        0x0 c:/program files/cypress/psoc creator/3.3/psoc creator/import/gnu/arm/4.9.3/bin/../lib/gcc/arm-none-eabi/4.9.3/../../../../arm-none-eabi/lib/armv6-m\libg_nano.a(lib_a-memset.o)
 .text          0x00000000        0x0 c:/program files/cypress/psoc creator/3.3/psoc creator/import/gnu/arm/4.9.3/bin/../lib/gcc/arm-none-eabi/4.9.3/armv6-m/crtend.o
 .data          0x00000000        0x0 c:/program files/cypress/psoc creator/3.3/psoc creator/import/gnu/arm/4.9.3/bin/../lib/gcc/arm-none-eabi/4.9.3/armv6-m/crtend.o
 .bss           0x00000000        0x0 c:/program files/cypress/psoc creator/3.3/psoc creator/import/gnu/arm/4.9.3/bin/../lib/gcc/arm-none-eabi/4.9.3/armv6-m/crtend.o
 .text          0x00000000        0x0 c:/program files/cypress/psoc creator/3.3/psoc creator/import/gnu/arm/4.9.3/bin/../lib/gcc/arm-none-eabi/4.9.3/armv6-m/crtn.o
 .data          0x00000000        0x0 c:/program files/cypress/psoc creator/3.3/psoc creator/import/gnu/arm/4.9.3/bin/../lib/gcc/arm-none-eabi/4.9.3/armv6-m/crtn.o
 .bss           0x00000000        0x0 c:/program files/cypress/psoc creator/3.3/psoc creator/import/gnu/arm/4.9.3/bin/../lib/gcc/arm-none-eabi/4.9.3/armv6-m/crtn.o

Memory Configuration

Name             Origin             Length             Attributes
rom              0x00000000         0x00008000         xr
ram              0x20000000         0x00001000         xrw
*default*        0x00000000         0xffffffff

Linker script and memory map

LOAD c:/program files/cypress/psoc creator/3.3/psoc creator/import/gnu/arm/4.9.3/bin/../lib/gcc/arm-none-eabi/4.9.3/armv6-m/crti.o
LOAD c:/program files/cypress/psoc creator/3.3/psoc creator/import/gnu/arm/4.9.3/bin/../lib/gcc/arm-none-eabi/4.9.3/armv6-m/crtbegin.o
LOAD c:/program files/cypress/psoc creator/3.3/psoc creator/import/gnu/arm/4.9.3/bin/../lib/gcc/arm-none-eabi/4.9.3/../../../../arm-none-eabi/lib/armv6-m/crt0.o
START GROUP
LOAD .\CortexM0\ARM_GCC_493\Debug\main.o
LOAD .\CortexM0\ARM_GCC_493\Debug\ff.o
LOAD .\CortexM0\ARM_GCC_493\Debug\SPI_routines.o
LOAD .\CortexM0\ARM_GCC_493\Debug\cmd.o
LOAD .\CortexM0\ARM_GCC_493\Debug\sdmm.o
LOAD .\CortexM0\ARM_GCC_493\Debug\cymetadata.o
LOAD .\CortexM0\ARM_GCC_493\Debug\Cm0Start.o
LOAD .\CortexM0\ARM_GCC_493\Debug\mpi_rom_emu.a
LOAD C:\Program Files\Cypress\PSoC Creator\3.3\PSoC Creator\psoc\content\cycomponentlibrary\CyComponentLibrary.cylib\CortexM0\ARM_GCC_493\Debug\CyComponentLibrary.a
END GROUP
START GROUP
LOAD c:/program files/cypress/psoc creator/3.3/psoc creator/import/gnu/arm/4.9.3/bin/../lib/gcc/arm-none-eabi/4.9.3/armv6-m\libgcc.a
LOAD c:/program files/cypress/psoc creator/3.3/psoc creator/import/gnu/arm/4.9.3/bin/../lib/gcc/arm-none-eabi/4.9.3/../../../../arm-none-eabi/lib/armv6-m\libg_nano.a
LOAD c:/program files/cypress/psoc creator/3.3/psoc creator/import/gnu/arm/4.9.3/bin/../lib/gcc/arm-none-eabi/4.9.3/../../../../arm-none-eabi/lib/armv6-m\libc_nano.a
END GROUP
START GROUP
LOAD c:/program files/cypress/psoc creator/3.3/psoc creator/import/gnu/arm/4.9.3/bin/../lib/gcc/arm-none-eabi/4.9.3/armv6-m\libgcc.a
LOAD c:/program files/cypress/psoc creator/3.3/psoc creator/import/gnu/arm/4.9.3/bin/../lib/gcc/arm-none-eabi/4.9.3/../../../../arm-none-eabi/lib/armv6-m\libc_nano.a
END GROUP
LOAD c:/program files/cypress/psoc creator/3.3/psoc creator/import/gnu/arm/4.9.3/bin/../lib/gcc/arm-none-eabi/4.9.3/armv6-m/crtend.o
LOAD c:/program files/cypress/psoc creator/3.3/psoc creator/import/gnu/arm/4.9.3/bin/../lib/gcc/arm-none-eabi/4.9.3/armv6-m/crtn.o
START GROUP
LOAD c:/program files/cypress/psoc creator/3.3/psoc creator/import/gnu/arm/4.9.3/bin/../lib/gcc/arm-none-eabi/4.9.3/armv6-m\libgcc.a
LOAD c:/program files/cypress/psoc creator/3.3/psoc creator/import/gnu/arm/4.9.3/bin/../lib/gcc/arm-none-eabi/4.9.3/../../../../arm-none-eabi/lib/armv6-m\libc.a
LOAD c:/program files/cypress/psoc creator/3.3/psoc creator/import/gnu/arm/4.9.3/bin/../lib/gcc/arm-none-eabi/4.9.3/../../../../arm-none-eabi/lib/armv6-m\libnosys.a
END GROUP
                0x00000000                CY_APPL_ORIGIN = 0x0
                0x00000080                CY_FLASH_ROW_SIZE = 0x80
                0x00000001                CY_APPL_NUM = 0x1
                0x00000040                CY_METADATA_SIZE = 0x40
                0x20000870                PROVIDE (__cy_heap_start, _end)
                0x00000001                PROVIDE (__cy_region_num, ((__cy_regions_end - __cy_regions) / 0x10))
                0x20001000                PROVIDE (__cy_stack, (ORIGIN (ram) + 0x1000))
                0x20000a00                PROVIDE (__cy_heap_end, (__cy_stack - 0x600))

.cybootloader   0x00000000        0x0
 *(.cybootloader)
                0x00000000                appl1_start = CY_APPL_ORIGIN?CY_APPL_ORIGIN:ALIGN (CY_FLASH_ROW_SIZE)
                0x00003f80                appl2_start = (appl1_start + ALIGN ((((0x8000 - appl1_start) - (0x2 * CY_FLASH_ROW_SIZE)) / 0x2), CY_FLASH_ROW_SIZE))
                0x00000000                appl_start = (CY_APPL_NUM == 0x1)?appl1_start:appl2_start

.text           0x00000000     0x2ff8
 CREATE_OBJECT_SYMBOLS
                0x00000000                PROVIDE (__cy_interrupt_vector, RomVectors)
 *(.romvectors)
 .romvectors    0x00000000       0x10 .\CortexM0\ARM_GCC_493\Debug\Cm0Start.o
                0x00000000                RomVectors
                0x00000001                ASSERT ((. != __cy_interrupt_vector), No interrupt vector)
                0x00000001                ASSERT (CY_APPL_ORIGIN?(SIZEOF (.cybootloader) <= CY_APPL_ORIGIN):0x1, Wrong image location)
                0x00000010                PROVIDE (__cy_reset, Reset)
 *(.text.Reset)
 .text.Reset    0x00000010        0x8 .\CortexM0\ARM_GCC_493\Debug\Cm0Start.o
                0x00000010                Reset
                0x00000001                ASSERT ((. != __cy_reset), No reset code)
 *(.psocinit)
 .psocinit      0x00000018      0x1bc .\CortexM0\ARM_GCC_493\Debug\mpi_rom_emu.a(cyfitter_cfg.o)
                0x00000070                cyfitter_cfg
                0x000001d4                . = MAX (., 0x100)
 *(.text .text.* .gnu.linkonce.t.*)
 .text          0x000001d4       0x60 c:/program files/cypress/psoc creator/3.3/psoc creator/import/gnu/arm/4.9.3/bin/../lib/gcc/arm-none-eabi/4.9.3/armv6-m/crtbegin.o
 .text.cd_isr   0x00000234        0xc .\CortexM0\ARM_GCC_493\Debug\main.o
                0x00000234                cd_isr
 .text.map_image
                0x00000240       0x18 .\CortexM0\ARM_GCC_493\Debug\main.o
                0x00000240                map_image
 .text.find_filename
                0x00000258       0x7c .\CortexM0\ARM_GCC_493\Debug\main.o
                0x00000258                find_filename
 .text.main     0x000002d4      0x1a4 .\CortexM0\ARM_GCC_493\Debug\main.o
                0x000002d4                main
 .text.fatal_error
                0x00000478       0x2c .\CortexM0\ARM_GCC_493\Debug\main.o
                0x00000478                fatal_error
 .text.read_map
                0x000004a4       0x7c .\CortexM0\ARM_GCC_493\Debug\main.o
                0x000004a4                read_map
 .text.reinit_fs
                0x00000520       0x14 .\CortexM0\ARM_GCC_493\Debug\main.o
                0x00000520                reinit_fs
 .text.write_map
                0x00000534       0x78 .\CortexM0\ARM_GCC_493\Debug\main.o
                0x00000534                write_map
 .text.init_all
                0x000005ac       0x70 .\CortexM0\ARM_GCC_493\Debug\main.o
                0x000005ac                init_all
 .text.mem_cpy  0x0000061c       0x14 .\CortexM0\ARM_GCC_493\Debug\ff.o
 .text.mem_set  0x00000630       0x10 .\CortexM0\ARM_GCC_493\Debug\ff.o
 .text.mem_cmp  0x00000640       0x24 .\CortexM0\ARM_GCC_493\Debug\ff.o
 .text.chk_chr  0x00000664       0x14 .\CortexM0\ARM_GCC_493\Debug\ff.o
 .text.chk_lock
                0x00000678       0x8c .\CortexM0\ARM_GCC_493\Debug\ff.o
 .text.enq_lock
                0x00000704       0x28 .\CortexM0\ARM_GCC_493\Debug\ff.o
 .text.inc_lock
                0x0000072c       0xc8 .\CortexM0\ARM_GCC_493\Debug\ff.o
 .text.dec_lock
                0x000007f4       0x4c .\CortexM0\ARM_GCC_493\Debug\ff.o
 .text.clear_lock
                0x00000840       0x2c .\CortexM0\ARM_GCC_493\Debug\ff.o
 .text.create_name
                0x0000086c      0x12c .\CortexM0\ARM_GCC_493\Debug\ff.o
 .text.get_fileinfo
                0x00000998       0x7c .\CortexM0\ARM_GCC_493\Debug\ff.o
 .text.move_window
                0x00000a14       0x88 .\CortexM0\ARM_GCC_493\Debug\ff.o
 .text.check_fs
                0x00000a9c       0x98 .\CortexM0\ARM_GCC_493\Debug\ff.o
 .text.validate
                0x00000b34       0x30 .\CortexM0\ARM_GCC_493\Debug\ff.o
 .text.chk_mounted
                0x00000b64      0x3c4 .\CortexM0\ARM_GCC_493\Debug\ff.o
 .text.sync     0x00000f28       0xe4 .\CortexM0\ARM_GCC_493\Debug\ff.o
 .text.clust2sect
                0x0000100c       0x18 .\CortexM0\ARM_GCC_493\Debug\ff.o
                0x0000100c                clust2sect
 .text.get_fat  0x00001024       0xfc .\CortexM0\ARM_GCC_493\Debug\ff.o
                0x00001024                get_fat
 .text.dir_sdi  0x00001120       0x98 .\CortexM0\ARM_GCC_493\Debug\ff.o
 .text.put_fat  0x000011b8      0x110 .\CortexM0\ARM_GCC_493\Debug\ff.o
                0x000011b8                put_fat
 .text.create_chain
                0x000012c8       0xac .\CortexM0\ARM_GCC_493\Debug\ff.o
 .text.dir_next
                0x00001374      0x114 .\CortexM0\ARM_GCC_493\Debug\ff.o
 .text.dir_find
                0x00001488       0x48 .\CortexM0\ARM_GCC_493\Debug\ff.o
 .text.follow_path
                0x000014d0       0x84 .\CortexM0\ARM_GCC_493\Debug\ff.o
 .text.dir_register
                0x00001554       0x64 .\CortexM0\ARM_GCC_493\Debug\ff.o
 .text.dir_read
                0x000015b8       0x48 .\CortexM0\ARM_GCC_493\Debug\ff.o
 .text.remove_chain
                0x00001600       0x60 .\CortexM0\ARM_GCC_493\Debug\ff.o
 .text.f_mount  0x00001660       0x3c .\CortexM0\ARM_GCC_493\Debug\ff.o
                0x00001660                f_mount
 .text.f_open   0x0000169c      0x1a0 .\CortexM0\ARM_GCC_493\Debug\ff.o
                0x0000169c                f_open
 .text.f_read   0x0000183c      0x180 .\CortexM0\ARM_GCC_493\Debug\ff.o
                0x0000183c                f_read
 .text.f_write  0x000019bc      0x1f8 .\CortexM0\ARM_GCC_493\Debug\ff.o
                0x000019bc                f_write
 .text.f_sync   0x00001bb4       0x7c .\CortexM0\ARM_GCC_493\Debug\ff.o
                0x00001bb4                f_sync
 .text.f_close  0x00001c30       0x1c .\CortexM0\ARM_GCC_493\Debug\ff.o
                0x00001c30                f_close
 .text.f_lseek  0x00001c4c      0x16c .\CortexM0\ARM_GCC_493\Debug\ff.o
                0x00001c4c                f_lseek
 .text.f_opendir
                0x00001db8       0x6c .\CortexM0\ARM_GCC_493\Debug\ff.o
                0x00001db8                f_opendir
 .text.f_readdir
                0x00001e24       0x60 .\CortexM0\ARM_GCC_493\Debug\ff.o
                0x00001e24                f_readdir
 .text.f_truncate
                0x00001e84       0x9c .\CortexM0\ARM_GCC_493\Debug\ff.o
                0x00001e84                f_truncate
 .text.spi_init
                0x00001f20        0x8 .\CortexM0\ARM_GCC_493\Debug\SPI_routines.o
                0x00001f20                spi_init
 .text.SPI_transmit
                0x00001f28       0x20 .\CortexM0\ARM_GCC_493\Debug\SPI_routines.o
                0x00001f28                SPI_transmit
 .text.SPI_receive
                0x00001f48        0xc .\CortexM0\ARM_GCC_493\Debug\SPI_routines.o
                0x00001f48                SPI_receive
 .text.ls_files
                0x00001f54       0x80 .\CortexM0\ARM_GCC_493\Debug\cmd.o
                0x00001f54                ls_files
 .text.print_oct
                0x00001fd4       0x3c .\CortexM0\ARM_GCC_493\Debug\cmd.o
                0x00001fd4                print_oct
 .text.execute_cmd
                0x00002010      0x384 .\CortexM0\ARM_GCC_493\Debug\cmd.o
                0x00002010                execute_cmd
 .text.rcvr_mmc
                0x00002394       0x18 .\CortexM0\ARM_GCC_493\Debug\sdmm.o
 .text.wait_ready
                0x000023ac       0x34 .\CortexM0\ARM_GCC_493\Debug\sdmm.o
 .text.rcvr_datablock
                0x000023e0       0x4c .\CortexM0\ARM_GCC_493\Debug\sdmm.o
 .text.deselect
                0x0000242c       0x18 .\CortexM0\ARM_GCC_493\Debug\sdmm.o
 .text.select   0x00002444       0x2c .\CortexM0\ARM_GCC_493\Debug\sdmm.o
 .text.xmit_mmc
                0x00002470       0x18 .\CortexM0\ARM_GCC_493\Debug\sdmm.o
 .text.send_cmd
                0x00002488       0x94 .\CortexM0\ARM_GCC_493\Debug\sdmm.o
 .text.xmit_datablock
                0x0000251c       0x54 .\CortexM0\ARM_GCC_493\Debug\sdmm.o
 .text.disk_status
                0x00002570       0x14 .\CortexM0\ARM_GCC_493\Debug\sdmm.o
                0x00002570                disk_status
 .text.disk_initialize
                0x00002584      0x124 .\CortexM0\ARM_GCC_493\Debug\sdmm.o
                0x00002584                disk_initialize
 .text.disk_read
                0x000026a8       0x6c .\CortexM0\ARM_GCC_493\Debug\sdmm.o
                0x000026a8                disk_read
 .text.disk_write
                0x00002714       0x94 .\CortexM0\ARM_GCC_493\Debug\sdmm.o
                0x00002714                disk_write
 .text.disk_ioctl
                0x000027a8       0xd0 .\CortexM0\ARM_GCC_493\Debug\sdmm.o
                0x000027a8                disk_ioctl
 .text.get_fattime
                0x00002878        0x8 .\CortexM0\ARM_GCC_493\Debug\sdmm.o
                0x00002878                get_fattime
 .text.IntDefaultHandler
                0x00002880        0x4 .\CortexM0\ARM_GCC_493\Debug\Cm0Start.o
                0x00002880                IntDefaultHandler
 .text.Start_c  0x00002884       0x48 .\CortexM0\ARM_GCC_493\Debug\Cm0Start.o
                0x00002884                Start_c
 .text.initialize_psoc
                0x000028cc       0x48 .\CortexM0\ARM_GCC_493\Debug\Cm0Start.o
                0x000028cc                initialize_psoc
 .text.cfg_write_bytes32
                0x00002914       0x34 .\CortexM0\ARM_GCC_493\Debug\mpi_rom_emu.a(cyfitter_cfg.o)
 .text.CYMEMZERO
                0x00002948        0xc .\CortexM0\ARM_GCC_493\Debug\mpi_rom_emu.a(cyfitter_cfg.o)
 .text.AD_L_Write
                0x00002954        0xc .\CortexM0\ARM_GCC_493\Debug\mpi_rom_emu.a(AD_L.o)
                0x00002954                AD_L_Write
 .text.AD_L_SetDriveMode
                0x00002960       0x80 .\CortexM0\ARM_GCC_493\Debug\mpi_rom_emu.a(AD_L.o)
                0x00002960                AD_L_SetDriveMode
 .text.AD_L_Read
                0x000029e0        0xc .\CortexM0\ARM_GCC_493\Debug\mpi_rom_emu.a(AD_L.o)
                0x000029e0                AD_L_Read
 .text.AD_H_Write
                0x000029ec        0xc .\CortexM0\ARM_GCC_493\Debug\mpi_rom_emu.a(AD_H.o)
                0x000029ec                AD_H_Write
 .text.AD_H_SetDriveMode
                0x000029f8       0x80 .\CortexM0\ARM_GCC_493\Debug\mpi_rom_emu.a(AD_H.o)
                0x000029f8                AD_H_SetDriveMode
 .text.AD_H_Read
                0x00002a78        0xc .\CortexM0\ARM_GCC_493\Debug\mpi_rom_emu.a(AD_H.o)
                0x00002a78                AD_H_Read
 .text.SIP_Write
                0x00002a84       0x18 .\CortexM0\ARM_GCC_493\Debug\mpi_rom_emu.a(SIP.o)
                0x00002a84                SIP_Write
 .text.AH_reg_Read
                0x00002a9c        0xc .\CortexM0\ARM_GCC_493\Debug\mpi_rom_emu.a(AH_reg.o)
                0x00002a9c                AH_reg_Read
 .text.AL_reg_Read
                0x00002aa8        0xc .\CortexM0\ARM_GCC_493\Debug\mpi_rom_emu.a(AL_reg.o)
                0x00002aa8                AL_reg_Read
 *fill*         0x00002ab4        0x4 
 .text          0x00002ab8       0x28 .\CortexM0\ARM_GCC_493\Debug\mpi_rom_emu.a(CyBootAsmGnu.o)
                0x00002ab8                CyDelayCycles
                0x00002acc                CyEnterCriticalSection
                0x00002ad4                CyExitCriticalSection
 .text.CyHalt   0x00002ae0        0x4 .\CortexM0\ARM_GCC_493\Debug\mpi_rom_emu.a(CyLib.o)
                0x00002ae0                CyHalt
 .text.CyDelay  0x00002ae4       0x30 .\CortexM0\ARM_GCC_493\Debug\mpi_rom_emu.a(CyLib.o)
                0x00002ae4                CyDelay
 .text.CyDelayUs
                0x00002b14       0x14 .\CortexM0\ARM_GCC_493\Debug\mpi_rom_emu.a(CyLib.o)
                0x00002b14                CyDelayUs
 .text.CySysClkWriteImoFreq
                0x00002b28      0x164 .\CortexM0\ARM_GCC_493\Debug\mpi_rom_emu.a(CyLib.o)
                0x00002b28                CySysClkWriteImoFreq
 .text.STATE_Read
                0x00002c8c        0xc .\CortexM0\ARM_GCC_493\Debug\mpi_rom_emu.a(STATE.o)
                0x00002c8c                STATE_Read
 .text.IDX_Write
                0x00002c98       0x18 .\CortexM0\ARM_GCC_493\Debug\mpi_rom_emu.a(IDX.o)
                0x00002c98                IDX_Write
 .text.SPI_1_Init
                0x00002cb0        0x8 .\CortexM0\ARM_GCC_493\Debug\mpi_rom_emu.a(SPI_1.o)
                0x00002cb0                SPI_1_Init
 .text.SPI_1_Enable
                0x00002cb8       0x14 .\CortexM0\ARM_GCC_493\Debug\mpi_rom_emu.a(SPI_1.o)
                0x00002cb8                SPI_1_Enable
 .text.SPI_1_Start
                0x00002ccc       0x20 .\CortexM0\ARM_GCC_493\Debug\mpi_rom_emu.a(SPI_1.o)
                0x00002ccc                SPI_1_Start
 .text.SPI_1_SpiUartReadRxData
                0x00002cec        0xc .\CortexM0\ARM_GCC_493\Debug\mpi_rom_emu.a(SPI_1_SPI_UART.o)
                0x00002cec                SPI_1_SpiUartReadRxData
 .text.SPI_1_SpiUartGetRxBufferSize
                0x00002cf8       0x10 .\CortexM0\ARM_GCC_493\Debug\mpi_rom_emu.a(SPI_1_SPI_UART.o)
                0x00002cf8                SPI_1_SpiUartGetRxBufferSize
 .text.SPI_1_SpiUartWriteTxData
                0x00002d08       0x1c .\CortexM0\ARM_GCC_493\Debug\mpi_rom_emu.a(SPI_1_SPI_UART.o)
                0x00002d08                SPI_1_SpiUartWriteTxData
 .text.SPI_1_SpiUartGetTxBufferSize
                0x00002d24       0x10 .\CortexM0\ARM_GCC_493\Debug\mpi_rom_emu.a(SPI_1_SPI_UART.o)
                0x00002d24                SPI_1_SpiUartGetTxBufferSize
 .text.SPI_1_SpiSetActiveSlaveSelect
                0x00002d34       0x20 .\CortexM0\ARM_GCC_493\Debug\mpi_rom_emu.a(SPI_1_SPI.o)
                0x00002d34                SPI_1_SpiSetActiveSlaveSelect
 .text.SPI_1_SpiInit
                0x00002d54       0x80 .\CortexM0\ARM_GCC_493\Debug\mpi_rom_emu.a(SPI_1_SPI.o)
                0x00002d54                SPI_1_SpiInit
 .text.LED1_Write
                0x00002dd4       0x18 .\CortexM0\ARM_GCC_493\Debug\mpi_rom_emu.a(LED1.o)
                0x00002dd4                LED1_Write
 .text.SPI_CS_Write
                0x00002dec       0x18 .\CortexM0\ARM_GCC_493\Debug\mpi_rom_emu.a(SPI_CS.o)
                0x00002dec                SPI_CS_Write
 .text.BYTE_Read
                0x00002e04       0x10 .\CortexM0\ARM_GCC_493\Debug\mpi_rom_emu.a(BYTE.o)
                0x00002e04                BYTE_Read
 .text.isr_1_SetVector
                0x00002e14        0xc .\CortexM0\ARM_GCC_493\Debug\mpi_rom_emu.a(isr_1.o)
                0x00002e14                isr_1_SetVector
 .text.isr_1_SetPriority
                0x00002e20       0x24 .\CortexM0\ARM_GCC_493\Debug\mpi_rom_emu.a(isr_1.o)
                0x00002e20                isr_1_SetPriority
 .text.isr_1_Enable
                0x00002e44        0xc .\CortexM0\ARM_GCC_493\Debug\mpi_rom_emu.a(isr_1.o)
                0x00002e44                isr_1_Enable
 .text.isr_1_Disable
                0x00002e50        0xc .\CortexM0\ARM_GCC_493\Debug\mpi_rom_emu.a(isr_1.o)
                0x00002e50                isr_1_Disable
 .text.isr_1_StartEx
                0x00002e5c       0x1c .\CortexM0\ARM_GCC_493\Debug\mpi_rom_emu.a(isr_1.o)
                0x00002e5c                isr_1_StartEx
 .text          0x00002e78      0x120 c:/program files/cypress/psoc creator/3.3/psoc creator/import/gnu/arm/4.9.3/bin/../lib/gcc/arm-none-eabi/4.9.3/armv6-m\libgcc.a(_udivsi3.o)
                0x00002e78                __aeabi_uidiv
                0x00002e78                __udivsi3
                0x00002f84                __aeabi_uidivmod
 .text          0x00002f98        0x4 c:/program files/cypress/psoc creator/3.3/psoc creator/import/gnu/arm/4.9.3/bin/../lib/gcc/arm-none-eabi/4.9.3/armv6-m\libgcc.a(_dvmd_tls.o)
                0x00002f98                __aeabi_idiv0
                0x00002f98                __aeabi_ldiv0
 .text.__libc_init_array
                0x00002f9c       0x4c c:/program files/cypress/psoc creator/3.3/psoc creator/import/gnu/arm/4.9.3/bin/../lib/gcc/arm-none-eabi/4.9.3/../../../../arm-none-eabi/lib/armv6-m\libg_nano.a(lib_a-init.o)
                0x00002f9c                __libc_init_array
 .text.memset   0x00002fe8       0x10 c:/program files/cypress/psoc creator/3.3/psoc creator/import/gnu/arm/4.9.3/bin/../lib/gcc/arm-none-eabi/4.9.3/../../../../arm-none-eabi/lib/armv6-m\libg_nano.a(lib_a-memset.o)
                0x00002fe8                memset
 *(.plt)
 *(.gnu.warning)
 *(.glue_7t)
 .glue_7t       0x00000000        0x0 linker stubs
 *(.glue_7)
 .glue_7        0x00000000        0x0 linker stubs
 *(.vfp11_veneer)
 .vfp11_veneer  0x00000000        0x0 linker stubs
 *(.bootloader)
 *(.ARM.extab* .gnu.linkonce.armextab.*)
 *(.gcc_except_table)

.v4_bx          0x00002ff8        0x0
 .v4_bx         0x00000000        0x0 linker stubs

.iplt           0x00002ff8        0x0
 .iplt          0x00000000        0x0 c:/program files/cypress/psoc creator/3.3/psoc creator/import/gnu/arm/4.9.3/bin/../lib/gcc/arm-none-eabi/4.9.3/armv6-m/crtbegin.o

.eh_frame_hdr
 *(.eh_frame_hdr)

.eh_frame       0x00002ff8        0x4
 *(.eh_frame)
 .eh_frame      0x00002ff8        0x0 c:/program files/cypress/psoc creator/3.3/psoc creator/import/gnu/arm/4.9.3/bin/../lib/gcc/arm-none-eabi/4.9.3/armv6-m/crtbegin.o
 .eh_frame      0x00002ff8        0x4 c:/program files/cypress/psoc creator/3.3/psoc creator/import/gnu/arm/4.9.3/bin/../lib/gcc/arm-none-eabi/4.9.3/armv6-m/crtend.o
                0x00002ffc                PROVIDE (__exidx_start, .)

.ARM.exidx
 *(.ARM.exidx* .gnu.linkonce.armexidx.*)
                0x00002ffc                __exidx_end = .

.rodata         0x00002ffc      0xeac
 *(.rodata .rodata.* .gnu.linkonce.r.*)
 .rodata        0x00002ffc      0xafc .\CortexM0\ARM_GCC_493\Debug\main.o
                0x00002ffc                boot_rom
 .rodata.str1.4
                0x00003af8       0x3d .\CortexM0\ARM_GCC_493\Debug\main.o
                                 0x40 (size before relaxing)
 *fill*         0x00003b35        0x3 
 .rodata        0x00003b38       0x80 .\CortexM0\ARM_GCC_493\Debug\ff.o
 .rodata.str1.4
                0x00003bb8        0xf .\CortexM0\ARM_GCC_493\Debug\ff.o
                                 0x10 (size before relaxing)
 *fill*         0x00003bc7        0x1 
 .rodata.str1.4
                0x00003bc8       0x14 .\CortexM0\ARM_GCC_493\Debug\cmd.o
                                 0x20 (size before relaxing)
 .rodata        0x00003bdc      0x268 .\CortexM0\ARM_GCC_493\Debug\mpi_rom_emu.a(cyfitter_cfg.o)
 .rodata        0x00003e44       0x30 .\CortexM0\ARM_GCC_493\Debug\mpi_rom_emu.a(CyLib.o)
                0x00003e44                cyImoFreqMhz2Reg
                0x00003e74                . = ALIGN (0x4)
 *(.init)
 .init          0x00003e74        0x4 c:/program files/cypress/psoc creator/3.3/psoc creator/import/gnu/arm/4.9.3/bin/../lib/gcc/arm-none-eabi/4.9.3/armv6-m/crti.o
                0x00003e74                _init
 .init          0x00003e78        0x8 c:/program files/cypress/psoc creator/3.3/psoc creator/import/gnu/arm/4.9.3/bin/../lib/gcc/arm-none-eabi/4.9.3/armv6-m/crtn.o
                0x00003e80                . = ALIGN (0x4)
                0x00003e80                __preinit_array_start = .
 *(.preinit_array)
                0x00003e80                __preinit_array_end = .
                0x00003e80                . = ALIGN (0x4)
                0x00003e80                __init_array_start = .
 *(SORT(.init_array.*))
 *(.init_array)
 .init_array    0x00003e80        0x4 c:/program files/cypress/psoc creator/3.3/psoc creator/import/gnu/arm/4.9.3/bin/../lib/gcc/arm-none-eabi/4.9.3/armv6-m/crtbegin.o
 .init_array    0x00003e84        0x4 .\CortexM0\ARM_GCC_493\Debug\Cm0Start.o
                0x00003e88                __init_array_end = .
                0x00003e88                . = ALIGN (0x4)
 *(.fini)
 .fini          0x00003e88        0x4 c:/program files/cypress/psoc creator/3.3/psoc creator/import/gnu/arm/4.9.3/bin/../lib/gcc/arm-none-eabi/4.9.3/armv6-m/crti.o
                0x00003e88                _fini
 .fini          0x00003e8c        0x8 c:/program files/cypress/psoc creator/3.3/psoc creator/import/gnu/arm/4.9.3/bin/../lib/gcc/arm-none-eabi/4.9.3/armv6-m/crtn.o
                0x00003e94                . = ALIGN (0x4)
                0x00003e94                __fini_array_start = .
 *(.fini_array)
 .fini_array    0x00003e94        0x4 c:/program files/cypress/psoc creator/3.3/psoc creator/import/gnu/arm/4.9.3/bin/../lib/gcc/arm-none-eabi/4.9.3/armv6-m/crtbegin.o
 *(SORT(.fini_array.*))
                0x00003e98                __fini_array_end = .
                0x00003e98                . = ALIGN (0x4)
 *crtbegin.o(.ctors)
 *(EXCLUDE_FILE(*crtend.o) .ctors)
 *(SORT(.ctors.*))
 *crtend.o(.ctors)
                0x00003e98                . = ALIGN (0x4)
 *crtbegin.o(.dtors)
 *(EXCLUDE_FILE(*crtend.o) .dtors)
 *(SORT(.dtors.*))
 *crtend.o(.dtors)
                0x00003e98                . = ALIGN (0x4)
                0x00003e98                __cy_regions = .
                0x00003e98        0x4 LONG 0x3ea8 __cy_region_init_ram
                0x00003e9c        0x4 LONG 0x200000c8 __cy_region_start_data
                0x00003ea0        0x4 LONG 0x18 __cy_region_init_size_ram
                0x00003ea4        0x4 LONG 0x790 __cy_region_zero_size_ram
                0x00003ea8                __cy_regions_end = .
                0x00003ea8                . = ALIGN (0x8)
                0x00003ea8                _etext = .

.ramvectors     0x20000000       0xc0
                0x20000000                __cy_region_start_ram = .
 *(.ramvectors)
 .ramvectors    0x20000000       0xc0 .\CortexM0\ARM_GCC_493\Debug\Cm0Start.o
                0x20000000                CyRamVectors

.noinit         0x200000c0        0x4
 *(.noinit)
 .noinit        0x200000c0        0x4 .\CortexM0\ARM_GCC_493\Debug\Cm0Start.o

.data           0x200000c8       0x18 load address 0x00003ea8
                0x200000c8                __cy_region_start_data = .
 *(.jcr)
 .jcr           0x200000c8        0x0 c:/program files/cypress/psoc creator/3.3/psoc creator/import/gnu/arm/4.9.3/bin/../lib/gcc/arm-none-eabi/4.9.3/armv6-m/crtbegin.o
 .jcr           0x200000c8        0x4 c:/program files/cypress/psoc creator/3.3/psoc creator/import/gnu/arm/4.9.3/bin/../lib/gcc/arm-none-eabi/4.9.3/armv6-m/crtend.o
 *(.got.plt)
 *(.got)
 *(.shdata)
 *(.data .data.* .gnu.linkonce.d.*)
 .data          0x200000cc        0x2 .\CortexM0\ARM_GCC_493\Debug\cmd.o
                0x200000cc                sector_size
 .data          0x200000ce        0x1 .\CortexM0\ARM_GCC_493\Debug\sdmm.o
 *fill*         0x200000cf        0x1 
 .data          0x200000d0       0x10 .\CortexM0\ARM_GCC_493\Debug\mpi_rom_emu.a(CyLib.o)
                0x200000d0                cydelay32kMs
                0x200000d4                cydelayFreqKhz
                0x200000d8                cydelayFreqMhz
                0x200000dc                cydelayFreqHz
                0x200000e0                . = ALIGN (0x8)
 *(.ram)
                0x200000e0                _edata = .

.igot.plt       0x200000e0        0x0 load address 0x00003ec0
 .igot.plt      0x00000000        0x0 c:/program files/cypress/psoc creator/3.3/psoc creator/import/gnu/arm/4.9.3/bin/../lib/gcc/arm-none-eabi/4.9.3/armv6-m/crtbegin.o

.bss            0x200000e0      0x790 load address 0x00003ec0
                0x200000e0                PROVIDE (__bss_start__, .)
 *(.shbss)
 *(.bss .bss.* .gnu.linkonce.b.*)
 .bss           0x200000e0       0x1c c:/program files/cypress/psoc creator/3.3/psoc creator/import/gnu/arm/4.9.3/bin/../lib/gcc/arm-none-eabi/4.9.3/armv6-m/crtbegin.o
 .bss           0x200000fc        0x1 .\CortexM0\ARM_GCC_493\Debug\main.o
                0x200000fc                cd_flag
 *fill*         0x200000fd        0x3 
 .bss           0x20000100       0x2c .\CortexM0\ARM_GCC_493\Debug\ff.o
 .bss           0x2000012c        0x4 .\CortexM0\ARM_GCC_493\Debug\cmd.o
 .bss           0x20000130        0x1 .\CortexM0\ARM_GCC_493\Debug\sdmm.o
 *fill*         0x20000131        0x3 
 .bss           0x20000134        0x8 .\CortexM0\ARM_GCC_493\Debug\mpi_rom_emu.a(SPI_1.o)
                0x20000134                SPI_1_initVar
                0x20000138                SPI_1_customIntrHandler
 *(COMMON)
 COMMON         0x2000013c      0x700 .\CortexM0\ARM_GCC_493\Debug\main.o
                0x2000013c                Fatfs
                0x2000036c                map_file
                0x20000394                file_names
                0x20000414                buf
                0x20000814                log_file
 COMMON         0x2000083c       0x32 .\CortexM0\ARM_GCC_493\Debug\cmd.o
                0x2000083c                disk
                0x20000864                oct_buf
                0x20000870                . = ALIGN (0x8)
 *fill*         0x2000086e        0x2 
 *(.ram.b)
                0x20000870                _end = .
                0x20000870                __end = .
                0x20000870                PROVIDE (end, .)
                0x20000870                PROVIDE (__bss_end__, .)
                0x00003ea8                __cy_region_init_ram = LOADADDR (.data)
                0x00000018                __cy_region_init_size_ram = (_edata - ADDR (.data))
                0x00000790                __cy_region_zero_size_ram = (_end - _edata)

.heap           0x20000870        0x0 load address 0x00003ec0
                0x20000870                . = _end
                0x20000870                . = (. + 0x0)
                0x20000870                __cy_heap_limit = .

.stack          0x20000a00      0x600
                0x20000a00                __cy_stack_limit = .
                0x20001000                . = (. + 0x600)
 *fill*         0x20000a00      0x600 
                0x00000001                ASSERT ((__cy_stack_limit >= __cy_heap_limit), region RAM overflowed with stack)

.cyloadermeta
 *(.cyloadermeta)

.cyloadablemeta
 *(.cyloadablemeta)

.cyflashprotect
                0x90400000       0x20
 *(.cyflashprotect)
 .cyflashprotect
                0x90400000       0x20 .\CortexM0\ARM_GCC_493\Debug\cymetadata.o
                0x90400000                cy_meta_flashprotect

.cymeta         0x90500000        0xc
 *(.cymeta)
 .cymeta        0x90500000        0xc .\CortexM0\ARM_GCC_493\Debug\cymetadata.o
                0x90500000                cy_metadata

.cychipprotect  0x90600000        0x4
 *(.cychipprotect)
 .cychipprotect
                0x90600000        0x4 .\CortexM0\ARM_GCC_493\Debug\cymetadata.o
                0x90600000                cy_meta_chipprotect

.rel.dyn        0x00003ec0        0x0 load address 0x90600004
 .rel.iplt      0x00000000        0x0 c:/program files/cypress/psoc creator/3.3/psoc creator/import/gnu/arm/4.9.3/bin/../lib/gcc/arm-none-eabi/4.9.3/armv6-m/crtbegin.o

.stab
 *(.stab)

.stabstr
 *(.stabstr)

.debug
 *(.debug)

.line
 *(.line)

.debug_srcinfo
 *(.debug_srcinfo)

.debug_sfnames
 *(.debug_sfnames)

.debug_aranges  0x00000000      0x998
 *(.debug_aranges)
 .debug_aranges
                0x00000000       0x60 .\CortexM0\ARM_GCC_493\Debug\main.o
 .debug_aranges
                0x00000060      0x180 .\CortexM0\ARM_GCC_493\Debug\ff.o
 .debug_aranges
                0x000001e0       0x30 .\CortexM0\ARM_GCC_493\Debug\SPI_routines.o
 .debug_aranges
                0x00000210       0x30 .\CortexM0\ARM_GCC_493\Debug\cmd.o
 .debug_aranges
                0x00000240       0x90 .\CortexM0\ARM_GCC_493\Debug\sdmm.o
 .debug_aranges
                0x000002d0       0x18 .\CortexM0\ARM_GCC_493\Debug\cymetadata.o
 .debug_aranges
                0x000002e8       0x48 .\CortexM0\ARM_GCC_493\Debug\Cm0Start.o
 .debug_aranges
                0x00000330       0x38 .\CortexM0\ARM_GCC_493\Debug\mpi_rom_emu.a(cyfitter_cfg.o)
 .debug_aranges
                0x00000368       0x40 .\CortexM0\ARM_GCC_493\Debug\mpi_rom_emu.a(AD_L.o)
 .debug_aranges
                0x000003a8       0x40 .\CortexM0\ARM_GCC_493\Debug\mpi_rom_emu.a(AD_H.o)
 .debug_aranges
                0x000003e8       0x40 .\CortexM0\ARM_GCC_493\Debug\mpi_rom_emu.a(SIP.o)
 .debug_aranges
                0x00000428       0x40 .\CortexM0\ARM_GCC_493\Debug\mpi_rom_emu.a(AH_reg.o)
 .debug_aranges
                0x00000468       0x40 .\CortexM0\ARM_GCC_493\Debug\mpi_rom_emu.a(AL_reg.o)
 .debug_aranges
                0x000004a8       0x20 .\CortexM0\ARM_GCC_493\Debug\mpi_rom_emu.a(CyBootAsmGnu.o)
 .debug_aranges
                0x000004c8      0x230 .\CortexM0\ARM_GCC_493\Debug\mpi_rom_emu.a(CyLib.o)
 .debug_aranges
                0x000006f8       0x40 .\CortexM0\ARM_GCC_493\Debug\mpi_rom_emu.a(STATE.o)
 .debug_aranges
                0x00000738       0x40 .\CortexM0\ARM_GCC_493\Debug\mpi_rom_emu.a(IDX.o)
 .debug_aranges
                0x00000778       0x58 .\CortexM0\ARM_GCC_493\Debug\mpi_rom_emu.a(SPI_1.o)
 .debug_aranges
                0x000007d0       0x60 .\CortexM0\ARM_GCC_493\Debug\mpi_rom_emu.a(SPI_1_SPI_UART.o)
 .debug_aranges
                0x00000830       0x28 .\CortexM0\ARM_GCC_493\Debug\mpi_rom_emu.a(SPI_1_SPI.o)
 .debug_aranges
                0x00000858       0x40 .\CortexM0\ARM_GCC_493\Debug\mpi_rom_emu.a(LED1.o)
 .debug_aranges
                0x00000898       0x40 .\CortexM0\ARM_GCC_493\Debug\mpi_rom_emu.a(SPI_CS.o)
 .debug_aranges
                0x000008d8       0x40 .\CortexM0\ARM_GCC_493\Debug\mpi_rom_emu.a(BYTE.o)
 .debug_aranges
                0x00000918       0x80 .\CortexM0\ARM_GCC_493\Debug\mpi_rom_emu.a(isr_1.o)

.debug_pubnames
 *(.debug_pubnames)

.debug_info     0x00000000     0x76c0
 *(.debug_info .gnu.linkonce.wi.*)
 .debug_info    0x00000000      0xcbc .\CortexM0\ARM_GCC_493\Debug\main.o
 .debug_info    0x00000cbc     0x2590 .\CortexM0\ARM_GCC_493\Debug\ff.o
 .debug_info    0x0000324c      0x166 .\CortexM0\ARM_GCC_493\Debug\SPI_routines.o
 .debug_info    0x000033b2      0x9b4 .\CortexM0\ARM_GCC_493\Debug\cmd.o
 .debug_info    0x00003d66      0xa85 .\CortexM0\ARM_GCC_493\Debug\sdmm.o
 .debug_info    0x000047eb       0xfd .\CortexM0\ARM_GCC_493\Debug\cymetadata.o
 .debug_info    0x000048e8      0x364 .\CortexM0\ARM_GCC_493\Debug\Cm0Start.o
 .debug_info    0x00004c4c      0x357 .\CortexM0\ARM_GCC_493\Debug\mpi_rom_emu.a(cyfitter_cfg.o)
 .debug_info    0x00004fa3      0x14a .\CortexM0\ARM_GCC_493\Debug\mpi_rom_emu.a(AD_L.o)
 .debug_info    0x000050ed      0x14a .\CortexM0\ARM_GCC_493\Debug\mpi_rom_emu.a(AD_H.o)
 .debug_info    0x00005237      0x150 .\CortexM0\ARM_GCC_493\Debug\mpi_rom_emu.a(SIP.o)
 .debug_info    0x00005387      0x177 .\CortexM0\ARM_GCC_493\Debug\mpi_rom_emu.a(AH_reg.o)
 .debug_info    0x000054fe      0x177 .\CortexM0\ARM_GCC_493\Debug\mpi_rom_emu.a(AL_reg.o)
 .debug_info    0x00005675       0x85 .\CortexM0\ARM_GCC_493\Debug\mpi_rom_emu.a(CyBootAsmGnu.o)
 .debug_info    0x000056fa     0x110b .\CortexM0\ARM_GCC_493\Debug\mpi_rom_emu.a(CyLib.o)
 .debug_info    0x00006805      0x179 .\CortexM0\ARM_GCC_493\Debug\mpi_rom_emu.a(STATE.o)
 .debug_info    0x0000697e      0x150 .\CortexM0\ARM_GCC_493\Debug\mpi_rom_emu.a(IDX.o)
 .debug_info    0x00006ace      0x1f6 .\CortexM0\ARM_GCC_493\Debug\mpi_rom_emu.a(SPI_1.o)
 .debug_info    0x00006cc4      0x215 .\CortexM0\ARM_GCC_493\Debug\mpi_rom_emu.a(SPI_1_SPI_UART.o)
 .debug_info    0x00006ed9       0xf9 .\CortexM0\ARM_GCC_493\Debug\mpi_rom_emu.a(SPI_1_SPI.o)
 .debug_info    0x00006fd2      0x150 .\CortexM0\ARM_GCC_493\Debug\mpi_rom_emu.a(LED1.o)
 .debug_info    0x00007122      0x150 .\CortexM0\ARM_GCC_493\Debug\mpi_rom_emu.a(SPI_CS.o)
 .debug_info    0x00007272      0x150 .\CortexM0\ARM_GCC_493\Debug\mpi_rom_emu.a(BYTE.o)
 .debug_info    0x000073c2      0x2fe .\CortexM0\ARM_GCC_493\Debug\mpi_rom_emu.a(isr_1.o)

.debug_abbrev   0x00000000     0x1c39
 *(.debug_abbrev)
 .debug_abbrev  0x00000000      0x209 .\CortexM0\ARM_GCC_493\Debug\main.o
 .debug_abbrev  0x00000209      0x235 .\CortexM0\ARM_GCC_493\Debug\ff.o
 .debug_abbrev  0x0000043e       0xdc .\CortexM0\ARM_GCC_493\Debug\SPI_routines.o
 .debug_abbrev  0x0000051a      0x1fb .\CortexM0\ARM_GCC_493\Debug\cmd.o
 .debug_abbrev  0x00000715      0x201 .\CortexM0\ARM_GCC_493\Debug\sdmm.o
 .debug_abbrev  0x00000916       0x5d .\CortexM0\ARM_GCC_493\Debug\cymetadata.o
 .debug_abbrev  0x00000973      0x1da .\CortexM0\ARM_GCC_493\Debug\Cm0Start.o
 .debug_abbrev  0x00000b4d      0x1a2 .\CortexM0\ARM_GCC_493\Debug\mpi_rom_emu.a(cyfitter_cfg.o)
 .debug_abbrev  0x00000cef       0xc6 .\CortexM0\ARM_GCC_493\Debug\mpi_rom_emu.a(AD_L.o)
 .debug_abbrev  0x00000db5       0xc6 .\CortexM0\ARM_GCC_493\Debug\mpi_rom_emu.a(AD_H.o)
 .debug_abbrev  0x00000e7b       0xb7 .\CortexM0\ARM_GCC_493\Debug\mpi_rom_emu.a(SIP.o)
 .debug_abbrev  0x00000f32       0xd3 .\CortexM0\ARM_GCC_493\Debug\mpi_rom_emu.a(AH_reg.o)
 .debug_abbrev  0x00001005       0xd3 .\CortexM0\ARM_GCC_493\Debug\mpi_rom_emu.a(AL_reg.o)
 .debug_abbrev  0x000010d8       0x14 .\CortexM0\ARM_GCC_493\Debug\mpi_rom_emu.a(CyBootAsmGnu.o)
 .debug_abbrev  0x000010ec      0x27e .\CortexM0\ARM_GCC_493\Debug\mpi_rom_emu.a(CyLib.o)
 .debug_abbrev  0x0000136a       0xd3 .\CortexM0\ARM_GCC_493\Debug\mpi_rom_emu.a(STATE.o)
 .debug_abbrev  0x0000143d       0xb7 .\CortexM0\ARM_GCC_493\Debug\mpi_rom_emu.a(IDX.o)
 .debug_abbrev  0x000014f4      0x137 .\CortexM0\ARM_GCC_493\Debug\mpi_rom_emu.a(SPI_1.o)
 .debug_abbrev  0x0000162b      0x176 .\CortexM0\ARM_GCC_493\Debug\mpi_rom_emu.a(SPI_1_SPI_UART.o)
 .debug_abbrev  0x000017a1       0xb2 .\CortexM0\ARM_GCC_493\Debug\mpi_rom_emu.a(SPI_1_SPI.o)
 .debug_abbrev  0x00001853       0xb7 .\CortexM0\ARM_GCC_493\Debug\mpi_rom_emu.a(LED1.o)
 .debug_abbrev  0x0000190a       0xb7 .\CortexM0\ARM_GCC_493\Debug\mpi_rom_emu.a(SPI_CS.o)
 .debug_abbrev  0x000019c1       0xb7 .\CortexM0\ARM_GCC_493\Debug\mpi_rom_emu.a(BYTE.o)
 .debug_abbrev  0x00001a78      0x1c1 .\CortexM0\ARM_GCC_493\Debug\mpi_rom_emu.a(isr_1.o)

.debug_line     0x00000000     0x2d5e
 *(.debug_line)
 .debug_line    0x00000000      0x378 .\CortexM0\ARM_GCC_493\Debug\main.o
 .debug_line    0x00000378      0xc01 .\CortexM0\ARM_GCC_493\Debug\ff.o
 .debug_line    0x00000f79       0xb5 .\CortexM0\ARM_GCC_493\Debug\SPI_routines.o
 .debug_line    0x0000102e      0x331 .\CortexM0\ARM_GCC_493\Debug\cmd.o
 .debug_line    0x0000135f      0x3f9 .\CortexM0\ARM_GCC_493\Debug\sdmm.o
 .debug_line    0x00001758       0x53 .\CortexM0\ARM_GCC_493\Debug\cymetadata.o
 .debug_line    0x000017ab      0x22e .\CortexM0\ARM_GCC_493\Debug\Cm0Start.o
 .debug_line    0x000019d9      0x165 .\CortexM0\ARM_GCC_493\Debug\mpi_rom_emu.a(cyfitter_cfg.o)
 .debug_line    0x00001b3e       0xaf .\CortexM0\ARM_GCC_493\Debug\mpi_rom_emu.a(AD_L.o)
 .debug_line    0x00001bed       0xaf .\CortexM0\ARM_GCC_493\Debug\mpi_rom_emu.a(AD_H.o)
 .debug_line    0x00001c9c       0xa9 .\CortexM0\ARM_GCC_493\Debug\mpi_rom_emu.a(SIP.o)
 .debug_line    0x00001d45       0xb6 .\CortexM0\ARM_GCC_493\Debug\mpi_rom_emu.a(AH_reg.o)
 .debug_line    0x00001dfb       0xb6 .\CortexM0\ARM_GCC_493\Debug\mpi_rom_emu.a(AL_reg.o)
 .debug_line    0x00001eb1       0x69 .\CortexM0\ARM_GCC_493\Debug\mpi_rom_emu.a(CyBootAsmGnu.o)
 .debug_line    0x00001f1a      0x67e .\CortexM0\ARM_GCC_493\Debug\mpi_rom_emu.a(CyLib.o)
 .debug_line    0x00002598       0xb6 .\CortexM0\ARM_GCC_493\Debug\mpi_rom_emu.a(STATE.o)
 .debug_line    0x0000264e       0xa9 .\CortexM0\ARM_GCC_493\Debug\mpi_rom_emu.a(IDX.o)
 .debug_line    0x000026f7      0x129 .\CortexM0\ARM_GCC_493\Debug\mpi_rom_emu.a(SPI_1.o)
 .debug_line    0x00002820      0x134 .\CortexM0\ARM_GCC_493\Debug\mpi_rom_emu.a(SPI_1_SPI_UART.o)
 .debug_line    0x00002954       0xa0 .\CortexM0\ARM_GCC_493\Debug\mpi_rom_emu.a(SPI_1_SPI.o)
 .debug_line    0x000029f4       0xaa .\CortexM0\ARM_GCC_493\Debug\mpi_rom_emu.a(LED1.o)
 .debug_line    0x00002a9e       0xac .\CortexM0\ARM_GCC_493\Debug\mpi_rom_emu.a(SPI_CS.o)
 .debug_line    0x00002b4a       0xaa .\CortexM0\ARM_GCC_493\Debug\mpi_rom_emu.a(BYTE.o)
 .debug_line    0x00002bf4      0x16a .\CortexM0\ARM_GCC_493\Debug\mpi_rom_emu.a(isr_1.o)

.debug_frame    0x00000000     0x1850
 *(.debug_frame)
 .debug_frame   0x00000000      0x104 .\CortexM0\ARM_GCC_493\Debug\main.o
 .debug_frame   0x00000104      0x5f8 .\CortexM0\ARM_GCC_493\Debug\ff.o
 .debug_frame   0x000006fc       0x64 .\CortexM0\ARM_GCC_493\Debug\SPI_routines.o
 .debug_frame   0x00000760       0x84 .\CortexM0\ARM_GCC_493\Debug\cmd.o
 .debug_frame   0x000007e4      0x1d8 .\CortexM0\ARM_GCC_493\Debug\sdmm.o
 .debug_frame   0x000009bc       0xa4 .\CortexM0\ARM_GCC_493\Debug\Cm0Start.o
 .debug_frame   0x00000a60       0x8c .\CortexM0\ARM_GCC_493\Debug\mpi_rom_emu.a(cyfitter_cfg.o)
 .debug_frame   0x00000aec       0x60 .\CortexM0\ARM_GCC_493\Debug\mpi_rom_emu.a(AD_L.o)
 .debug_frame   0x00000b4c       0x60 .\CortexM0\ARM_GCC_493\Debug\mpi_rom_emu.a(AD_H.o)
 .debug_frame   0x00000bac       0x60 .\CortexM0\ARM_GCC_493\Debug\mpi_rom_emu.a(SIP.o)
 .debug_frame   0x00000c0c       0x78 .\CortexM0\ARM_GCC_493\Debug\mpi_rom_emu.a(AH_reg.o)
 .debug_frame   0x00000c84       0x78 .\CortexM0\ARM_GCC_493\Debug\mpi_rom_emu.a(AL_reg.o)
 .debug_frame   0x00000cfc      0x604 .\CortexM0\ARM_GCC_493\Debug\mpi_rom_emu.a(CyLib.o)
 .debug_frame   0x00001300       0x78 .\CortexM0\ARM_GCC_493\Debug\mpi_rom_emu.a(STATE.o)
 .debug_frame   0x00001378       0x60 .\CortexM0\ARM_GCC_493\Debug\mpi_rom_emu.a(IDX.o)
 .debug_frame   0x000013d8       0xa8 .\CortexM0\ARM_GCC_493\Debug\mpi_rom_emu.a(SPI_1.o)
 .debug_frame   0x00001480       0xb0 .\CortexM0\ARM_GCC_493\Debug\mpi_rom_emu.a(SPI_1_SPI_UART.o)
 .debug_frame   0x00001530       0x3c .\CortexM0\ARM_GCC_493\Debug\mpi_rom_emu.a(SPI_1_SPI.o)
 .debug_frame   0x0000156c       0x60 .\CortexM0\ARM_GCC_493\Debug\mpi_rom_emu.a(LED1.o)
 .debug_frame   0x000015cc       0x60 .\CortexM0\ARM_GCC_493\Debug\mpi_rom_emu.a(SPI_CS.o)
 .debug_frame   0x0000162c       0x60 .\CortexM0\ARM_GCC_493\Debug\mpi_rom_emu.a(BYTE.o)
 .debug_frame   0x0000168c      0x110 .\CortexM0\ARM_GCC_493\Debug\mpi_rom_emu.a(isr_1.o)
 .debug_frame   0x0000179c       0x20 c:/program files/cypress/psoc creator/3.3/psoc creator/import/gnu/arm/4.9.3/bin/../lib/gcc/arm-none-eabi/4.9.3/armv6-m\libgcc.a(_udivsi3.o)
 .debug_frame   0x000017bc       0x20 c:/program files/cypress/psoc creator/3.3/psoc creator/import/gnu/arm/4.9.3/bin/../lib/gcc/arm-none-eabi/4.9.3/../../../../arm-none-eabi/lib/armv6-m\libg_nano.a(lib_a-errno.o)
 .debug_frame   0x000017dc       0x28 c:/program files/cypress/psoc creator/3.3/psoc creator/import/gnu/arm/4.9.3/bin/../lib/gcc/arm-none-eabi/4.9.3/../../../../arm-none-eabi/lib/armv6-m\libg_nano.a(lib_a-exit.o)
 .debug_frame   0x00001804       0x2c c:/program files/cypress/psoc creator/3.3/psoc creator/import/gnu/arm/4.9.3/bin/../lib/gcc/arm-none-eabi/4.9.3/../../../../arm-none-eabi/lib/armv6-m\libg_nano.a(lib_a-init.o)
 .debug_frame   0x00001830       0x20 c:/program files/cypress/psoc creator/3.3/psoc creator/import/gnu/arm/4.9.3/bin/../lib/gcc/arm-none-eabi/4.9.3/../../../../arm-none-eabi/lib/armv6-m\libg_nano.a(lib_a-memset.o)

.debug_str      0x00000000     0x1a07
 *(.debug_str)
 .debug_str     0x00000000      0x4f3 .\CortexM0\ARM_GCC_493\Debug\main.o
                                0x560 (size before relaxing)
 .debug_str     0x000004f3      0x2d0 .\CortexM0\ARM_GCC_493\Debug\ff.o
                                0x6c8 (size before relaxing)
 .debug_str     0x000007c3       0xad .\CortexM0\ARM_GCC_493\Debug\SPI_routines.o
                                0x21b (size before relaxing)
 .debug_str     0x00000870       0x8f .\CortexM0\ARM_GCC_493\Debug\cmd.o
                                0x4e6 (size before relaxing)
 .debug_str     0x000008ff       0x8f .\CortexM0\ARM_GCC_493\Debug\sdmm.o
                                0x315 (size before relaxing)
 .debug_str     0x0000098e       0x5b .\CortexM0\ARM_GCC_493\Debug\cymetadata.o
                                0x1c3 (size before relaxing)
 .debug_str     0x000009e9      0x13d .\CortexM0\ARM_GCC_493\Debug\Cm0Start.o
                                0x2dd (size before relaxing)
 .debug_str     0x00000b26       0xcd .\CortexM0\ARM_GCC_493\Debug\mpi_rom_emu.a(cyfitter_cfg.o)
                                0x293 (size before relaxing)
 .debug_str     0x00000bf3       0x58 .\CortexM0\ARM_GCC_493\Debug\mpi_rom_emu.a(AD_L.o)
                                0x1f6 (size before relaxing)
 .debug_str     0x00000c4b       0x45 .\CortexM0\ARM_GCC_493\Debug\mpi_rom_emu.a(AD_H.o)
                                0x1f6 (size before relaxing)
 .debug_str     0x00000c90       0x5c .\CortexM0\ARM_GCC_493\Debug\mpi_rom_emu.a(SIP.o)
                                0x1f0 (size before relaxing)
 .debug_str     0x00000cec       0xae .\CortexM0\ARM_GCC_493\Debug\mpi_rom_emu.a(AH_reg.o)
                                0x22c (size before relaxing)
 .debug_str     0x00000d9a       0x72 .\CortexM0\ARM_GCC_493\Debug\mpi_rom_emu.a(AL_reg.o)
                                0x22c (size before relaxing)
 .debug_str     0x00000e0c      0x6ee .\CortexM0\ARM_GCC_493\Debug\mpi_rom_emu.a(CyLib.o)
                                0x905 (size before relaxing)
 .debug_str     0x000014fa       0x6d .\CortexM0\ARM_GCC_493\Debug\mpi_rom_emu.a(STATE.o)
                                0x226 (size before relaxing)
 .debug_str     0x00001567       0x5c .\CortexM0\ARM_GCC_493\Debug\mpi_rom_emu.a(IDX.o)
                                0x1f0 (size before relaxing)
 .debug_str     0x000015c3      0x100 .\CortexM0\ARM_GCC_493\Debug\mpi_rom_emu.a(SPI_1.o)
                                0x28e (size before relaxing)
 .debug_str     0x000016c3       0xd6 .\CortexM0\ARM_GCC_493\Debug\mpi_rom_emu.a(SPI_1_SPI_UART.o)
                                0x2c1 (size before relaxing)
 .debug_str     0x00001799       0x57 .\CortexM0\ARM_GCC_493\Debug\mpi_rom_emu.a(SPI_1_SPI.o)
                                0x1d4 (size before relaxing)
 .debug_str     0x000017f0       0x61 .\CortexM0\ARM_GCC_493\Debug\mpi_rom_emu.a(LED1.o)
                                0x1f6 (size before relaxing)
 .debug_str     0x00001851       0x6b .\CortexM0\ARM_GCC_493\Debug\mpi_rom_emu.a(SPI_CS.o)
                                0x202 (size before relaxing)
 .debug_str     0x000018bc       0x62 .\CortexM0\ARM_GCC_493\Debug\mpi_rom_emu.a(BYTE.o)
                                0x1f6 (size before relaxing)
 .debug_str     0x0000191e       0xe9 .\CortexM0\ARM_GCC_493\Debug\mpi_rom_emu.a(isr_1.o)
                                0x2d3 (size before relaxing)

.debug_loc      0x00000000     0x5078
 *(.debug_loc)
 .debug_loc     0x00000000      0x33b .\CortexM0\ARM_GCC_493\Debug\main.o
 .debug_loc     0x0000033b     0x310b .\CortexM0\ARM_GCC_493\Debug\ff.o
 .debug_loc     0x00003446       0x21 .\CortexM0\ARM_GCC_493\Debug\SPI_routines.o
 .debug_loc     0x00003467      0x453 .\CortexM0\ARM_GCC_493\Debug\cmd.o
 .debug_loc     0x000038ba      0x63b .\CortexM0\ARM_GCC_493\Debug\sdmm.o
 .debug_loc     0x00003ef5      0x12e .\CortexM0\ARM_GCC_493\Debug\Cm0Start.o
 .debug_loc     0x00004023      0x118 .\CortexM0\ARM_GCC_493\Debug\mpi_rom_emu.a(cyfitter_cfg.o)
 .debug_loc     0x0000413b       0x21 .\CortexM0\ARM_GCC_493\Debug\mpi_rom_emu.a(AD_L.o)
 .debug_loc     0x0000415c       0x21 .\CortexM0\ARM_GCC_493\Debug\mpi_rom_emu.a(AD_H.o)
 .debug_loc     0x0000417d       0x81 .\CortexM0\ARM_GCC_493\Debug\mpi_rom_emu.a(SIP.o)
 .debug_loc     0x000041fe       0x26 .\CortexM0\ARM_GCC_493\Debug\mpi_rom_emu.a(AH_reg.o)
 .debug_loc     0x00004224       0x26 .\CortexM0\ARM_GCC_493\Debug\mpi_rom_emu.a(AL_reg.o)
 .debug_loc     0x0000424a      0xa06 .\CortexM0\ARM_GCC_493\Debug\mpi_rom_emu.a(CyLib.o)
 .debug_loc     0x00004c50       0x44 .\CortexM0\ARM_GCC_493\Debug\mpi_rom_emu.a(STATE.o)
 .debug_loc     0x00004c94       0x81 .\CortexM0\ARM_GCC_493\Debug\mpi_rom_emu.a(IDX.o)
 .debug_loc     0x00004d15       0x7e .\CortexM0\ARM_GCC_493\Debug\mpi_rom_emu.a(SPI_1.o)
 .debug_loc     0x00004d93       0x96 .\CortexM0\ARM_GCC_493\Debug\mpi_rom_emu.a(SPI_1_SPI_UART.o)
 .debug_loc     0x00004e29       0x4a .\CortexM0\ARM_GCC_493\Debug\mpi_rom_emu.a(SPI_1_SPI.o)
 .debug_loc     0x00004e73       0x81 .\CortexM0\ARM_GCC_493\Debug\mpi_rom_emu.a(LED1.o)
 .debug_loc     0x00004ef4       0x81 .\CortexM0\ARM_GCC_493\Debug\mpi_rom_emu.a(SPI_CS.o)
 .debug_loc     0x00004f75       0x81 .\CortexM0\ARM_GCC_493\Debug\mpi_rom_emu.a(BYTE.o)
 .debug_loc     0x00004ff6       0x82 .\CortexM0\ARM_GCC_493\Debug\mpi_rom_emu.a(isr_1.o)

.debug_macinfo
 *(.debug_macinfo)

.debug_ranges   0x00000000      0x818
 *(.debug_ranges)
 .debug_ranges  0x00000000       0x50 .\CortexM0\ARM_GCC_493\Debug\main.o
 .debug_ranges  0x00000050      0x188 .\CortexM0\ARM_GCC_493\Debug\ff.o
 .debug_ranges  0x000001d8       0x20 .\CortexM0\ARM_GCC_493\Debug\SPI_routines.o
 .debug_ranges  0x000001f8       0x20 .\CortexM0\ARM_GCC_493\Debug\cmd.o
 .debug_ranges  0x00000218       0x80 .\CortexM0\ARM_GCC_493\Debug\sdmm.o
 .debug_ranges  0x00000298       0x38 .\CortexM0\ARM_GCC_493\Debug\Cm0Start.o
 .debug_ranges  0x000002d0       0x28 .\CortexM0\ARM_GCC_493\Debug\mpi_rom_emu.a(cyfitter_cfg.o)
 .debug_ranges  0x000002f8       0x30 .\CortexM0\ARM_GCC_493\Debug\mpi_rom_emu.a(AD_L.o)
 .debug_ranges  0x00000328       0x30 .\CortexM0\ARM_GCC_493\Debug\mpi_rom_emu.a(AD_H.o)
 .debug_ranges  0x00000358       0x30 .\CortexM0\ARM_GCC_493\Debug\mpi_rom_emu.a(SIP.o)
 .debug_ranges  0x00000388       0x30 .\CortexM0\ARM_GCC_493\Debug\mpi_rom_emu.a(AH_reg.o)
 .debug_ranges  0x000003b8       0x30 .\CortexM0\ARM_GCC_493\Debug\mpi_rom_emu.a(AL_reg.o)
 .debug_ranges  0x000003e8      0x220 .\CortexM0\ARM_GCC_493\Debug\mpi_rom_emu.a(CyLib.o)
 .debug_ranges  0x00000608       0x30 .\CortexM0\ARM_GCC_493\Debug\mpi_rom_emu.a(STATE.o)
 .debug_ranges  0x00000638       0x30 .\CortexM0\ARM_GCC_493\Debug\mpi_rom_emu.a(IDX.o)
 .debug_ranges  0x00000668       0x48 .\CortexM0\ARM_GCC_493\Debug\mpi_rom_emu.a(SPI_1.o)
 .debug_ranges  0x000006b0       0x50 .\CortexM0\ARM_GCC_493\Debug\mpi_rom_emu.a(SPI_1_SPI_UART.o)
 .debug_ranges  0x00000700       0x18 .\CortexM0\ARM_GCC_493\Debug\mpi_rom_emu.a(SPI_1_SPI.o)
 .debug_ranges  0x00000718       0x30 .\CortexM0\ARM_GCC_493\Debug\mpi_rom_emu.a(LED1.o)
 .debug_ranges  0x00000748       0x30 .\CortexM0\ARM_GCC_493\Debug\mpi_rom_emu.a(SPI_CS.o)
 .debug_ranges  0x00000778       0x30 .\CortexM0\ARM_GCC_493\Debug\mpi_rom_emu.a(BYTE.o)
 .debug_ranges  0x000007a8       0x70 .\CortexM0\ARM_GCC_493\Debug\mpi_rom_emu.a(isr_1.o)

.comment        0x00000000       0x70
 .comment       0x00000000       0x70 .\CortexM0\ARM_GCC_493\Debug\main.o
                                 0x71 (size before relaxing)
 .comment       0x00000000       0x71 .\CortexM0\ARM_GCC_493\Debug\ff.o
 .comment       0x00000000       0x71 .\CortexM0\ARM_GCC_493\Debug\SPI_routines.o
 .comment       0x00000000       0x71 .\CortexM0\ARM_GCC_493\Debug\cmd.o
 .comment       0x00000000       0x71 .\CortexM0\ARM_GCC_493\Debug\sdmm.o
 .comment       0x00000000       0x71 .\CortexM0\ARM_GCC_493\Debug\cymetadata.o
 .comment       0x00000000       0x71 .\CortexM0\ARM_GCC_493\Debug\Cm0Start.o
 .comment       0x00000000       0x71 .\CortexM0\ARM_GCC_493\Debug\mpi_rom_emu.a(cyfitter_cfg.o)
 .comment       0x00000000       0x71 .\CortexM0\ARM_GCC_493\Debug\mpi_rom_emu.a(AD_L.o)
 .comment       0x00000000       0x71 .\CortexM0\ARM_GCC_493\Debug\mpi_rom_emu.a(AD_H.o)
 .comment       0x00000000       0x71 .\CortexM0\ARM_GCC_493\Debug\mpi_rom_emu.a(SIP.o)
 .comment       0x00000000       0x71 .\CortexM0\ARM_GCC_493\Debug\mpi_rom_emu.a(AH_reg.o)
 .comment       0x00000000       0x71 .\CortexM0\ARM_GCC_493\Debug\mpi_rom_emu.a(AL_reg.o)
 .comment       0x00000000       0x71 .\CortexM0\ARM_GCC_493\Debug\mpi_rom_emu.a(CyLib.o)
 .comment       0x00000000       0x71 .\CortexM0\ARM_GCC_493\Debug\mpi_rom_emu.a(STATE.o)
 .comment       0x00000000       0x71 .\CortexM0\ARM_GCC_493\Debug\mpi_rom_emu.a(IDX.o)
 .comment       0x00000000       0x71 .\CortexM0\ARM_GCC_493\Debug\mpi_rom_emu.a(SPI_1.o)
 .comment       0x00000000       0x71 .\CortexM0\ARM_GCC_493\Debug\mpi_rom_emu.a(SPI_1_SPI_UART.o)
 .comment       0x00000000       0x71 .\CortexM0\ARM_GCC_493\Debug\mpi_rom_emu.a(SPI_1_SPI.o)
 .comment       0x00000000       0x71 .\CortexM0\ARM_GCC_493\Debug\mpi_rom_emu.a(LED1.o)
 .comment       0x00000000       0x71 .\CortexM0\ARM_GCC_493\Debug\mpi_rom_emu.a(SPI_CS.o)
 .comment       0x00000000       0x71 .\CortexM0\ARM_GCC_493\Debug\mpi_rom_emu.a(BYTE.o)
 .comment       0x00000000       0x71 .\CortexM0\ARM_GCC_493\Debug\mpi_rom_emu.a(isr_1.o)

.debug_weaknames
 *(.debug_weaknames)

.debug_funcnames
 *(.debug_funcnames)

.debug_typenames
 *(.debug_typenames)

.debug_varnames
 *(.debug_varnames)

.note.gnu.arm.ident
 *(.note.gnu.arm.ident)

.ARM.attributes
                0x00000000       0x28
 *(.ARM.attributes)
 .ARM.attributes
                0x00000000       0x1e c:/program files/cypress/psoc creator/3.3/psoc creator/import/gnu/arm/4.9.3/bin/../lib/gcc/arm-none-eabi/4.9.3/armv6-m/crti.o
 .ARM.attributes
                0x0000001e       0x2c c:/program files/cypress/psoc creator/3.3/psoc creator/import/gnu/arm/4.9.3/bin/../lib/gcc/arm-none-eabi/4.9.3/armv6-m/crtbegin.o
 .ARM.attributes
                0x0000004a       0x1b c:/program files/cypress/psoc creator/3.3/psoc creator/import/gnu/arm/4.9.3/bin/../lib/gcc/arm-none-eabi/4.9.3/../../../../arm-none-eabi/lib/armv6-m/crt0.o
 .ARM.attributes
                0x00000065       0x31 .\CortexM0\ARM_GCC_493\Debug\main.o
 .ARM.attributes
                0x00000096       0x31 .\CortexM0\ARM_GCC_493\Debug\ff.o
 .ARM.attributes
                0x000000c7       0x31 .\CortexM0\ARM_GCC_493\Debug\SPI_routines.o
 .ARM.attributes
                0x000000f8       0x31 .\CortexM0\ARM_GCC_493\Debug\cmd.o
 .ARM.attributes
                0x00000129       0x31 .\CortexM0\ARM_GCC_493\Debug\sdmm.o
 .ARM.attributes
                0x0000015a       0x31 .\CortexM0\ARM_GCC_493\Debug\cymetadata.o
 .ARM.attributes
                0x0000018b       0x31 .\CortexM0\ARM_GCC_493\Debug\Cm0Start.o
 .ARM.attributes
                0x000001bc       0x31 .\CortexM0\ARM_GCC_493\Debug\mpi_rom_emu.a(cyfitter_cfg.o)
 .ARM.attributes
                0x000001ed       0x31 .\CortexM0\ARM_GCC_493\Debug\mpi_rom_emu.a(AD_L.o)
 .ARM.attributes
                0x0000021e       0x31 .\CortexM0\ARM_GCC_493\Debug\mpi_rom_emu.a(AD_H.o)
 .ARM.attributes
                0x0000024f       0x31 .\CortexM0\ARM_GCC_493\Debug\mpi_rom_emu.a(SIP.o)
 .ARM.attributes
                0x00000280       0x31 .\CortexM0\ARM_GCC_493\Debug\mpi_rom_emu.a(AH_reg.o)
 .ARM.attributes
                0x000002b1       0x31 .\CortexM0\ARM_GCC_493\Debug\mpi_rom_emu.a(AL_reg.o)
 .ARM.attributes
                0x000002e2       0x21 .\CortexM0\ARM_GCC_493\Debug\mpi_rom_emu.a(CyBootAsmGnu.o)
 .ARM.attributes
                0x00000303       0x31 .\CortexM0\ARM_GCC_493\Debug\mpi_rom_emu.a(CyLib.o)
 .ARM.attributes
                0x00000334       0x31 .\CortexM0\ARM_GCC_493\Debug\mpi_rom_emu.a(STATE.o)
 .ARM.attributes
                0x00000365       0x31 .\CortexM0\ARM_GCC_493\Debug\mpi_rom_emu.a(IDX.o)
 .ARM.attributes
                0x00000396       0x31 .\CortexM0\ARM_GCC_493\Debug\mpi_rom_emu.a(SPI_1.o)
 .ARM.attributes
                0x000003c7       0x31 .\CortexM0\ARM_GCC_493\Debug\mpi_rom_emu.a(SPI_1_SPI_UART.o)
 .ARM.attributes
                0x000003f8       0x31 .\CortexM0\ARM_GCC_493\Debug\mpi_rom_emu.a(SPI_1_SPI.o)
 .ARM.attributes
                0x00000429       0x31 .\CortexM0\ARM_GCC_493\Debug\mpi_rom_emu.a(LED1.o)
 .ARM.attributes
                0x0000045a       0x31 .\CortexM0\ARM_GCC_493\Debug\mpi_rom_emu.a(SPI_CS.o)
 .ARM.attributes
                0x0000048b       0x31 .\CortexM0\ARM_GCC_493\Debug\mpi_rom_emu.a(BYTE.o)
 .ARM.attributes
                0x000004bc       0x31 .\CortexM0\ARM_GCC_493\Debug\mpi_rom_emu.a(isr_1.o)
 .ARM.attributes
                0x000004ed       0x1e c:/program files/cypress/psoc creator/3.3/psoc creator/import/gnu/arm/4.9.3/bin/../lib/gcc/arm-none-eabi/4.9.3/armv6-m\libgcc.a(_udivsi3.o)
 .ARM.attributes
                0x0000050b       0x1e c:/program files/cypress/psoc creator/3.3/psoc creator/import/gnu/arm/4.9.3/bin/../lib/gcc/arm-none-eabi/4.9.3/armv6-m\libgcc.a(_dvmd_tls.o)
 .ARM.attributes
                0x00000529       0x2c c:/program files/cypress/psoc creator/3.3/psoc creator/import/gnu/arm/4.9.3/bin/../lib/gcc/arm-none-eabi/4.9.3/../../../../arm-none-eabi/lib/armv6-m\libg_nano.a(lib_a-errno.o)
 .ARM.attributes
                0x00000555       0x2c c:/program files/cypress/psoc creator/3.3/psoc creator/import/gnu/arm/4.9.3/bin/../lib/gcc/arm-none-eabi/4.9.3/../../../../arm-none-eabi/lib/armv6-m\libg_nano.a(lib_a-exit.o)
 .ARM.attributes
                0x00000581       0x2c c:/program files/cypress/psoc creator/3.3/psoc creator/import/gnu/arm/4.9.3/bin/../lib/gcc/arm-none-eabi/4.9.3/../../../../arm-none-eabi/lib/armv6-m\libg_nano.a(lib_a-impure.o)
 .ARM.attributes
                0x000005ad       0x2c c:/program files/cypress/psoc creator/3.3/psoc creator/import/gnu/arm/4.9.3/bin/../lib/gcc/arm-none-eabi/4.9.3/../../../../arm-none-eabi/lib/armv6-m\libg_nano.a(lib_a-init.o)
 .ARM.attributes
                0x000005d9       0x2c c:/program files/cypress/psoc creator/3.3/psoc creator/import/gnu/arm/4.9.3/bin/../lib/gcc/arm-none-eabi/4.9.3/../../../../arm-none-eabi/lib/armv6-m\libg_nano.a(lib_a-memset.o)
 .ARM.attributes
                0x00000605       0x2c c:/program files/cypress/psoc creator/3.3/psoc creator/import/gnu/arm/4.9.3/bin/../lib/gcc/arm-none-eabi/4.9.3/armv6-m/crtend.o
 .ARM.attributes
                0x00000631       0x1e c:/program files/cypress/psoc creator/3.3/psoc creator/import/gnu/arm/4.9.3/bin/../lib/gcc/arm-none-eabi/4.9.3/armv6-m/crtn.o

/DISCARD/
 *(.note.GNU-stack)
OUTPUT(.\CortexM0\ARM_GCC_493\Debug\mpi_rom_emu.elf elf32-littlearm)
