ARM GAS  C:\Users\Jarik\AppData\Local\Temp\cczxlCkd.s 			page 1


   1              		.cpu cortex-m0
   2              		.fpu softvfp
   3              		.eabi_attribute 20, 1
   4              		.eabi_attribute 21, 1
   5              		.eabi_attribute 23, 3
   6              		.eabi_attribute 24, 1
   7              		.eabi_attribute 25, 1
   8              		.eabi_attribute 26, 1
   9              		.eabi_attribute 30, 1
  10              		.eabi_attribute 34, 0
  11              		.eabi_attribute 18, 4
  12              		.code	16
  13              		.file	"cyPm.c"
  14              		.text
  15              	.Ltext0:
  16              		.cfi_sections	.debug_frame
  17              		.section	.text.CySysPmSleep,"ax",%progbits
  18              		.align	2
  19              		.global	CySysPmSleep
  20              		.code	16
  21              		.thumb_func
  22              		.type	CySysPmSleep, %function
  23              	CySysPmSleep:
  24              	.LFB0:
  25              		.file 1 ".\\Generated_Source\\PSoC4\\cyPm.c"
   1:.\Generated_Source\PSoC4/cyPm.c **** /*******************************************************************************
   2:.\Generated_Source\PSoC4/cyPm.c **** * File Name: cyPm.c
   3:.\Generated_Source\PSoC4/cyPm.c **** * Version 4.20
   4:.\Generated_Source\PSoC4/cyPm.c **** *
   5:.\Generated_Source\PSoC4/cyPm.c **** *  Description:
   6:.\Generated_Source\PSoC4/cyPm.c **** *   Provides an API for the power management.
   7:.\Generated_Source\PSoC4/cyPm.c **** *
   8:.\Generated_Source\PSoC4/cyPm.c **** *  Note:
   9:.\Generated_Source\PSoC4/cyPm.c **** *   Documentation of the API's in this file is located in the
  10:.\Generated_Source\PSoC4/cyPm.c **** *   System Reference Guide provided with PSoC Creator.
  11:.\Generated_Source\PSoC4/cyPm.c **** *
  12:.\Generated_Source\PSoC4/cyPm.c **** ********************************************************************************
  13:.\Generated_Source\PSoC4/cyPm.c **** * Copyright 2011-2014, Cypress Semiconductor Corporation.  All rights reserved.
  14:.\Generated_Source\PSoC4/cyPm.c **** * You may use this file only in accordance with the license, terms, conditions,
  15:.\Generated_Source\PSoC4/cyPm.c **** * disclaimers, and limitations in the end user license agreement accompanying
  16:.\Generated_Source\PSoC4/cyPm.c **** * the software package with which this file was provided.
  17:.\Generated_Source\PSoC4/cyPm.c **** *******************************************************************************/
  18:.\Generated_Source\PSoC4/cyPm.c **** 
  19:.\Generated_Source\PSoC4/cyPm.c **** #include "cyPm.h"
  20:.\Generated_Source\PSoC4/cyPm.c **** #include "CyLib.h"
  21:.\Generated_Source\PSoC4/cyPm.c **** 
  22:.\Generated_Source\PSoC4/cyPm.c **** 
  23:.\Generated_Source\PSoC4/cyPm.c **** /*******************************************************************************
  24:.\Generated_Source\PSoC4/cyPm.c **** * Function Name: CySysPmSleep
  25:.\Generated_Source\PSoC4/cyPm.c **** ********************************************************************************
  26:.\Generated_Source\PSoC4/cyPm.c **** *
  27:.\Generated_Source\PSoC4/cyPm.c **** * Summary:
  28:.\Generated_Source\PSoC4/cyPm.c **** *  Puts the part into the Sleep state. This is a CPU-centric power mode.
  29:.\Generated_Source\PSoC4/cyPm.c **** *  It means that the CPU has indicated that it is in the sleep mode and
  30:.\Generated_Source\PSoC4/cyPm.c **** *  its main clock can be removed. It is identical to Active from a peripheral
  31:.\Generated_Source\PSoC4/cyPm.c **** *  point of view. Any enabled interrupts can cause wakeup from the  Sleep mode.
  32:.\Generated_Source\PSoC4/cyPm.c **** *
ARM GAS  C:\Users\Jarik\AppData\Local\Temp\cczxlCkd.s 			page 2


  33:.\Generated_Source\PSoC4/cyPm.c **** * Parameters:
  34:.\Generated_Source\PSoC4/cyPm.c **** *  None
  35:.\Generated_Source\PSoC4/cyPm.c **** *
  36:.\Generated_Source\PSoC4/cyPm.c **** * Return:
  37:.\Generated_Source\PSoC4/cyPm.c **** *  None
  38:.\Generated_Source\PSoC4/cyPm.c **** *
  39:.\Generated_Source\PSoC4/cyPm.c **** *******************************************************************************/
  40:.\Generated_Source\PSoC4/cyPm.c **** void CySysPmSleep(void)
  41:.\Generated_Source\PSoC4/cyPm.c **** {
  26              		.loc 1 41 0
  27              		.cfi_startproc
  28 0000 08B5     		push	{r3, lr}
  29              		.cfi_def_cfa_offset 8
  30              		.cfi_offset 3, -8
  31              		.cfi_offset 14, -4
  42:.\Generated_Source\PSoC4/cyPm.c ****     uint8 interruptState;
  43:.\Generated_Source\PSoC4/cyPm.c **** 
  44:.\Generated_Source\PSoC4/cyPm.c ****     interruptState = CyEnterCriticalSection();
  32              		.loc 1 44 0
  33 0002 FFF7FEFF 		bl	CyEnterCriticalSection
  34              	.LVL0:
  45:.\Generated_Source\PSoC4/cyPm.c **** 
  46:.\Generated_Source\PSoC4/cyPm.c ****     /* CM0 enters Sleep mode upon execution of WFI */
  47:.\Generated_Source\PSoC4/cyPm.c ****     CY_PM_CM0_SCR_REG &= (uint32) (~CY_PM_CM0_SCR_SLEEPDEEP);
  35              		.loc 1 47 0
  36 0006 044B     		ldr	r3, .L2
  37 0008 1A68     		ldr	r2, [r3]
  38 000a 0421     		mov	r1, #4
  39 000c 8A43     		bic	r2, r1
  40 000e 1A60     		str	r2, [r3]
  48:.\Generated_Source\PSoC4/cyPm.c **** 
  49:.\Generated_Source\PSoC4/cyPm.c ****     /* Sleep and wait for interrupt */
  50:.\Generated_Source\PSoC4/cyPm.c ****     CY_PM_WFI;
  41              		.loc 1 50 0
  42              	@ 50 ".\Generated_Source\PSoC4\cyPm.c" 1
  43 0010 30BF     		WFI 
  44              	
  45              	@ 0 "" 2
  51:.\Generated_Source\PSoC4/cyPm.c **** 
  52:.\Generated_Source\PSoC4/cyPm.c ****     CyExitCriticalSection(interruptState);
  46              		.loc 1 52 0
  47              		.code	16
  48 0012 FFF7FEFF 		bl	CyExitCriticalSection
  49              	.LVL1:
  53:.\Generated_Source\PSoC4/cyPm.c **** }
  50              		.loc 1 53 0
  51              		@ sp needed
  52 0016 08BD     		pop	{r3, pc}
  53              	.L3:
  54              		.align	2
  55              	.L2:
  56 0018 10ED00E0 		.word	-536810224
  57              		.cfi_endproc
  58              	.LFE0:
  59              		.size	CySysPmSleep, .-CySysPmSleep
  60              		.section	.text.CySysPmDeepSleep,"ax",%progbits
  61              		.align	2
ARM GAS  C:\Users\Jarik\AppData\Local\Temp\cczxlCkd.s 			page 3


  62              		.global	CySysPmDeepSleep
  63              		.code	16
  64              		.thumb_func
  65              		.type	CySysPmDeepSleep, %function
  66              	CySysPmDeepSleep:
  67              	.LFB1:
  54:.\Generated_Source\PSoC4/cyPm.c **** 
  55:.\Generated_Source\PSoC4/cyPm.c **** 
  56:.\Generated_Source\PSoC4/cyPm.c **** /*******************************************************************************
  57:.\Generated_Source\PSoC4/cyPm.c **** * Function Name: CySysPmDeepSleep
  58:.\Generated_Source\PSoC4/cyPm.c **** ********************************************************************************
  59:.\Generated_Source\PSoC4/cyPm.c **** *
  60:.\Generated_Source\PSoC4/cyPm.c **** * Summary:
  61:.\Generated_Source\PSoC4/cyPm.c **** *  Puts the part into the Deep Sleep state. If the firmware attempts to enter
  62:.\Generated_Source\PSoC4/cyPm.c **** *  this mode before the system is ready (that is, when
  63:.\Generated_Source\PSoC4/cyPm.c **** *  PWR_CONTROL.LPM_READY = 0), then the device will go into the Sleep mode
  64:.\Generated_Source\PSoC4/cyPm.c **** *  instead and automatically enter the originally intended mode when the
  65:.\Generated_Source\PSoC4/cyPm.c **** *  holdoff expires.
  66:.\Generated_Source\PSoC4/cyPm.c **** *
  67:.\Generated_Source\PSoC4/cyPm.c **** *  The wakeup occurs when an interrupt is received from a DeepSleep or
  68:.\Generated_Source\PSoC4/cyPm.c **** *  Hibernate peripheral. For more details, see a corresponding
  69:.\Generated_Source\PSoC4/cyPm.c **** *  peripheral's datasheet.
  70:.\Generated_Source\PSoC4/cyPm.c **** *
  71:.\Generated_Source\PSoC4/cyPm.c **** * Parameters:
  72:.\Generated_Source\PSoC4/cyPm.c **** *  None
  73:.\Generated_Source\PSoC4/cyPm.c **** *
  74:.\Generated_Source\PSoC4/cyPm.c **** * Return:
  75:.\Generated_Source\PSoC4/cyPm.c **** *  None
  76:.\Generated_Source\PSoC4/cyPm.c **** *
  77:.\Generated_Source\PSoC4/cyPm.c **** *******************************************************************************/
  78:.\Generated_Source\PSoC4/cyPm.c **** void CySysPmDeepSleep(void)
  79:.\Generated_Source\PSoC4/cyPm.c **** {
  68              		.loc 1 79 0
  69              		.cfi_startproc
  70 0000 F0B5     		push	{r4, r5, r6, r7, lr}
  71              		.cfi_def_cfa_offset 20
  72              		.cfi_offset 4, -20
  73              		.cfi_offset 5, -16
  74              		.cfi_offset 6, -12
  75              		.cfi_offset 7, -8
  76              		.cfi_offset 14, -4
  77 0002 83B0     		sub	sp, sp, #12
  78              		.cfi_def_cfa_offset 32
  80:.\Generated_Source\PSoC4/cyPm.c ****     uint8 interruptState;
  81:.\Generated_Source\PSoC4/cyPm.c ****     #if(CY_IP_SRSSV2)
  82:.\Generated_Source\PSoC4/cyPm.c ****         volatile uint32 clkSelectReg;
  83:.\Generated_Source\PSoC4/cyPm.c ****     #endif /* (CY_IP_SRSSV2) */
  84:.\Generated_Source\PSoC4/cyPm.c **** 
  85:.\Generated_Source\PSoC4/cyPm.c ****     interruptState = CyEnterCriticalSection();
  79              		.loc 1 85 0
  80 0004 FFF7FEFF 		bl	CyEnterCriticalSection
  81              	.LVL2:
  82 0008 071C     		mov	r7, r0
  83              	.LVL3:
  86:.\Generated_Source\PSoC4/cyPm.c **** 
  87:.\Generated_Source\PSoC4/cyPm.c ****     #if(CY_IP_SRSSV2)
  88:.\Generated_Source\PSoC4/cyPm.c ****         /* Device enters DeepSleep mode when CPU asserts SLEEPDEEP signal */
ARM GAS  C:\Users\Jarik\AppData\Local\Temp\cczxlCkd.s 			page 4


  89:.\Generated_Source\PSoC4/cyPm.c ****         CY_PM_PWR_CONTROL_REG &= (uint32) (~CY_PM_PWR_CONTROL_HIBERNATE);
  84              		.loc 1 89 0
  85 000a 134B     		ldr	r3, .L5
  86 000c 1A68     		ldr	r2, [r3]
  87 000e 5200     		lsl	r2, r2, #1
  88 0010 5208     		lsr	r2, r2, #1
  89 0012 1A60     		str	r2, [r3]
  90:.\Generated_Source\PSoC4/cyPm.c ****     #endif /* (CY_IP_SRSSV2) */
  91:.\Generated_Source\PSoC4/cyPm.c **** 
  92:.\Generated_Source\PSoC4/cyPm.c ****     #if (CY_PSOC4_4100 || CY_PSOC4_4200)
  93:.\Generated_Source\PSoC4/cyPm.c ****         CY_PM_CPUSS_CONFIG_REG |= CY_PM_CPUSS_CONFIG_FLSH_ACC_BYPASS;
  90              		.loc 1 93 0
  91 0014 8024     		mov	r4, #128
  92 0016 E405     		lsl	r4, r4, #23
  93 0018 2368     		ldr	r3, [r4]
  94 001a 0225     		mov	r5, #2
  95 001c 2B43     		orr	r3, r5
  96 001e 2360     		str	r3, [r4]
  94:.\Generated_Source\PSoC4/cyPm.c ****     #endif /* (CY_PSOC4_4100 || CY_PSOC4_4200) */
  95:.\Generated_Source\PSoC4/cyPm.c **** 
  96:.\Generated_Source\PSoC4/cyPm.c ****     /* Adjust delay to wait for references to settle on wakeup from Deep Sleep */
  97:.\Generated_Source\PSoC4/cyPm.c ****     CY_PM_PWR_KEY_DELAY_REG = CY_SFLASH_DPSLP_KEY_DELAY_REG;
  97              		.loc 1 97 0
  98 0020 0E4B     		ldr	r3, .L5+4
  99 0022 1A88     		ldrh	r2, [r3]
 100 0024 92B2     		uxth	r2, r2
 101 0026 0E4B     		ldr	r3, .L5+8
 102 0028 1A60     		str	r2, [r3]
  98:.\Generated_Source\PSoC4/cyPm.c **** 
  99:.\Generated_Source\PSoC4/cyPm.c ****     /* CM0 enters DeepSleep/Hibernate mode upon execution of WFI */
 100:.\Generated_Source\PSoC4/cyPm.c ****     CY_PM_CM0_SCR_REG |= CY_PM_CM0_SCR_SLEEPDEEP;
 103              		.loc 1 100 0
 104 002a 0E4B     		ldr	r3, .L5+12
 105 002c 1968     		ldr	r1, [r3]
 106 002e 0422     		mov	r2, #4
 107 0030 0A43     		orr	r2, r1
 108 0032 1A60     		str	r2, [r3]
 101:.\Generated_Source\PSoC4/cyPm.c **** 
 102:.\Generated_Source\PSoC4/cyPm.c ****     #if(CY_IP_SRSSV2)
 103:.\Generated_Source\PSoC4/cyPm.c ****         /* Preserve system clock configuration and
 104:.\Generated_Source\PSoC4/cyPm.c ****         * reduce sysclk to <=12 MHz (Cypress ID #158710, #179888).
 105:.\Generated_Source\PSoC4/cyPm.c ****         */
 106:.\Generated_Source\PSoC4/cyPm.c ****         clkSelectReg = CY_SYS_CLK_SELECT_REG;
 109              		.loc 1 106 0
 110 0034 0C4E     		ldr	r6, .L5+16
 111 0036 3368     		ldr	r3, [r6]
 112 0038 0193     		str	r3, [sp, #4]
 107:.\Generated_Source\PSoC4/cyPm.c ****         CySysClkWriteSysclkDiv(CY_SYS_CLK_SYSCLK_DIV4);
 113              		.loc 1 107 0
 114 003a 0220     		mov	r0, #2
 115              	.LVL4:
 116 003c FFF7FEFF 		bl	CySysClkWriteSysclkDiv
 117              	.LVL5:
 108:.\Generated_Source\PSoC4/cyPm.c ****     #endif /* (CY_IP_SRSSV2) */
 109:.\Generated_Source\PSoC4/cyPm.c **** 
 110:.\Generated_Source\PSoC4/cyPm.c ****     /* Sleep and wait for interrupt */
 111:.\Generated_Source\PSoC4/cyPm.c ****     CY_PM_WFI;
ARM GAS  C:\Users\Jarik\AppData\Local\Temp\cczxlCkd.s 			page 5


 118              		.loc 1 111 0
 119              	@ 111 ".\Generated_Source\PSoC4\cyPm.c" 1
 120 0040 30BF     		WFI 
 121              	
 122              	@ 0 "" 2
 112:.\Generated_Source\PSoC4/cyPm.c **** 
 113:.\Generated_Source\PSoC4/cyPm.c ****     #if(CY_IP_SRSSV2)
 114:.\Generated_Source\PSoC4/cyPm.c ****         /* Restore system clock configuration */
 115:.\Generated_Source\PSoC4/cyPm.c ****         CY_SYS_CLK_SELECT_REG = clkSelectReg;
 123              		.loc 1 115 0
 124              		.code	16
 125 0042 019B     		ldr	r3, [sp, #4]
 126 0044 3360     		str	r3, [r6]
 116:.\Generated_Source\PSoC4/cyPm.c ****     #endif /* (CY_IP_SRSSV2) */
 117:.\Generated_Source\PSoC4/cyPm.c **** 
 118:.\Generated_Source\PSoC4/cyPm.c ****     #if (CY_PSOC4_4100 || CY_PSOC4_4200)
 119:.\Generated_Source\PSoC4/cyPm.c ****         CY_PM_CPUSS_CONFIG_REG &= (uint32) (~CY_PM_CPUSS_CONFIG_FLSH_ACC_BYPASS);
 127              		.loc 1 119 0
 128 0046 2368     		ldr	r3, [r4]
 129 0048 AB43     		bic	r3, r5
 130 004a 2360     		str	r3, [r4]
 120:.\Generated_Source\PSoC4/cyPm.c ****     #endif /* (CY_PSOC4_4100 || CY_PSOC4_4200) */
 121:.\Generated_Source\PSoC4/cyPm.c **** 
 122:.\Generated_Source\PSoC4/cyPm.c ****     CyExitCriticalSection(interruptState);
 131              		.loc 1 122 0
 132 004c 381C     		mov	r0, r7
 133 004e FFF7FEFF 		bl	CyExitCriticalSection
 134              	.LVL6:
 123:.\Generated_Source\PSoC4/cyPm.c **** }
 135              		.loc 1 123 0
 136 0052 03B0     		add	sp, sp, #12
 137              		@ sp needed
 138              	.LVL7:
 139 0054 F0BD     		pop	{r4, r5, r6, r7, pc}
 140              	.L6:
 141 0056 C046     		.align	2
 142              	.L5:
 143 0058 00000B40 		.word	1074462720
 144 005c 52F1FF0F 		.word	268431698
 145 0060 0C000B40 		.word	1074462732
 146 0064 10ED00E0 		.word	-536810224
 147 0068 00010B40 		.word	1074462976
 148              		.cfi_endproc
 149              	.LFE1:
 150              		.size	CySysPmDeepSleep, .-CySysPmDeepSleep
 151              		.section	.text.CySysPmHibernate,"ax",%progbits
 152              		.align	2
 153              		.global	CySysPmHibernate
 154              		.code	16
 155              		.thumb_func
 156              		.type	CySysPmHibernate, %function
 157              	CySysPmHibernate:
 158              	.LFB2:
 124:.\Generated_Source\PSoC4/cyPm.c **** 
 125:.\Generated_Source\PSoC4/cyPm.c **** 
 126:.\Generated_Source\PSoC4/cyPm.c **** #if(CY_IP_SRSSV2)
 127:.\Generated_Source\PSoC4/cyPm.c **** 
ARM GAS  C:\Users\Jarik\AppData\Local\Temp\cczxlCkd.s 			page 6


 128:.\Generated_Source\PSoC4/cyPm.c ****     /*******************************************************************************
 129:.\Generated_Source\PSoC4/cyPm.c ****     * Function Name: CySysPmHibernate
 130:.\Generated_Source\PSoC4/cyPm.c ****     ********************************************************************************
 131:.\Generated_Source\PSoC4/cyPm.c ****     *
 132:.\Generated_Source\PSoC4/cyPm.c ****     * Summary:
 133:.\Generated_Source\PSoC4/cyPm.c ****     *  Puts the part into the Hibernate state. Only SRAM and UDBs are retained;
 134:.\Generated_Source\PSoC4/cyPm.c ****     *  most internal supplies are off. Wakeup is possible from a pin or a hibernate
 135:.\Generated_Source\PSoC4/cyPm.c ****     *  comparator only.
 136:.\Generated_Source\PSoC4/cyPm.c ****     *
 137:.\Generated_Source\PSoC4/cyPm.c ****     *  It is expected that the firmware has already frozen the IO-Cells using
 138:.\Generated_Source\PSoC4/cyPm.c ****     *  CySysPmFreezeIo() function before the call to this function. If this is
 139:.\Generated_Source\PSoC4/cyPm.c ****     *  omitted, the IO-cells will be frozen in the same way as they are
 140:.\Generated_Source\PSoC4/cyPm.c ****     *  in the Active to Deep Sleep transition, but will lose their state on wake up
 141:.\Generated_Source\PSoC4/cyPm.c ****     *  (because of the reset occurring at that time).
 142:.\Generated_Source\PSoC4/cyPm.c ****     *
 143:.\Generated_Source\PSoC4/cyPm.c ****     *  Because all the CPU state is lost, the CPU will start up at the reset vector.
 144:.\Generated_Source\PSoC4/cyPm.c ****     *  To save the firmware state through the Hibernate low power mode, a
 145:.\Generated_Source\PSoC4/cyPm.c ****     *  corresponding variable should be defined with CY_NOINIT attribute. It
 146:.\Generated_Source\PSoC4/cyPm.c ****     *  prevents data from being initialized to zero on startup. The interrupt
 147:.\Generated_Source\PSoC4/cyPm.c ****     *  cause of the hibernate peripheral is retained, such that it can be either
 148:.\Generated_Source\PSoC4/cyPm.c ****     *  read by the firmware or cause an interrupt after the firmware has booted and
 149:.\Generated_Source\PSoC4/cyPm.c ****     *  enabled the corresponding interrupt. To distinguish the wakeup from
 150:.\Generated_Source\PSoC4/cyPm.c ****     *  the Hibernate mode and the general Reset event, the CySysPmGetResetReason()
 151:.\Generated_Source\PSoC4/cyPm.c ****     *  function could be used.
 152:.\Generated_Source\PSoC4/cyPm.c ****     *
 153:.\Generated_Source\PSoC4/cyPm.c ****     * Parameters:
 154:.\Generated_Source\PSoC4/cyPm.c ****     *  None
 155:.\Generated_Source\PSoC4/cyPm.c ****     *
 156:.\Generated_Source\PSoC4/cyPm.c ****     * Return:
 157:.\Generated_Source\PSoC4/cyPm.c ****     *  None
 158:.\Generated_Source\PSoC4/cyPm.c ****     *
 159:.\Generated_Source\PSoC4/cyPm.c ****     *******************************************************************************/
 160:.\Generated_Source\PSoC4/cyPm.c ****     void CySysPmHibernate(void)
 161:.\Generated_Source\PSoC4/cyPm.c ****     {
 159              		.loc 1 161 0
 160              		.cfi_startproc
 161 0000 08B5     		push	{r3, lr}
 162              		.cfi_def_cfa_offset 8
 163              		.cfi_offset 3, -8
 164              		.cfi_offset 14, -4
 162:.\Generated_Source\PSoC4/cyPm.c ****         uint8 interruptState;
 163:.\Generated_Source\PSoC4/cyPm.c **** 
 164:.\Generated_Source\PSoC4/cyPm.c ****         interruptState = CyEnterCriticalSection();
 165              		.loc 1 164 0
 166 0002 FFF7FEFF 		bl	CyEnterCriticalSection
 167              	.LVL8:
 165:.\Generated_Source\PSoC4/cyPm.c **** 
 166:.\Generated_Source\PSoC4/cyPm.c ****         /* Device enters Hibernate mode when CPU asserts SLEEPDEEP signal */
 167:.\Generated_Source\PSoC4/cyPm.c ****         CY_PM_PWR_CONTROL_REG |= CY_PM_PWR_CONTROL_HIBERNATE;
 168              		.loc 1 167 0
 169 0006 0D4B     		ldr	r3, .L8
 170 0008 1968     		ldr	r1, [r3]
 171 000a 8022     		mov	r2, #128
 172 000c 1206     		lsl	r2, r2, #24
 173 000e 0A43     		orr	r2, r1
 174 0010 1A60     		str	r2, [r3]
 168:.\Generated_Source\PSoC4/cyPm.c **** 
ARM GAS  C:\Users\Jarik\AppData\Local\Temp\cczxlCkd.s 			page 7


 169:.\Generated_Source\PSoC4/cyPm.c ****         /* Adjust delay to wait for references to settle on wakeup from hibernate */
 170:.\Generated_Source\PSoC4/cyPm.c ****         CY_PM_PWR_KEY_DELAY_REG = CY_SFLASH_HIB_KEY_DELAY_REG;
 175              		.loc 1 170 0
 176 0012 0B4B     		ldr	r3, .L8+4
 177 0014 1A88     		ldrh	r2, [r3]
 178 0016 92B2     		uxth	r2, r2
 179 0018 0A4B     		ldr	r3, .L8+8
 180 001a 1A60     		str	r2, [r3]
 171:.\Generated_Source\PSoC4/cyPm.c **** 
 172:.\Generated_Source\PSoC4/cyPm.c ****         /* CM0 enters DeepSleep/Hibernate mode upon execution of WFI */
 173:.\Generated_Source\PSoC4/cyPm.c ****         CY_PM_CM0_SCR_REG |= CY_PM_CM0_SCR_SLEEPDEEP;
 181              		.loc 1 173 0
 182 001c 0A4B     		ldr	r3, .L8+12
 183 001e 1968     		ldr	r1, [r3]
 184 0020 0422     		mov	r2, #4
 185 0022 0A43     		orr	r2, r1
 186 0024 1A60     		str	r2, [r3]
 174:.\Generated_Source\PSoC4/cyPm.c **** 
 175:.\Generated_Source\PSoC4/cyPm.c ****         /* Save token that will retain through a STOP/WAKEUP sequence
 176:.\Generated_Source\PSoC4/cyPm.c ****          * thus could be used by CySysPmGetResetReason() to differentiate
 177:.\Generated_Source\PSoC4/cyPm.c ****          * WAKEUP from a general RESET event.
 178:.\Generated_Source\PSoC4/cyPm.c ****          */
 179:.\Generated_Source\PSoC4/cyPm.c ****         CY_PM_PWR_STOP_REG = (CY_PM_PWR_STOP_REG & (uint32)(~CY_PM_PWR_STOP_TOKEN_MASK)) | CY_PM_PW
 187              		.loc 1 179 0
 188 0026 094B     		ldr	r3, .L8+16
 189 0028 1A68     		ldr	r2, [r3]
 190 002a FF21     		mov	r1, #255
 191 002c 8A43     		bic	r2, r1
 192 002e F121     		mov	r1, #241
 193 0030 0A43     		orr	r2, r1
 194 0032 1A60     		str	r2, [r3]
 180:.\Generated_Source\PSoC4/cyPm.c **** 
 181:.\Generated_Source\PSoC4/cyPm.c ****         /* Sleep and wait for interrupt. Wakeup from Hibernate is performed
 182:.\Generated_Source\PSoC4/cyPm.c ****          * through RESET state, causing a normal Boot procedure to occur.
 183:.\Generated_Source\PSoC4/cyPm.c ****          * The WFI instruction doesn't put the core to sleep if its wake condition
 184:.\Generated_Source\PSoC4/cyPm.c ****          * is true when the instruction is executed.
 185:.\Generated_Source\PSoC4/cyPm.c ****          */
 186:.\Generated_Source\PSoC4/cyPm.c ****         CY_PM_WFI;
 195              		.loc 1 186 0
 196              	@ 186 ".\Generated_Source\PSoC4\cyPm.c" 1
 197 0034 30BF     		WFI 
 198              	
 199              	@ 0 "" 2
 187:.\Generated_Source\PSoC4/cyPm.c **** 
 188:.\Generated_Source\PSoC4/cyPm.c ****         CyExitCriticalSection(interruptState);
 200              		.loc 1 188 0
 201              		.code	16
 202 0036 FFF7FEFF 		bl	CyExitCriticalSection
 203              	.LVL9:
 189:.\Generated_Source\PSoC4/cyPm.c ****     }
 204              		.loc 1 189 0
 205              		@ sp needed
 206 003a 08BD     		pop	{r3, pc}
 207              	.L9:
 208              		.align	2
 209              	.L8:
 210 003c 00000B40 		.word	1074462720
ARM GAS  C:\Users\Jarik\AppData\Local\Temp\cczxlCkd.s 			page 8


 211 0040 50F1FF0F 		.word	268431696
 212 0044 0C000B40 		.word	1074462732
 213 0048 10ED00E0 		.word	-536810224
 214 004c 2C000B40 		.word	1074462764
 215              		.cfi_endproc
 216              	.LFE2:
 217              		.size	CySysPmHibernate, .-CySysPmHibernate
 218              		.section	.text.CySysPmSetWakeupPolarity,"ax",%progbits
 219              		.align	2
 220              		.global	CySysPmSetWakeupPolarity
 221              		.code	16
 222              		.thumb_func
 223              		.type	CySysPmSetWakeupPolarity, %function
 224              	CySysPmSetWakeupPolarity:
 225              	.LFB4:
 190:.\Generated_Source\PSoC4/cyPm.c **** 
 191:.\Generated_Source\PSoC4/cyPm.c **** 
 192:.\Generated_Source\PSoC4/cyPm.c ****     /*******************************************************************************
 193:.\Generated_Source\PSoC4/cyPm.c ****     * Function Name: CySysPmStop
 194:.\Generated_Source\PSoC4/cyPm.c ****     ********************************************************************************
 195:.\Generated_Source\PSoC4/cyPm.c ****     *
 196:.\Generated_Source\PSoC4/cyPm.c ****     * Summary:
 197:.\Generated_Source\PSoC4/cyPm.c ****     *  Puts the part into the Stop state. All internal supplies are off;
 198:.\Generated_Source\PSoC4/cyPm.c ****     *  no state is retained.
 199:.\Generated_Source\PSoC4/cyPm.c ****     *
 200:.\Generated_Source\PSoC4/cyPm.c ****     *  Wakeup from Stop is performed by toggling the wakeup pin, causing
 201:.\Generated_Source\PSoC4/cyPm.c ****     *  a normal boot procedure to occur. To configure the wakeup pin,
 202:.\Generated_Source\PSoC4/cyPm.c ****     *  the Digital Input Pin component should be placed on the schematic,
 203:.\Generated_Source\PSoC4/cyPm.c ****     *  assigned to the wakeup pin, and resistively pulled up or down to the inverse
 204:.\Generated_Source\PSoC4/cyPm.c ****     *  state of the wakeup polarity. To distinguish the wakeup from the Stop mode
 205:.\Generated_Source\PSoC4/cyPm.c ****     *  and the general Reset event, CySysPmGetResetReason() function could be used.
 206:.\Generated_Source\PSoC4/cyPm.c ****     *  The wakeup pin is active low by default. The wakeup pin polarity
 207:.\Generated_Source\PSoC4/cyPm.c ****     *  could be changed with the CySysPmSetWakeupPolarity() function.
 208:.\Generated_Source\PSoC4/cyPm.c ****     *
 209:.\Generated_Source\PSoC4/cyPm.c ****     *  This function freezes IO cells implicitly. It is not possible to enter
 210:.\Generated_Source\PSoC4/cyPm.c ****     *  the STOP mode before freezing the IO cells. The IO cells remain frozen after
 211:.\Generated_Source\PSoC4/cyPm.c ****     *  awake from the Stop mode until the firmware unfreezes them after booting
 212:.\Generated_Source\PSoC4/cyPm.c ****     *  explicitly with CySysPmUnfreezeIo() function call.
 213:.\Generated_Source\PSoC4/cyPm.c ****     *
 214:.\Generated_Source\PSoC4/cyPm.c ****     * Parameters:
 215:.\Generated_Source\PSoC4/cyPm.c ****     *  None
 216:.\Generated_Source\PSoC4/cyPm.c ****     *
 217:.\Generated_Source\PSoC4/cyPm.c ****     * Return:
 218:.\Generated_Source\PSoC4/cyPm.c ****     *  None
 219:.\Generated_Source\PSoC4/cyPm.c ****     *
 220:.\Generated_Source\PSoC4/cyPm.c ****     *******************************************************************************/
 221:.\Generated_Source\PSoC4/cyPm.c ****     void CySysPmStop(void)
 222:.\Generated_Source\PSoC4/cyPm.c ****     {
 223:.\Generated_Source\PSoC4/cyPm.c ****         (void) CyEnterCriticalSection();
 224:.\Generated_Source\PSoC4/cyPm.c **** 
 225:.\Generated_Source\PSoC4/cyPm.c ****         /* Update token to indicate Stop mode transition. Preserve only polarity. */
 226:.\Generated_Source\PSoC4/cyPm.c ****         CY_PM_PWR_STOP_REG = (CY_PM_PWR_STOP_REG & CY_PM_PWR_STOP_POLARITY) | CY_PM_PWR_STOP_TOKEN_
 227:.\Generated_Source\PSoC4/cyPm.c **** 
 228:.\Generated_Source\PSoC4/cyPm.c ****         /* Freeze IO-Cells to save IO-Cell state */
 229:.\Generated_Source\PSoC4/cyPm.c ****         CySysPmFreezeIo();
 230:.\Generated_Source\PSoC4/cyPm.c **** 
 231:.\Generated_Source\PSoC4/cyPm.c ****         /* Initiates transition to Stop state */
ARM GAS  C:\Users\Jarik\AppData\Local\Temp\cczxlCkd.s 			page 9


 232:.\Generated_Source\PSoC4/cyPm.c ****         CY_PM_PWR_STOP_REG = CY_PM_PWR_STOP_REG | CY_PM_PWR_STOP_STOP;
 233:.\Generated_Source\PSoC4/cyPm.c **** 
 234:.\Generated_Source\PSoC4/cyPm.c ****         /* Depending on the clock frequency and internal timing delays,
 235:.\Generated_Source\PSoC4/cyPm.c ****          * the final AHB transaction may or may not complete. To guard against
 236:.\Generated_Source\PSoC4/cyPm.c ****          * accidentally executing an unintended instruction, it is recommended
 237:.\Generated_Source\PSoC4/cyPm.c ****          * to add 2 NOP cycles after the final write to the STOP register.
 238:.\Generated_Source\PSoC4/cyPm.c ****          */
 239:.\Generated_Source\PSoC4/cyPm.c ****         CY_NOP;
 240:.\Generated_Source\PSoC4/cyPm.c ****         CY_NOP;
 241:.\Generated_Source\PSoC4/cyPm.c **** 
 242:.\Generated_Source\PSoC4/cyPm.c ****         /* Should never get to this WFI instruction */
 243:.\Generated_Source\PSoC4/cyPm.c ****         CY_PM_WFI;
 244:.\Generated_Source\PSoC4/cyPm.c **** 
 245:.\Generated_Source\PSoC4/cyPm.c ****         /* Wakeup from Stop is performed by toggling of Wakeup pin,
 246:.\Generated_Source\PSoC4/cyPm.c ****          * causing a normal Boot procedure to occur. No need to exit
 247:.\Generated_Source\PSoC4/cyPm.c ****          * from the critical section.
 248:.\Generated_Source\PSoC4/cyPm.c ****          */
 249:.\Generated_Source\PSoC4/cyPm.c ****     }
 250:.\Generated_Source\PSoC4/cyPm.c **** 
 251:.\Generated_Source\PSoC4/cyPm.c **** 
 252:.\Generated_Source\PSoC4/cyPm.c ****     /*******************************************************************************
 253:.\Generated_Source\PSoC4/cyPm.c ****     * Function Name: CySysPmSetWakeupPolarity
 254:.\Generated_Source\PSoC4/cyPm.c ****     ********************************************************************************
 255:.\Generated_Source\PSoC4/cyPm.c ****     *
 256:.\Generated_Source\PSoC4/cyPm.c ****     * Summary:
 257:.\Generated_Source\PSoC4/cyPm.c ****     *  Wake up from the stop mode is performed by toggling the wakeup pin,
 258:.\Generated_Source\PSoC4/cyPm.c ****     *  causing a normal boot procedure to occur. This function assigns
 259:.\Generated_Source\PSoC4/cyPm.c ****     *  the wakeup pin active level. Setting the wakeup pin to this level will cause
 260:.\Generated_Source\PSoC4/cyPm.c ****     *  the wakeup from stop mode. The wakeup pin is active low by default.
 261:.\Generated_Source\PSoC4/cyPm.c ****     *
 262:.\Generated_Source\PSoC4/cyPm.c ****     * Parameters:
 263:.\Generated_Source\PSoC4/cyPm.c ****     *  polarity: Wakeup pin active level:
 264:.\Generated_Source\PSoC4/cyPm.c ****     *   Value    Define                          Level
 265:.\Generated_Source\PSoC4/cyPm.c ****     *    0        CY_PM_STOP_WAKEUP_ACTIVE_LOW    Logical zero will wakeup the chip
 266:.\Generated_Source\PSoC4/cyPm.c ****     *    1        CY_PM_STOP_WAKEUP_ACTIVE_HIGH   Logical one will wakeup the chip
 267:.\Generated_Source\PSoC4/cyPm.c ****     *
 268:.\Generated_Source\PSoC4/cyPm.c ****     * Return:
 269:.\Generated_Source\PSoC4/cyPm.c ****     *  None
 270:.\Generated_Source\PSoC4/cyPm.c ****     *
 271:.\Generated_Source\PSoC4/cyPm.c ****     *******************************************************************************/
 272:.\Generated_Source\PSoC4/cyPm.c ****     void CySysPmSetWakeupPolarity(uint32 polarity)
 273:.\Generated_Source\PSoC4/cyPm.c ****     {
 226              		.loc 1 273 0
 227              		.cfi_startproc
 228              	.LVL10:
 229 0000 10B5     		push	{r4, lr}
 230              		.cfi_def_cfa_offset 8
 231              		.cfi_offset 4, -8
 232              		.cfi_offset 14, -4
 233 0002 041C     		mov	r4, r0
 274:.\Generated_Source\PSoC4/cyPm.c ****         uint8 interruptState;
 275:.\Generated_Source\PSoC4/cyPm.c **** 
 276:.\Generated_Source\PSoC4/cyPm.c ****         interruptState = CyEnterCriticalSection();
 234              		.loc 1 276 0
 235 0004 FFF7FEFF 		bl	CyEnterCriticalSection
 236              	.LVL11:
 277:.\Generated_Source\PSoC4/cyPm.c **** 
ARM GAS  C:\Users\Jarik\AppData\Local\Temp\cczxlCkd.s 			page 10


 278:.\Generated_Source\PSoC4/cyPm.c ****         CY_PM_PWR_STOP_REG = (CY_PM_STOP_WAKEUP_ACTIVE_LOW != polarity) ?
 279:.\Generated_Source\PSoC4/cyPm.c ****                             (CY_PM_PWR_STOP_REG | CY_PM_PWR_STOP_POLARITY) :
 237              		.loc 1 279 0
 238 0008 002C     		cmp	r4, #0
 239 000a 05D0     		beq	.L11
 240              		.loc 1 279 0 is_stmt 0 discriminator 1
 241 000c 074B     		ldr	r3, .L13
 242 000e 1B68     		ldr	r3, [r3]
 243 0010 8022     		mov	r2, #128
 244 0012 5202     		lsl	r2, r2, #9
 245 0014 1A43     		orr	r2, r3
 246 0016 03E0     		b	.L12
 247              	.L11:
 280:.\Generated_Source\PSoC4/cyPm.c ****                             (CY_PM_PWR_STOP_REG & (uint32) (~CY_PM_PWR_STOP_POLARITY));
 248              		.loc 1 280 0 is_stmt 1 discriminator 2
 249 0018 044B     		ldr	r3, .L13
 250 001a 1A68     		ldr	r2, [r3]
 279:.\Generated_Source\PSoC4/cyPm.c ****                             (CY_PM_PWR_STOP_REG | CY_PM_PWR_STOP_POLARITY) :
 251              		.loc 1 279 0 discriminator 2
 252 001c 044B     		ldr	r3, .L13+4
 253 001e 1A40     		and	r2, r3
 254              	.L12:
 278:.\Generated_Source\PSoC4/cyPm.c ****         CY_PM_PWR_STOP_REG = (CY_PM_STOP_WAKEUP_ACTIVE_LOW != polarity) ?
 255              		.loc 1 278 0
 256 0020 024B     		ldr	r3, .L13
 257 0022 1A60     		str	r2, [r3]
 281:.\Generated_Source\PSoC4/cyPm.c **** 
 282:.\Generated_Source\PSoC4/cyPm.c ****         CyExitCriticalSection(interruptState);
 258              		.loc 1 282 0
 259 0024 FFF7FEFF 		bl	CyExitCriticalSection
 260              	.LVL12:
 283:.\Generated_Source\PSoC4/cyPm.c ****     }
 261              		.loc 1 283 0
 262              		@ sp needed
 263              	.LVL13:
 264 0028 10BD     		pop	{r4, pc}
 265              	.L14:
 266 002a C046     		.align	2
 267              	.L13:
 268 002c 2C000B40 		.word	1074462764
 269 0030 FFFFFEFF 		.word	-65537
 270              		.cfi_endproc
 271              	.LFE4:
 272              		.size	CySysPmSetWakeupPolarity, .-CySysPmSetWakeupPolarity
 273              		.section	.text.CySysPmGetResetReason,"ax",%progbits
 274              		.align	2
 275              		.global	CySysPmGetResetReason
 276              		.code	16
 277              		.thumb_func
 278              		.type	CySysPmGetResetReason, %function
 279              	CySysPmGetResetReason:
 280              	.LFB5:
 284:.\Generated_Source\PSoC4/cyPm.c **** 
 285:.\Generated_Source\PSoC4/cyPm.c **** 
 286:.\Generated_Source\PSoC4/cyPm.c ****     /*******************************************************************************
 287:.\Generated_Source\PSoC4/cyPm.c ****     * Function Name: CySysPmGetResetReason
 288:.\Generated_Source\PSoC4/cyPm.c ****     ********************************************************************************
ARM GAS  C:\Users\Jarik\AppData\Local\Temp\cczxlCkd.s 			page 11


 289:.\Generated_Source\PSoC4/cyPm.c ****     *
 290:.\Generated_Source\PSoC4/cyPm.c ****     * Summary:
 291:.\Generated_Source\PSoC4/cyPm.c ****     *  Retrieves the last reset reason - transition from OFF/XRES/STOP/HIBERNATE to
 292:.\Generated_Source\PSoC4/cyPm.c ****     *  the RESET state. Note that waking up from STOP using XRES will be perceived
 293:.\Generated_Source\PSoC4/cyPm.c ****     *  as a general RESET.
 294:.\Generated_Source\PSoC4/cyPm.c ****     *
 295:.\Generated_Source\PSoC4/cyPm.c ****     * Parameters:
 296:.\Generated_Source\PSoC4/cyPm.c ****     *  None
 297:.\Generated_Source\PSoC4/cyPm.c ****     *
 298:.\Generated_Source\PSoC4/cyPm.c ****     * Return:
 299:.\Generated_Source\PSoC4/cyPm.c ****     *  Reset reason.
 300:.\Generated_Source\PSoC4/cyPm.c ****     *  CY_PM_RESET_REASON_UNKN        - unknown
 301:.\Generated_Source\PSoC4/cyPm.c ****     *  CY_PM_RESET_REASON_XRES        - transition from OFF/XRES to RESET
 302:.\Generated_Source\PSoC4/cyPm.c ****     *  CY_PM_RESET_REASON_WAKEUP_HIB  - transition/wakeup from HIBERNATE to RESET
 303:.\Generated_Source\PSoC4/cyPm.c ****     *  CY_PM_RESET_REASON_WAKEUP_STOP - transition/wakeup from STOP to RESET
 304:.\Generated_Source\PSoC4/cyPm.c ****     *
 305:.\Generated_Source\PSoC4/cyPm.c ****     *******************************************************************************/
 306:.\Generated_Source\PSoC4/cyPm.c ****     uint32 CySysPmGetResetReason(void)
 307:.\Generated_Source\PSoC4/cyPm.c ****     {
 281              		.loc 1 307 0
 282              		.cfi_startproc
 283              	.LVL14:
 308:.\Generated_Source\PSoC4/cyPm.c ****         uint32 reason = CY_PM_RESET_REASON_UNKN;
 309:.\Generated_Source\PSoC4/cyPm.c **** 
 310:.\Generated_Source\PSoC4/cyPm.c ****         switch(CY_PM_PWR_STOP_REG & CY_PM_PWR_STOP_TOKEN_MASK)
 284              		.loc 1 310 0
 285 0000 084B     		ldr	r3, .L21
 286 0002 1B68     		ldr	r3, [r3]
 287 0004 FF22     		mov	r2, #255
 288 0006 1340     		and	r3, r2
 289 0008 F12B     		cmp	r3, #241
 290 000a 05D0     		beq	.L17
 291 000c F22B     		cmp	r3, #242
 292 000e 05D0     		beq	.L18
 293 0010 002B     		cmp	r3, #0
 294 0012 05D0     		beq	.L20
 308:.\Generated_Source\PSoC4/cyPm.c ****         uint32 reason = CY_PM_RESET_REASON_UNKN;
 295              		.loc 1 308 0
 296 0014 0020     		mov	r0, #0
 297 0016 04E0     		b	.L19
 298              	.L17:
 299              	.LVL15:
 311:.\Generated_Source\PSoC4/cyPm.c ****         {
 312:.\Generated_Source\PSoC4/cyPm.c ****         /* Power up, XRES */
 313:.\Generated_Source\PSoC4/cyPm.c ****         case CY_PM_PWR_STOP_TOKEN_XRES:
 314:.\Generated_Source\PSoC4/cyPm.c ****             reason = CY_PM_RESET_REASON_XRES;
 315:.\Generated_Source\PSoC4/cyPm.c ****             break;
 316:.\Generated_Source\PSoC4/cyPm.c **** 
 317:.\Generated_Source\PSoC4/cyPm.c ****         /* Wakeup from Hibernate */
 318:.\Generated_Source\PSoC4/cyPm.c ****         case CY_PM_PWR_STOP_TOKEN_HIB:
 319:.\Generated_Source\PSoC4/cyPm.c ****             reason = CY_PM_RESET_REASON_WAKEUP_HIB;
 300              		.loc 1 319 0
 301 0018 0220     		mov	r0, #2
 320:.\Generated_Source\PSoC4/cyPm.c ****             break;
 302              		.loc 1 320 0
 303 001a 02E0     		b	.L19
 304              	.LVL16:
ARM GAS  C:\Users\Jarik\AppData\Local\Temp\cczxlCkd.s 			page 12


 305              	.L18:
 321:.\Generated_Source\PSoC4/cyPm.c **** 
 322:.\Generated_Source\PSoC4/cyPm.c ****         /* Wakeup from Stop (through WAKEUP pin assert) */
 323:.\Generated_Source\PSoC4/cyPm.c ****         case CY_PM_PWR_STOP_TOKEN_STOP:
 324:.\Generated_Source\PSoC4/cyPm.c ****             reason = CY_PM_RESET_REASON_WAKEUP_STOP;
 306              		.loc 1 324 0
 307 001c 0320     		mov	r0, #3
 325:.\Generated_Source\PSoC4/cyPm.c ****             break;
 308              		.loc 1 325 0
 309 001e 00E0     		b	.L19
 310              	.LVL17:
 311              	.L20:
 314:.\Generated_Source\PSoC4/cyPm.c ****             reason = CY_PM_RESET_REASON_XRES;
 312              		.loc 1 314 0
 313 0020 0120     		mov	r0, #1
 314              	.LVL18:
 315              	.L19:
 326:.\Generated_Source\PSoC4/cyPm.c **** 
 327:.\Generated_Source\PSoC4/cyPm.c ****         /* Unknown reason */
 328:.\Generated_Source\PSoC4/cyPm.c ****         default:
 329:.\Generated_Source\PSoC4/cyPm.c ****             break;
 330:.\Generated_Source\PSoC4/cyPm.c ****         }
 331:.\Generated_Source\PSoC4/cyPm.c **** 
 332:.\Generated_Source\PSoC4/cyPm.c ****         return (reason);
 333:.\Generated_Source\PSoC4/cyPm.c ****     }
 316              		.loc 1 333 0
 317              		@ sp needed
 318 0022 7047     		bx	lr
 319              	.L22:
 320              		.align	2
 321              	.L21:
 322 0024 2C000B40 		.word	1074462764
 323              		.cfi_endproc
 324              	.LFE5:
 325              		.size	CySysPmGetResetReason, .-CySysPmGetResetReason
 326              		.section	.text.CySysPmFreezeIo,"ax",%progbits
 327              		.align	2
 328              		.global	CySysPmFreezeIo
 329              		.code	16
 330              		.thumb_func
 331              		.type	CySysPmFreezeIo, %function
 332              	CySysPmFreezeIo:
 333              	.LFB6:
 334:.\Generated_Source\PSoC4/cyPm.c **** 
 335:.\Generated_Source\PSoC4/cyPm.c **** 
 336:.\Generated_Source\PSoC4/cyPm.c ****     /*******************************************************************************
 337:.\Generated_Source\PSoC4/cyPm.c ****     * Function Name: CySysPmFreezeIo
 338:.\Generated_Source\PSoC4/cyPm.c ****     ********************************************************************************
 339:.\Generated_Source\PSoC4/cyPm.c ****     *
 340:.\Generated_Source\PSoC4/cyPm.c ****     * Summary:
 341:.\Generated_Source\PSoC4/cyPm.c ****     *  Freezes IO-Cells directly to save the IO-Cell state on wake up from the
 342:.\Generated_Source\PSoC4/cyPm.c ****     *  Hibernate or Stop state. It is not required to call this function before
 343:.\Generated_Source\PSoC4/cyPm.c ****     *  entering the Stop mode, since CySysPmStop() function freezes IO-Cells
 344:.\Generated_Source\PSoC4/cyPm.c ****     *  implicitly.
 345:.\Generated_Source\PSoC4/cyPm.c ****     *
 346:.\Generated_Source\PSoC4/cyPm.c ****     * Parameters:
 347:.\Generated_Source\PSoC4/cyPm.c ****     *  None
ARM GAS  C:\Users\Jarik\AppData\Local\Temp\cczxlCkd.s 			page 13


 348:.\Generated_Source\PSoC4/cyPm.c ****     *
 349:.\Generated_Source\PSoC4/cyPm.c ****     * Return:
 350:.\Generated_Source\PSoC4/cyPm.c ****     *  None
 351:.\Generated_Source\PSoC4/cyPm.c ****     *
 352:.\Generated_Source\PSoC4/cyPm.c ****     *******************************************************************************/
 353:.\Generated_Source\PSoC4/cyPm.c ****     void CySysPmFreezeIo(void)
 354:.\Generated_Source\PSoC4/cyPm.c ****     {
 334              		.loc 1 354 0
 335              		.cfi_startproc
 336 0000 08B5     		push	{r3, lr}
 337              		.cfi_def_cfa_offset 8
 338              		.cfi_offset 3, -8
 339              		.cfi_offset 14, -4
 355:.\Generated_Source\PSoC4/cyPm.c ****         uint8 interruptState;
 356:.\Generated_Source\PSoC4/cyPm.c **** 
 357:.\Generated_Source\PSoC4/cyPm.c ****         interruptState = CyEnterCriticalSection();
 340              		.loc 1 357 0
 341 0002 FFF7FEFF 		bl	CyEnterCriticalSection
 342              	.LVL19:
 358:.\Generated_Source\PSoC4/cyPm.c **** 
 359:.\Generated_Source\PSoC4/cyPm.c ****         /* Check FREEZE state to avoid recurrent IO-Cells freeze attempt,
 360:.\Generated_Source\PSoC4/cyPm.c ****          * since the second call to this function will cause accidental switch
 361:.\Generated_Source\PSoC4/cyPm.c ****          * to the STOP mode (the system will enter STOP mode immediately after
 362:.\Generated_Source\PSoC4/cyPm.c ****          * writing to STOP bit since both UNLOCK and FREEZE have been set correctly
 363:.\Generated_Source\PSoC4/cyPm.c ****          * in a previous call to this function).
 364:.\Generated_Source\PSoC4/cyPm.c ****          */
 365:.\Generated_Source\PSoC4/cyPm.c ****         if (0u == (CY_PM_PWR_STOP_REG & CY_PM_PWR_STOP_FREEZE))
 343              		.loc 1 365 0
 344 0006 094B     		ldr	r3, .L25
 345 0008 1B68     		ldr	r3, [r3]
 346 000a 9A03     		lsl	r2, r3, #14
 347 000c 0AD4     		bmi	.L24
 366:.\Generated_Source\PSoC4/cyPm.c ****         {
 367:.\Generated_Source\PSoC4/cyPm.c ****             /* Preserve last reset reason and disable overrides the next freeze command by peripher
 368:.\Generated_Source\PSoC4/cyPm.c ****             CY_PM_PWR_STOP_REG = CY_PM_PWR_STOP_STOP | CY_PM_PWR_STOP_FREEZE | CY_PM_PWR_STOP_UNLOC
 369:.\Generated_Source\PSoC4/cyPm.c ****                                 (CY_PM_PWR_STOP_REG & (CY_PM_PWR_STOP_TOKEN_MASK | CY_PM_PWR_STOP_P
 348              		.loc 1 369 0
 349 000e 074B     		ldr	r3, .L25
 350 0010 1968     		ldr	r1, [r3]
 351 0012 074A     		ldr	r2, .L25+4
 352 0014 0A40     		and	r2, r1
 368:.\Generated_Source\PSoC4/cyPm.c ****             CY_PM_PWR_STOP_REG = CY_PM_PWR_STOP_STOP | CY_PM_PWR_STOP_FREEZE | CY_PM_PWR_STOP_UNLOC
 353              		.loc 1 368 0
 354 0016 0749     		ldr	r1, .L25+8
 355 0018 0A43     		orr	r2, r1
 356 001a 1A60     		str	r2, [r3]
 370:.\Generated_Source\PSoC4/cyPm.c **** 
 371:.\Generated_Source\PSoC4/cyPm.c ****             /* If reading after writing, read this register three times to delay
 372:.\Generated_Source\PSoC4/cyPm.c ****             *  enough time for internal settling.
 373:.\Generated_Source\PSoC4/cyPm.c ****             */
 374:.\Generated_Source\PSoC4/cyPm.c ****             (void) CY_PM_PWR_STOP_REG;
 357              		.loc 1 374 0
 358 001c 1A68     		ldr	r2, [r3]
 375:.\Generated_Source\PSoC4/cyPm.c ****             (void) CY_PM_PWR_STOP_REG;
 359              		.loc 1 375 0
 360 001e 1A68     		ldr	r2, [r3]
 376:.\Generated_Source\PSoC4/cyPm.c **** 
ARM GAS  C:\Users\Jarik\AppData\Local\Temp\cczxlCkd.s 			page 14


 377:.\Generated_Source\PSoC4/cyPm.c ****             /* Second write causes the freeze of IO-Cells to save IO-Cell state */
 378:.\Generated_Source\PSoC4/cyPm.c ****             CY_PM_PWR_STOP_REG = CY_PM_PWR_STOP_REG;
 361              		.loc 1 378 0
 362 0020 1A68     		ldr	r2, [r3]
 363 0022 1A60     		str	r2, [r3]
 364              	.L24:
 379:.\Generated_Source\PSoC4/cyPm.c ****         }
 380:.\Generated_Source\PSoC4/cyPm.c **** 
 381:.\Generated_Source\PSoC4/cyPm.c ****         CyExitCriticalSection(interruptState);
 365              		.loc 1 381 0
 366 0024 FFF7FEFF 		bl	CyExitCriticalSection
 367              	.LVL20:
 382:.\Generated_Source\PSoC4/cyPm.c ****     }
 368              		.loc 1 382 0
 369              		@ sp needed
 370 0028 08BD     		pop	{r3, pc}
 371              	.L26:
 372 002a C046     		.align	2
 373              	.L25:
 374 002c 2C000B40 		.word	1074462764
 375 0030 FF000100 		.word	65791
 376 0034 003A0280 		.word	-2147337728
 377              		.cfi_endproc
 378              	.LFE6:
 379              		.size	CySysPmFreezeIo, .-CySysPmFreezeIo
 380              		.section	.text.CySysPmStop,"ax",%progbits
 381              		.align	2
 382              		.global	CySysPmStop
 383              		.code	16
 384              		.thumb_func
 385              		.type	CySysPmStop, %function
 386              	CySysPmStop:
 387              	.LFB3:
 222:.\Generated_Source\PSoC4/cyPm.c ****     {
 388              		.loc 1 222 0
 389              		.cfi_startproc
 390 0000 10B5     		push	{r4, lr}
 391              		.cfi_def_cfa_offset 8
 392              		.cfi_offset 4, -8
 393              		.cfi_offset 14, -4
 223:.\Generated_Source\PSoC4/cyPm.c ****         (void) CyEnterCriticalSection();
 394              		.loc 1 223 0
 395 0002 FFF7FEFF 		bl	CyEnterCriticalSection
 396              	.LVL21:
 226:.\Generated_Source\PSoC4/cyPm.c ****         CY_PM_PWR_STOP_REG = (CY_PM_PWR_STOP_REG & CY_PM_PWR_STOP_POLARITY) | CY_PM_PWR_STOP_TOKEN_
 397              		.loc 1 226 0
 398 0006 094C     		ldr	r4, .L28
 399 0008 2268     		ldr	r2, [r4]
 400 000a 8023     		mov	r3, #128
 401 000c 5B02     		lsl	r3, r3, #9
 402 000e 1340     		and	r3, r2
 403 0010 F222     		mov	r2, #242
 404 0012 1343     		orr	r3, r2
 405 0014 2360     		str	r3, [r4]
 229:.\Generated_Source\PSoC4/cyPm.c ****         CySysPmFreezeIo();
 406              		.loc 1 229 0
 407 0016 FFF7FEFF 		bl	CySysPmFreezeIo
ARM GAS  C:\Users\Jarik\AppData\Local\Temp\cczxlCkd.s 			page 15


 408              	.LVL22:
 232:.\Generated_Source\PSoC4/cyPm.c ****         CY_PM_PWR_STOP_REG = CY_PM_PWR_STOP_REG | CY_PM_PWR_STOP_STOP;
 409              		.loc 1 232 0
 410 001a 2268     		ldr	r2, [r4]
 411 001c 8023     		mov	r3, #128
 412 001e 1B06     		lsl	r3, r3, #24
 413 0020 1343     		orr	r3, r2
 414 0022 2360     		str	r3, [r4]
 239:.\Generated_Source\PSoC4/cyPm.c ****         CY_NOP;
 415              		.loc 1 239 0
 416              	@ 239 ".\Generated_Source\PSoC4\cyPm.c" 1
 417 0024 C046     		NOP
 418              	
 419              	@ 0 "" 2
 240:.\Generated_Source\PSoC4/cyPm.c ****         CY_NOP;
 420              		.loc 1 240 0
 421              	@ 240 ".\Generated_Source\PSoC4\cyPm.c" 1
 422 0026 C046     		NOP
 423              	
 424              	@ 0 "" 2
 243:.\Generated_Source\PSoC4/cyPm.c ****         CY_PM_WFI;
 425              		.loc 1 243 0
 426              	@ 243 ".\Generated_Source\PSoC4\cyPm.c" 1
 427 0028 30BF     		WFI 
 428              	
 429              	@ 0 "" 2
 249:.\Generated_Source\PSoC4/cyPm.c ****     }
 430              		.loc 1 249 0
 431              		.code	16
 432              		@ sp needed
 433 002a 10BD     		pop	{r4, pc}
 434              	.L29:
 435              		.align	2
 436              	.L28:
 437 002c 2C000B40 		.word	1074462764
 438              		.cfi_endproc
 439              	.LFE3:
 440              		.size	CySysPmStop, .-CySysPmStop
 441              		.section	.text.CySysPmUnfreezeIo,"ax",%progbits
 442              		.align	2
 443              		.global	CySysPmUnfreezeIo
 444              		.code	16
 445              		.thumb_func
 446              		.type	CySysPmUnfreezeIo, %function
 447              	CySysPmUnfreezeIo:
 448              	.LFB7:
 383:.\Generated_Source\PSoC4/cyPm.c **** 
 384:.\Generated_Source\PSoC4/cyPm.c **** 
 385:.\Generated_Source\PSoC4/cyPm.c ****     /*******************************************************************************
 386:.\Generated_Source\PSoC4/cyPm.c ****     * Function Name: CySysPmUnfreezeIo
 387:.\Generated_Source\PSoC4/cyPm.c ****     ********************************************************************************
 388:.\Generated_Source\PSoC4/cyPm.c ****     *
 389:.\Generated_Source\PSoC4/cyPm.c ****     * Summary:
 390:.\Generated_Source\PSoC4/cyPm.c ****     *  The IO-Cells remain frozen after awake from Hibernate or Stop mode until
 391:.\Generated_Source\PSoC4/cyPm.c ****     *  the firmware unfreezes them after booting. The call of this function
 392:.\Generated_Source\PSoC4/cyPm.c ****     *  unfreezes IO-Cells explicitly.
 393:.\Generated_Source\PSoC4/cyPm.c ****     *
ARM GAS  C:\Users\Jarik\AppData\Local\Temp\cczxlCkd.s 			page 16


 394:.\Generated_Source\PSoC4/cyPm.c ****     * Parameters:
 395:.\Generated_Source\PSoC4/cyPm.c ****     *  None
 396:.\Generated_Source\PSoC4/cyPm.c ****     *
 397:.\Generated_Source\PSoC4/cyPm.c ****     * Return:
 398:.\Generated_Source\PSoC4/cyPm.c ****     *  None
 399:.\Generated_Source\PSoC4/cyPm.c ****     *
 400:.\Generated_Source\PSoC4/cyPm.c ****     *******************************************************************************/
 401:.\Generated_Source\PSoC4/cyPm.c ****     void CySysPmUnfreezeIo(void)
 402:.\Generated_Source\PSoC4/cyPm.c ****     {
 449              		.loc 1 402 0
 450              		.cfi_startproc
 451 0000 10B5     		push	{r4, lr}
 452              		.cfi_def_cfa_offset 8
 453              		.cfi_offset 4, -8
 454              		.cfi_offset 14, -4
 403:.\Generated_Source\PSoC4/cyPm.c ****         uint8 interruptState;
 404:.\Generated_Source\PSoC4/cyPm.c **** 
 405:.\Generated_Source\PSoC4/cyPm.c ****         interruptState = CyEnterCriticalSection();
 455              		.loc 1 405 0
 456 0002 FFF7FEFF 		bl	CyEnterCriticalSection
 457              	.LVL23:
 406:.\Generated_Source\PSoC4/cyPm.c **** 
 407:.\Generated_Source\PSoC4/cyPm.c ****         /* Preserve last reset reason and wakeup polarity. Then, unfreeze I/O:
 408:.\Generated_Source\PSoC4/cyPm.c ****          * write PWR_STOP.FREEZE=0, .UNLOCK=0x3A, .STOP=0, .TOKEN
 409:.\Generated_Source\PSoC4/cyPm.c ****          */
 410:.\Generated_Source\PSoC4/cyPm.c ****         CY_PM_PWR_STOP_REG = CY_PM_PWR_STOP_UNLOCK |
 411:.\Generated_Source\PSoC4/cyPm.c ****                             (CY_PM_PWR_STOP_REG & (CY_PM_PWR_STOP_TOKEN_MASK | CY_PM_PWR_STOP_POLAR
 458              		.loc 1 411 0
 459 0006 084B     		ldr	r3, .L31
 460 0008 1968     		ldr	r1, [r3]
 461 000a 084A     		ldr	r2, .L31+4
 462 000c 1140     		and	r1, r2
 410:.\Generated_Source\PSoC4/cyPm.c ****         CY_PM_PWR_STOP_REG = CY_PM_PWR_STOP_UNLOCK |
 463              		.loc 1 410 0
 464 000e E824     		mov	r4, #232
 465 0010 A401     		lsl	r4, r4, #6
 466 0012 2143     		orr	r1, r4
 467 0014 1960     		str	r1, [r3]
 412:.\Generated_Source\PSoC4/cyPm.c **** 
 413:.\Generated_Source\PSoC4/cyPm.c ****         /* If reading after writing, read this register three times to delay
 414:.\Generated_Source\PSoC4/cyPm.c ****         *  enough time for internal settling.
 415:.\Generated_Source\PSoC4/cyPm.c ****         */
 416:.\Generated_Source\PSoC4/cyPm.c ****         (void) CY_PM_PWR_STOP_REG;
 468              		.loc 1 416 0
 469 0016 1968     		ldr	r1, [r3]
 417:.\Generated_Source\PSoC4/cyPm.c ****         (void) CY_PM_PWR_STOP_REG;
 470              		.loc 1 417 0
 471 0018 1968     		ldr	r1, [r3]
 418:.\Generated_Source\PSoC4/cyPm.c **** 
 419:.\Generated_Source\PSoC4/cyPm.c ****         /* Lock STOP mode: write PWR_STOP.FREEZE=0, UNLOCK=0x00, STOP=0, .TOKEN */
 420:.\Generated_Source\PSoC4/cyPm.c ****         CY_PM_PWR_STOP_REG &= (CY_PM_PWR_STOP_TOKEN_MASK | CY_PM_PWR_STOP_POLARITY);
 472              		.loc 1 420 0
 473 001a 1968     		ldr	r1, [r3]
 474 001c 0A40     		and	r2, r1
 475 001e 1A60     		str	r2, [r3]
 421:.\Generated_Source\PSoC4/cyPm.c **** 
 422:.\Generated_Source\PSoC4/cyPm.c ****         CyExitCriticalSection(interruptState);
ARM GAS  C:\Users\Jarik\AppData\Local\Temp\cczxlCkd.s 			page 17


 476              		.loc 1 422 0
 477 0020 FFF7FEFF 		bl	CyExitCriticalSection
 478              	.LVL24:
 423:.\Generated_Source\PSoC4/cyPm.c ****     }
 479              		.loc 1 423 0
 480              		@ sp needed
 481 0024 10BD     		pop	{r4, pc}
 482              	.L32:
 483 0026 C046     		.align	2
 484              	.L31:
 485 0028 2C000B40 		.word	1074462764
 486 002c FF000100 		.word	65791
 487              		.cfi_endproc
 488              	.LFE7:
 489              		.size	CySysPmUnfreezeIo, .-CySysPmUnfreezeIo
 490              		.text
 491              	.Letext0:
 492              		.file 2 ".\\Generated_Source\\PSoC4\\cytypes.h"
 493              		.file 3 ".\\Generated_Source\\PSoC4\\CyLib.h"
 494              		.section	.debug_info,"",%progbits
 495              	.Ldebug_info0:
 496 0000 CC020000 		.4byte	0x2cc
 497 0004 0400     		.2byte	0x4
 498 0006 00000000 		.4byte	.Ldebug_abbrev0
 499 000a 04       		.byte	0x4
 500 000b 01       		.uleb128 0x1
 501 000c 2C010000 		.4byte	.LASF28
 502 0010 01       		.byte	0x1
 503 0011 F7010000 		.4byte	.LASF29
 504 0015 3B020000 		.4byte	.LASF30
 505 0019 00000000 		.4byte	.Ldebug_ranges0+0
 506 001d 00000000 		.4byte	0
 507 0021 00000000 		.4byte	.Ldebug_line0
 508 0025 02       		.uleb128 0x2
 509 0026 01       		.byte	0x1
 510 0027 06       		.byte	0x6
 511 0028 70020000 		.4byte	.LASF0
 512 002c 02       		.uleb128 0x2
 513 002d 01       		.byte	0x1
 514 002e 08       		.byte	0x8
 515 002f 73000000 		.4byte	.LASF1
 516 0033 02       		.uleb128 0x2
 517 0034 02       		.byte	0x2
 518 0035 05       		.byte	0x5
 519 0036 17020000 		.4byte	.LASF2
 520 003a 02       		.uleb128 0x2
 521 003b 02       		.byte	0x2
 522 003c 07       		.byte	0x7
 523 003d 32000000 		.4byte	.LASF3
 524 0041 02       		.uleb128 0x2
 525 0042 04       		.byte	0x4
 526 0043 05       		.byte	0x5
 527 0044 32020000 		.4byte	.LASF4
 528 0048 02       		.uleb128 0x2
 529 0049 04       		.byte	0x4
 530 004a 07       		.byte	0x7
 531 004b 90000000 		.4byte	.LASF5
ARM GAS  C:\Users\Jarik\AppData\Local\Temp\cczxlCkd.s 			page 18


 532 004f 02       		.uleb128 0x2
 533 0050 08       		.byte	0x8
 534 0051 05       		.byte	0x5
 535 0052 D7010000 		.4byte	.LASF6
 536 0056 02       		.uleb128 0x2
 537 0057 08       		.byte	0x8
 538 0058 07       		.byte	0x7
 539 0059 5C000000 		.4byte	.LASF7
 540 005d 03       		.uleb128 0x3
 541 005e 04       		.byte	0x4
 542 005f 05       		.byte	0x5
 543 0060 696E7400 		.ascii	"int\000"
 544 0064 02       		.uleb128 0x2
 545 0065 04       		.byte	0x4
 546 0066 07       		.byte	0x7
 547 0067 F2000000 		.4byte	.LASF8
 548 006b 04       		.uleb128 0x4
 549 006c A2000000 		.4byte	.LASF9
 550 0070 02       		.byte	0x2
 551 0071 A1       		.byte	0xa1
 552 0072 2C000000 		.4byte	0x2c
 553 0076 04       		.uleb128 0x4
 554 0077 CD000000 		.4byte	.LASF10
 555 007b 02       		.byte	0x2
 556 007c A2       		.byte	0xa2
 557 007d 3A000000 		.4byte	0x3a
 558 0081 04       		.uleb128 0x4
 559 0082 D4000000 		.4byte	.LASF11
 560 0086 02       		.byte	0x2
 561 0087 A3       		.byte	0xa3
 562 0088 48000000 		.4byte	0x48
 563 008c 02       		.uleb128 0x2
 564 008d 04       		.byte	0x4
 565 008e 04       		.byte	0x4
 566 008f 56000000 		.4byte	.LASF12
 567 0093 02       		.uleb128 0x2
 568 0094 08       		.byte	0x8
 569 0095 04       		.byte	0x4
 570 0096 B4000000 		.4byte	.LASF13
 571 009a 02       		.uleb128 0x2
 572 009b 01       		.byte	0x1
 573 009c 08       		.byte	0x8
 574 009d E5010000 		.4byte	.LASF14
 575 00a1 05       		.uleb128 0x5
 576 00a2 00000000 		.4byte	.LASF15
 577 00a6 02       		.byte	0x2
 578 00a7 4C01     		.2byte	0x14c
 579 00a9 AD000000 		.4byte	0xad
 580 00ad 06       		.uleb128 0x6
 581 00ae 76000000 		.4byte	0x76
 582 00b2 05       		.uleb128 0x5
 583 00b3 06000000 		.4byte	.LASF16
 584 00b7 02       		.byte	0x2
 585 00b8 4D01     		.2byte	0x14d
 586 00ba BE000000 		.4byte	0xbe
 587 00be 06       		.uleb128 0x6
 588 00bf 81000000 		.4byte	0x81
ARM GAS  C:\Users\Jarik\AppData\Local\Temp\cczxlCkd.s 			page 19


 589 00c3 02       		.uleb128 0x2
 590 00c4 04       		.byte	0x4
 591 00c5 07       		.byte	0x7
 592 00c6 CE010000 		.4byte	.LASF17
 593 00ca 07       		.uleb128 0x7
 594 00cb 25000000 		.4byte	.LASF18
 595 00cf 01       		.byte	0x1
 596 00d0 28       		.byte	0x28
 597 00d1 00000000 		.4byte	.LFB0
 598 00d5 1C000000 		.4byte	.LFE0-.LFB0
 599 00d9 01       		.uleb128 0x1
 600 00da 9C       		.byte	0x9c
 601 00db 01010000 		.4byte	0x101
 602 00df 08       		.uleb128 0x8
 603 00e0 81000000 		.4byte	.LASF20
 604 00e4 01       		.byte	0x1
 605 00e5 2A       		.byte	0x2a
 606 00e6 6B000000 		.4byte	0x6b
 607 00ea 00000000 		.4byte	.LLST0
 608 00ee 09       		.uleb128 0x9
 609 00ef 06000000 		.4byte	.LVL0
 610 00f3 A6020000 		.4byte	0x2a6
 611 00f7 09       		.uleb128 0x9
 612 00f8 16000000 		.4byte	.LVL1
 613 00fc B1020000 		.4byte	0x2b1
 614 0100 00       		.byte	0
 615 0101 07       		.uleb128 0x7
 616 0102 21020000 		.4byte	.LASF19
 617 0106 01       		.byte	0x1
 618 0107 4E       		.byte	0x4e
 619 0108 00000000 		.4byte	.LFB1
 620 010c 6C000000 		.4byte	.LFE1-.LFB1
 621 0110 01       		.uleb128 0x1
 622 0111 9C       		.byte	0x9c
 623 0112 61010000 		.4byte	0x161
 624 0116 08       		.uleb128 0x8
 625 0117 81000000 		.4byte	.LASF20
 626 011b 01       		.byte	0x1
 627 011c 50       		.byte	0x50
 628 011d 6B000000 		.4byte	0x6b
 629 0121 13000000 		.4byte	.LLST1
 630 0125 0A       		.uleb128 0xa
 631 0126 EA010000 		.4byte	.LASF21
 632 012a 01       		.byte	0x1
 633 012b 52       		.byte	0x52
 634 012c BE000000 		.4byte	0xbe
 635 0130 02       		.uleb128 0x2
 636 0131 91       		.byte	0x91
 637 0132 64       		.sleb128 -28
 638 0133 09       		.uleb128 0x9
 639 0134 08000000 		.4byte	.LVL2
 640 0138 A6020000 		.4byte	0x2a6
 641 013c 0B       		.uleb128 0xb
 642 013d 40000000 		.4byte	.LVL5
 643 0141 C2020000 		.4byte	0x2c2
 644 0145 50010000 		.4byte	0x150
 645 0149 0C       		.uleb128 0xc
ARM GAS  C:\Users\Jarik\AppData\Local\Temp\cczxlCkd.s 			page 20


 646 014a 01       		.uleb128 0x1
 647 014b 50       		.byte	0x50
 648 014c 02       		.uleb128 0x2
 649 014d 75       		.byte	0x75
 650 014e 00       		.sleb128 0
 651 014f 00       		.byte	0
 652 0150 0D       		.uleb128 0xd
 653 0151 52000000 		.4byte	.LVL6
 654 0155 B1020000 		.4byte	0x2b1
 655 0159 0C       		.uleb128 0xc
 656 015a 01       		.uleb128 0x1
 657 015b 50       		.byte	0x50
 658 015c 02       		.uleb128 0x2
 659 015d 77       		.byte	0x77
 660 015e 00       		.sleb128 0
 661 015f 00       		.byte	0
 662 0160 00       		.byte	0
 663 0161 07       		.uleb128 0x7
 664 0162 45000000 		.4byte	.LASF22
 665 0166 01       		.byte	0x1
 666 0167 A0       		.byte	0xa0
 667 0168 00000000 		.4byte	.LFB2
 668 016c 50000000 		.4byte	.LFE2-.LFB2
 669 0170 01       		.uleb128 0x1
 670 0171 9C       		.byte	0x9c
 671 0172 98010000 		.4byte	0x198
 672 0176 08       		.uleb128 0x8
 673 0177 81000000 		.4byte	.LASF20
 674 017b 01       		.byte	0x1
 675 017c A2       		.byte	0xa2
 676 017d 6B000000 		.4byte	0x6b
 677 0181 31000000 		.4byte	.LLST2
 678 0185 09       		.uleb128 0x9
 679 0186 06000000 		.4byte	.LVL8
 680 018a A6020000 		.4byte	0x2a6
 681 018e 09       		.uleb128 0x9
 682 018f 3A000000 		.4byte	.LVL9
 683 0193 B1020000 		.4byte	0x2b1
 684 0197 00       		.byte	0
 685 0198 0E       		.uleb128 0xe
 686 0199 0C000000 		.4byte	.LASF23
 687 019d 01       		.byte	0x1
 688 019e 1001     		.2byte	0x110
 689 01a0 00000000 		.4byte	.LFB4
 690 01a4 34000000 		.4byte	.LFE4-.LFB4
 691 01a8 01       		.uleb128 0x1
 692 01a9 9C       		.byte	0x9c
 693 01aa E1010000 		.4byte	0x1e1
 694 01ae 0F       		.uleb128 0xf
 695 01af AF010000 		.4byte	.LASF31
 696 01b3 01       		.byte	0x1
 697 01b4 1001     		.2byte	0x110
 698 01b6 81000000 		.4byte	0x81
 699 01ba 44000000 		.4byte	.LLST3
 700 01be 10       		.uleb128 0x10
 701 01bf 81000000 		.4byte	.LASF20
 702 01c3 01       		.byte	0x1
ARM GAS  C:\Users\Jarik\AppData\Local\Temp\cczxlCkd.s 			page 21


 703 01c4 1201     		.2byte	0x112
 704 01c6 6B000000 		.4byte	0x6b
 705 01ca 70000000 		.4byte	.LLST4
 706 01ce 09       		.uleb128 0x9
 707 01cf 08000000 		.4byte	.LVL11
 708 01d3 A6020000 		.4byte	0x2a6
 709 01d7 09       		.uleb128 0x9
 710 01d8 28000000 		.4byte	.LVL12
 711 01dc B1020000 		.4byte	0x2b1
 712 01e0 00       		.byte	0
 713 01e1 11       		.uleb128 0x11
 714 01e2 B8010000 		.4byte	.LASF32
 715 01e6 01       		.byte	0x1
 716 01e7 3201     		.2byte	0x132
 717 01e9 81000000 		.4byte	0x81
 718 01ed 00000000 		.4byte	.LFB5
 719 01f1 28000000 		.4byte	.LFE5-.LFB5
 720 01f5 01       		.uleb128 0x1
 721 01f6 9C       		.byte	0x9c
 722 01f7 0C020000 		.4byte	0x20c
 723 01fb 10       		.uleb128 0x10
 724 01fc A8010000 		.4byte	.LASF24
 725 0200 01       		.byte	0x1
 726 0201 3401     		.2byte	0x134
 727 0203 81000000 		.4byte	0x81
 728 0207 83000000 		.4byte	.LLST5
 729 020b 00       		.byte	0
 730 020c 0E       		.uleb128 0xe
 731 020d 7C020000 		.4byte	.LASF25
 732 0211 01       		.byte	0x1
 733 0212 6101     		.2byte	0x161
 734 0214 00000000 		.4byte	.LFB6
 735 0218 38000000 		.4byte	.LFE6-.LFB6
 736 021c 01       		.uleb128 0x1
 737 021d 9C       		.byte	0x9c
 738 021e 45020000 		.4byte	0x245
 739 0222 10       		.uleb128 0x10
 740 0223 81000000 		.4byte	.LASF20
 741 0227 01       		.byte	0x1
 742 0228 6301     		.2byte	0x163
 743 022a 6B000000 		.4byte	0x6b
 744 022e C6000000 		.4byte	.LLST6
 745 0232 09       		.uleb128 0x9
 746 0233 06000000 		.4byte	.LVL19
 747 0237 A6020000 		.4byte	0x2a6
 748 023b 09       		.uleb128 0x9
 749 023c 28000000 		.4byte	.LVL20
 750 0240 B1020000 		.4byte	0x2b1
 751 0244 00       		.byte	0
 752 0245 07       		.uleb128 0x7
 753 0246 A8000000 		.4byte	.LASF26
 754 024a 01       		.byte	0x1
 755 024b DD       		.byte	0xdd
 756 024c 00000000 		.4byte	.LFB3
 757 0250 30000000 		.4byte	.LFE3-.LFB3
 758 0254 01       		.uleb128 0x1
 759 0255 9C       		.byte	0x9c
ARM GAS  C:\Users\Jarik\AppData\Local\Temp\cczxlCkd.s 			page 22


 760 0256 6D020000 		.4byte	0x26d
 761 025a 09       		.uleb128 0x9
 762 025b 06000000 		.4byte	.LVL21
 763 025f A6020000 		.4byte	0x2a6
 764 0263 09       		.uleb128 0x9
 765 0264 1A000000 		.4byte	.LVL22
 766 0268 0C020000 		.4byte	0x20c
 767 026c 00       		.byte	0
 768 026d 0E       		.uleb128 0xe
 769 026e BB000000 		.4byte	.LASF27
 770 0272 01       		.byte	0x1
 771 0273 9101     		.2byte	0x191
 772 0275 00000000 		.4byte	.LFB7
 773 0279 30000000 		.4byte	.LFE7-.LFB7
 774 027d 01       		.uleb128 0x1
 775 027e 9C       		.byte	0x9c
 776 027f A6020000 		.4byte	0x2a6
 777 0283 10       		.uleb128 0x10
 778 0284 81000000 		.4byte	.LASF20
 779 0288 01       		.byte	0x1
 780 0289 9301     		.2byte	0x193
 781 028b 6B000000 		.4byte	0x6b
 782 028f D9000000 		.4byte	.LLST7
 783 0293 09       		.uleb128 0x9
 784 0294 06000000 		.4byte	.LVL23
 785 0298 A6020000 		.4byte	0x2a6
 786 029c 09       		.uleb128 0x9
 787 029d 24000000 		.4byte	.LVL24
 788 02a1 B1020000 		.4byte	0x2b1
 789 02a5 00       		.byte	0
 790 02a6 12       		.uleb128 0x12
 791 02a7 DB000000 		.4byte	.LASF33
 792 02ab 03       		.byte	0x3
 793 02ac 82       		.byte	0x82
 794 02ad 6B000000 		.4byte	0x6b
 795 02b1 13       		.uleb128 0x13
 796 02b2 FF000000 		.4byte	.LASF34
 797 02b6 03       		.byte	0x3
 798 02b7 83       		.byte	0x83
 799 02b8 C2020000 		.4byte	0x2c2
 800 02bc 14       		.uleb128 0x14
 801 02bd 6B000000 		.4byte	0x6b
 802 02c1 00       		.byte	0
 803 02c2 15       		.uleb128 0x15
 804 02c3 15010000 		.4byte	.LASF35
 805 02c7 03       		.byte	0x3
 806 02c8 2C       		.byte	0x2c
 807 02c9 14       		.uleb128 0x14
 808 02ca 81000000 		.4byte	0x81
 809 02ce 00       		.byte	0
 810 02cf 00       		.byte	0
 811              		.section	.debug_abbrev,"",%progbits
 812              	.Ldebug_abbrev0:
 813 0000 01       		.uleb128 0x1
 814 0001 11       		.uleb128 0x11
 815 0002 01       		.byte	0x1
 816 0003 25       		.uleb128 0x25
ARM GAS  C:\Users\Jarik\AppData\Local\Temp\cczxlCkd.s 			page 23


 817 0004 0E       		.uleb128 0xe
 818 0005 13       		.uleb128 0x13
 819 0006 0B       		.uleb128 0xb
 820 0007 03       		.uleb128 0x3
 821 0008 0E       		.uleb128 0xe
 822 0009 1B       		.uleb128 0x1b
 823 000a 0E       		.uleb128 0xe
 824 000b 55       		.uleb128 0x55
 825 000c 17       		.uleb128 0x17
 826 000d 11       		.uleb128 0x11
 827 000e 01       		.uleb128 0x1
 828 000f 10       		.uleb128 0x10
 829 0010 17       		.uleb128 0x17
 830 0011 00       		.byte	0
 831 0012 00       		.byte	0
 832 0013 02       		.uleb128 0x2
 833 0014 24       		.uleb128 0x24
 834 0015 00       		.byte	0
 835 0016 0B       		.uleb128 0xb
 836 0017 0B       		.uleb128 0xb
 837 0018 3E       		.uleb128 0x3e
 838 0019 0B       		.uleb128 0xb
 839 001a 03       		.uleb128 0x3
 840 001b 0E       		.uleb128 0xe
 841 001c 00       		.byte	0
 842 001d 00       		.byte	0
 843 001e 03       		.uleb128 0x3
 844 001f 24       		.uleb128 0x24
 845 0020 00       		.byte	0
 846 0021 0B       		.uleb128 0xb
 847 0022 0B       		.uleb128 0xb
 848 0023 3E       		.uleb128 0x3e
 849 0024 0B       		.uleb128 0xb
 850 0025 03       		.uleb128 0x3
 851 0026 08       		.uleb128 0x8
 852 0027 00       		.byte	0
 853 0028 00       		.byte	0
 854 0029 04       		.uleb128 0x4
 855 002a 16       		.uleb128 0x16
 856 002b 00       		.byte	0
 857 002c 03       		.uleb128 0x3
 858 002d 0E       		.uleb128 0xe
 859 002e 3A       		.uleb128 0x3a
 860 002f 0B       		.uleb128 0xb
 861 0030 3B       		.uleb128 0x3b
 862 0031 0B       		.uleb128 0xb
 863 0032 49       		.uleb128 0x49
 864 0033 13       		.uleb128 0x13
 865 0034 00       		.byte	0
 866 0035 00       		.byte	0
 867 0036 05       		.uleb128 0x5
 868 0037 16       		.uleb128 0x16
 869 0038 00       		.byte	0
 870 0039 03       		.uleb128 0x3
 871 003a 0E       		.uleb128 0xe
 872 003b 3A       		.uleb128 0x3a
 873 003c 0B       		.uleb128 0xb
ARM GAS  C:\Users\Jarik\AppData\Local\Temp\cczxlCkd.s 			page 24


 874 003d 3B       		.uleb128 0x3b
 875 003e 05       		.uleb128 0x5
 876 003f 49       		.uleb128 0x49
 877 0040 13       		.uleb128 0x13
 878 0041 00       		.byte	0
 879 0042 00       		.byte	0
 880 0043 06       		.uleb128 0x6
 881 0044 35       		.uleb128 0x35
 882 0045 00       		.byte	0
 883 0046 49       		.uleb128 0x49
 884 0047 13       		.uleb128 0x13
 885 0048 00       		.byte	0
 886 0049 00       		.byte	0
 887 004a 07       		.uleb128 0x7
 888 004b 2E       		.uleb128 0x2e
 889 004c 01       		.byte	0x1
 890 004d 3F       		.uleb128 0x3f
 891 004e 19       		.uleb128 0x19
 892 004f 03       		.uleb128 0x3
 893 0050 0E       		.uleb128 0xe
 894 0051 3A       		.uleb128 0x3a
 895 0052 0B       		.uleb128 0xb
 896 0053 3B       		.uleb128 0x3b
 897 0054 0B       		.uleb128 0xb
 898 0055 27       		.uleb128 0x27
 899 0056 19       		.uleb128 0x19
 900 0057 11       		.uleb128 0x11
 901 0058 01       		.uleb128 0x1
 902 0059 12       		.uleb128 0x12
 903 005a 06       		.uleb128 0x6
 904 005b 40       		.uleb128 0x40
 905 005c 18       		.uleb128 0x18
 906 005d 9742     		.uleb128 0x2117
 907 005f 19       		.uleb128 0x19
 908 0060 01       		.uleb128 0x1
 909 0061 13       		.uleb128 0x13
 910 0062 00       		.byte	0
 911 0063 00       		.byte	0
 912 0064 08       		.uleb128 0x8
 913 0065 34       		.uleb128 0x34
 914 0066 00       		.byte	0
 915 0067 03       		.uleb128 0x3
 916 0068 0E       		.uleb128 0xe
 917 0069 3A       		.uleb128 0x3a
 918 006a 0B       		.uleb128 0xb
 919 006b 3B       		.uleb128 0x3b
 920 006c 0B       		.uleb128 0xb
 921 006d 49       		.uleb128 0x49
 922 006e 13       		.uleb128 0x13
 923 006f 02       		.uleb128 0x2
 924 0070 17       		.uleb128 0x17
 925 0071 00       		.byte	0
 926 0072 00       		.byte	0
 927 0073 09       		.uleb128 0x9
 928 0074 898201   		.uleb128 0x4109
 929 0077 00       		.byte	0
 930 0078 11       		.uleb128 0x11
ARM GAS  C:\Users\Jarik\AppData\Local\Temp\cczxlCkd.s 			page 25


 931 0079 01       		.uleb128 0x1
 932 007a 31       		.uleb128 0x31
 933 007b 13       		.uleb128 0x13
 934 007c 00       		.byte	0
 935 007d 00       		.byte	0
 936 007e 0A       		.uleb128 0xa
 937 007f 34       		.uleb128 0x34
 938 0080 00       		.byte	0
 939 0081 03       		.uleb128 0x3
 940 0082 0E       		.uleb128 0xe
 941 0083 3A       		.uleb128 0x3a
 942 0084 0B       		.uleb128 0xb
 943 0085 3B       		.uleb128 0x3b
 944 0086 0B       		.uleb128 0xb
 945 0087 49       		.uleb128 0x49
 946 0088 13       		.uleb128 0x13
 947 0089 02       		.uleb128 0x2
 948 008a 18       		.uleb128 0x18
 949 008b 00       		.byte	0
 950 008c 00       		.byte	0
 951 008d 0B       		.uleb128 0xb
 952 008e 898201   		.uleb128 0x4109
 953 0091 01       		.byte	0x1
 954 0092 11       		.uleb128 0x11
 955 0093 01       		.uleb128 0x1
 956 0094 31       		.uleb128 0x31
 957 0095 13       		.uleb128 0x13
 958 0096 01       		.uleb128 0x1
 959 0097 13       		.uleb128 0x13
 960 0098 00       		.byte	0
 961 0099 00       		.byte	0
 962 009a 0C       		.uleb128 0xc
 963 009b 8A8201   		.uleb128 0x410a
 964 009e 00       		.byte	0
 965 009f 02       		.uleb128 0x2
 966 00a0 18       		.uleb128 0x18
 967 00a1 9142     		.uleb128 0x2111
 968 00a3 18       		.uleb128 0x18
 969 00a4 00       		.byte	0
 970 00a5 00       		.byte	0
 971 00a6 0D       		.uleb128 0xd
 972 00a7 898201   		.uleb128 0x4109
 973 00aa 01       		.byte	0x1
 974 00ab 11       		.uleb128 0x11
 975 00ac 01       		.uleb128 0x1
 976 00ad 31       		.uleb128 0x31
 977 00ae 13       		.uleb128 0x13
 978 00af 00       		.byte	0
 979 00b0 00       		.byte	0
 980 00b1 0E       		.uleb128 0xe
 981 00b2 2E       		.uleb128 0x2e
 982 00b3 01       		.byte	0x1
 983 00b4 3F       		.uleb128 0x3f
 984 00b5 19       		.uleb128 0x19
 985 00b6 03       		.uleb128 0x3
 986 00b7 0E       		.uleb128 0xe
 987 00b8 3A       		.uleb128 0x3a
ARM GAS  C:\Users\Jarik\AppData\Local\Temp\cczxlCkd.s 			page 26


 988 00b9 0B       		.uleb128 0xb
 989 00ba 3B       		.uleb128 0x3b
 990 00bb 05       		.uleb128 0x5
 991 00bc 27       		.uleb128 0x27
 992 00bd 19       		.uleb128 0x19
 993 00be 11       		.uleb128 0x11
 994 00bf 01       		.uleb128 0x1
 995 00c0 12       		.uleb128 0x12
 996 00c1 06       		.uleb128 0x6
 997 00c2 40       		.uleb128 0x40
 998 00c3 18       		.uleb128 0x18
 999 00c4 9742     		.uleb128 0x2117
 1000 00c6 19       		.uleb128 0x19
 1001 00c7 01       		.uleb128 0x1
 1002 00c8 13       		.uleb128 0x13
 1003 00c9 00       		.byte	0
 1004 00ca 00       		.byte	0
 1005 00cb 0F       		.uleb128 0xf
 1006 00cc 05       		.uleb128 0x5
 1007 00cd 00       		.byte	0
 1008 00ce 03       		.uleb128 0x3
 1009 00cf 0E       		.uleb128 0xe
 1010 00d0 3A       		.uleb128 0x3a
 1011 00d1 0B       		.uleb128 0xb
 1012 00d2 3B       		.uleb128 0x3b
 1013 00d3 05       		.uleb128 0x5
 1014 00d4 49       		.uleb128 0x49
 1015 00d5 13       		.uleb128 0x13
 1016 00d6 02       		.uleb128 0x2
 1017 00d7 17       		.uleb128 0x17
 1018 00d8 00       		.byte	0
 1019 00d9 00       		.byte	0
 1020 00da 10       		.uleb128 0x10
 1021 00db 34       		.uleb128 0x34
 1022 00dc 00       		.byte	0
 1023 00dd 03       		.uleb128 0x3
 1024 00de 0E       		.uleb128 0xe
 1025 00df 3A       		.uleb128 0x3a
 1026 00e0 0B       		.uleb128 0xb
 1027 00e1 3B       		.uleb128 0x3b
 1028 00e2 05       		.uleb128 0x5
 1029 00e3 49       		.uleb128 0x49
 1030 00e4 13       		.uleb128 0x13
 1031 00e5 02       		.uleb128 0x2
 1032 00e6 17       		.uleb128 0x17
 1033 00e7 00       		.byte	0
 1034 00e8 00       		.byte	0
 1035 00e9 11       		.uleb128 0x11
 1036 00ea 2E       		.uleb128 0x2e
 1037 00eb 01       		.byte	0x1
 1038 00ec 3F       		.uleb128 0x3f
 1039 00ed 19       		.uleb128 0x19
 1040 00ee 03       		.uleb128 0x3
 1041 00ef 0E       		.uleb128 0xe
 1042 00f0 3A       		.uleb128 0x3a
 1043 00f1 0B       		.uleb128 0xb
 1044 00f2 3B       		.uleb128 0x3b
ARM GAS  C:\Users\Jarik\AppData\Local\Temp\cczxlCkd.s 			page 27


 1045 00f3 05       		.uleb128 0x5
 1046 00f4 27       		.uleb128 0x27
 1047 00f5 19       		.uleb128 0x19
 1048 00f6 49       		.uleb128 0x49
 1049 00f7 13       		.uleb128 0x13
 1050 00f8 11       		.uleb128 0x11
 1051 00f9 01       		.uleb128 0x1
 1052 00fa 12       		.uleb128 0x12
 1053 00fb 06       		.uleb128 0x6
 1054 00fc 40       		.uleb128 0x40
 1055 00fd 18       		.uleb128 0x18
 1056 00fe 9742     		.uleb128 0x2117
 1057 0100 19       		.uleb128 0x19
 1058 0101 01       		.uleb128 0x1
 1059 0102 13       		.uleb128 0x13
 1060 0103 00       		.byte	0
 1061 0104 00       		.byte	0
 1062 0105 12       		.uleb128 0x12
 1063 0106 2E       		.uleb128 0x2e
 1064 0107 00       		.byte	0
 1065 0108 3F       		.uleb128 0x3f
 1066 0109 19       		.uleb128 0x19
 1067 010a 03       		.uleb128 0x3
 1068 010b 0E       		.uleb128 0xe
 1069 010c 3A       		.uleb128 0x3a
 1070 010d 0B       		.uleb128 0xb
 1071 010e 3B       		.uleb128 0x3b
 1072 010f 0B       		.uleb128 0xb
 1073 0110 27       		.uleb128 0x27
 1074 0111 19       		.uleb128 0x19
 1075 0112 49       		.uleb128 0x49
 1076 0113 13       		.uleb128 0x13
 1077 0114 3C       		.uleb128 0x3c
 1078 0115 19       		.uleb128 0x19
 1079 0116 00       		.byte	0
 1080 0117 00       		.byte	0
 1081 0118 13       		.uleb128 0x13
 1082 0119 2E       		.uleb128 0x2e
 1083 011a 01       		.byte	0x1
 1084 011b 3F       		.uleb128 0x3f
 1085 011c 19       		.uleb128 0x19
 1086 011d 03       		.uleb128 0x3
 1087 011e 0E       		.uleb128 0xe
 1088 011f 3A       		.uleb128 0x3a
 1089 0120 0B       		.uleb128 0xb
 1090 0121 3B       		.uleb128 0x3b
 1091 0122 0B       		.uleb128 0xb
 1092 0123 27       		.uleb128 0x27
 1093 0124 19       		.uleb128 0x19
 1094 0125 3C       		.uleb128 0x3c
 1095 0126 19       		.uleb128 0x19
 1096 0127 01       		.uleb128 0x1
 1097 0128 13       		.uleb128 0x13
 1098 0129 00       		.byte	0
 1099 012a 00       		.byte	0
 1100 012b 14       		.uleb128 0x14
 1101 012c 05       		.uleb128 0x5
ARM GAS  C:\Users\Jarik\AppData\Local\Temp\cczxlCkd.s 			page 28


 1102 012d 00       		.byte	0
 1103 012e 49       		.uleb128 0x49
 1104 012f 13       		.uleb128 0x13
 1105 0130 00       		.byte	0
 1106 0131 00       		.byte	0
 1107 0132 15       		.uleb128 0x15
 1108 0133 2E       		.uleb128 0x2e
 1109 0134 01       		.byte	0x1
 1110 0135 3F       		.uleb128 0x3f
 1111 0136 19       		.uleb128 0x19
 1112 0137 03       		.uleb128 0x3
 1113 0138 0E       		.uleb128 0xe
 1114 0139 3A       		.uleb128 0x3a
 1115 013a 0B       		.uleb128 0xb
 1116 013b 3B       		.uleb128 0x3b
 1117 013c 0B       		.uleb128 0xb
 1118 013d 27       		.uleb128 0x27
 1119 013e 19       		.uleb128 0x19
 1120 013f 3C       		.uleb128 0x3c
 1121 0140 19       		.uleb128 0x19
 1122 0141 00       		.byte	0
 1123 0142 00       		.byte	0
 1124 0143 00       		.byte	0
 1125              		.section	.debug_loc,"",%progbits
 1126              	.Ldebug_loc0:
 1127              	.LLST0:
 1128 0000 06000000 		.4byte	.LVL0
 1129 0004 15000000 		.4byte	.LVL1-1
 1130 0008 0100     		.2byte	0x1
 1131 000a 50       		.byte	0x50
 1132 000b 00000000 		.4byte	0
 1133 000f 00000000 		.4byte	0
 1134              	.LLST1:
 1135 0013 0A000000 		.4byte	.LVL3
 1136 0017 3C000000 		.4byte	.LVL4
 1137 001b 0100     		.2byte	0x1
 1138 001d 50       		.byte	0x50
 1139 001e 3C000000 		.4byte	.LVL4
 1140 0022 54000000 		.4byte	.LVL7
 1141 0026 0100     		.2byte	0x1
 1142 0028 57       		.byte	0x57
 1143 0029 00000000 		.4byte	0
 1144 002d 00000000 		.4byte	0
 1145              	.LLST2:
 1146 0031 06000000 		.4byte	.LVL8
 1147 0035 39000000 		.4byte	.LVL9-1
 1148 0039 0100     		.2byte	0x1
 1149 003b 50       		.byte	0x50
 1150 003c 00000000 		.4byte	0
 1151 0040 00000000 		.4byte	0
 1152              	.LLST3:
 1153 0044 00000000 		.4byte	.LVL10
 1154 0048 07000000 		.4byte	.LVL11-1
 1155 004c 0100     		.2byte	0x1
 1156 004e 50       		.byte	0x50
 1157 004f 07000000 		.4byte	.LVL11-1
 1158 0053 28000000 		.4byte	.LVL13
ARM GAS  C:\Users\Jarik\AppData\Local\Temp\cczxlCkd.s 			page 29


 1159 0057 0100     		.2byte	0x1
 1160 0059 54       		.byte	0x54
 1161 005a 28000000 		.4byte	.LVL13
 1162 005e 34000000 		.4byte	.LFE4
 1163 0062 0400     		.2byte	0x4
 1164 0064 F3       		.byte	0xf3
 1165 0065 01       		.uleb128 0x1
 1166 0066 50       		.byte	0x50
 1167 0067 9F       		.byte	0x9f
 1168 0068 00000000 		.4byte	0
 1169 006c 00000000 		.4byte	0
 1170              	.LLST4:
 1171 0070 08000000 		.4byte	.LVL11
 1172 0074 27000000 		.4byte	.LVL12-1
 1173 0078 0100     		.2byte	0x1
 1174 007a 50       		.byte	0x50
 1175 007b 00000000 		.4byte	0
 1176 007f 00000000 		.4byte	0
 1177              	.LLST5:
 1178 0083 00000000 		.4byte	.LVL14
 1179 0087 18000000 		.4byte	.LVL15
 1180 008b 0200     		.2byte	0x2
 1181 008d 30       		.byte	0x30
 1182 008e 9F       		.byte	0x9f
 1183 008f 18000000 		.4byte	.LVL15
 1184 0093 1C000000 		.4byte	.LVL16
 1185 0097 0200     		.2byte	0x2
 1186 0099 32       		.byte	0x32
 1187 009a 9F       		.byte	0x9f
 1188 009b 1C000000 		.4byte	.LVL16
 1189 009f 20000000 		.4byte	.LVL17
 1190 00a3 0200     		.2byte	0x2
 1191 00a5 33       		.byte	0x33
 1192 00a6 9F       		.byte	0x9f
 1193 00a7 20000000 		.4byte	.LVL17
 1194 00ab 22000000 		.4byte	.LVL18
 1195 00af 0200     		.2byte	0x2
 1196 00b1 30       		.byte	0x30
 1197 00b2 9F       		.byte	0x9f
 1198 00b3 22000000 		.4byte	.LVL18
 1199 00b7 28000000 		.4byte	.LFE5
 1200 00bb 0100     		.2byte	0x1
 1201 00bd 50       		.byte	0x50
 1202 00be 00000000 		.4byte	0
 1203 00c2 00000000 		.4byte	0
 1204              	.LLST6:
 1205 00c6 06000000 		.4byte	.LVL19
 1206 00ca 27000000 		.4byte	.LVL20-1
 1207 00ce 0100     		.2byte	0x1
 1208 00d0 50       		.byte	0x50
 1209 00d1 00000000 		.4byte	0
 1210 00d5 00000000 		.4byte	0
 1211              	.LLST7:
 1212 00d9 06000000 		.4byte	.LVL23
 1213 00dd 23000000 		.4byte	.LVL24-1
 1214 00e1 0100     		.2byte	0x1
 1215 00e3 50       		.byte	0x50
ARM GAS  C:\Users\Jarik\AppData\Local\Temp\cczxlCkd.s 			page 30


 1216 00e4 00000000 		.4byte	0
 1217 00e8 00000000 		.4byte	0
 1218              		.section	.debug_aranges,"",%progbits
 1219 0000 54000000 		.4byte	0x54
 1220 0004 0200     		.2byte	0x2
 1221 0006 00000000 		.4byte	.Ldebug_info0
 1222 000a 04       		.byte	0x4
 1223 000b 00       		.byte	0
 1224 000c 0000     		.2byte	0
 1225 000e 0000     		.2byte	0
 1226 0010 00000000 		.4byte	.LFB0
 1227 0014 1C000000 		.4byte	.LFE0-.LFB0
 1228 0018 00000000 		.4byte	.LFB1
 1229 001c 6C000000 		.4byte	.LFE1-.LFB1
 1230 0020 00000000 		.4byte	.LFB2
 1231 0024 50000000 		.4byte	.LFE2-.LFB2
 1232 0028 00000000 		.4byte	.LFB4
 1233 002c 34000000 		.4byte	.LFE4-.LFB4
 1234 0030 00000000 		.4byte	.LFB5
 1235 0034 28000000 		.4byte	.LFE5-.LFB5
 1236 0038 00000000 		.4byte	.LFB6
 1237 003c 38000000 		.4byte	.LFE6-.LFB6
 1238 0040 00000000 		.4byte	.LFB3
 1239 0044 30000000 		.4byte	.LFE3-.LFB3
 1240 0048 00000000 		.4byte	.LFB7
 1241 004c 30000000 		.4byte	.LFE7-.LFB7
 1242 0050 00000000 		.4byte	0
 1243 0054 00000000 		.4byte	0
 1244              		.section	.debug_ranges,"",%progbits
 1245              	.Ldebug_ranges0:
 1246 0000 00000000 		.4byte	.LFB0
 1247 0004 1C000000 		.4byte	.LFE0
 1248 0008 00000000 		.4byte	.LFB1
 1249 000c 6C000000 		.4byte	.LFE1
 1250 0010 00000000 		.4byte	.LFB2
 1251 0014 50000000 		.4byte	.LFE2
 1252 0018 00000000 		.4byte	.LFB4
 1253 001c 34000000 		.4byte	.LFE4
 1254 0020 00000000 		.4byte	.LFB5
 1255 0024 28000000 		.4byte	.LFE5
 1256 0028 00000000 		.4byte	.LFB6
 1257 002c 38000000 		.4byte	.LFE6
 1258 0030 00000000 		.4byte	.LFB3
 1259 0034 30000000 		.4byte	.LFE3
 1260 0038 00000000 		.4byte	.LFB7
 1261 003c 30000000 		.4byte	.LFE7
 1262 0040 00000000 		.4byte	0
 1263 0044 00000000 		.4byte	0
 1264              		.section	.debug_line,"",%progbits
 1265              	.Ldebug_line0:
 1266 0000 29010000 		.section	.debug_str,"MS",%progbits,1
 1266      02004E00 
 1266      00000201 
 1266      FB0E0D00 
 1266      01010101 
 1267              	.LASF15:
 1268 0000 72656731 		.ascii	"reg16\000"
ARM GAS  C:\Users\Jarik\AppData\Local\Temp\cczxlCkd.s 			page 31


 1268      3600
 1269              	.LASF16:
 1270 0006 72656733 		.ascii	"reg32\000"
 1270      3200
 1271              	.LASF23:
 1272 000c 43795379 		.ascii	"CySysPmSetWakeupPolarity\000"
 1272      73506D53 
 1272      65745761 
 1272      6B657570 
 1272      506F6C61 
 1273              	.LASF18:
 1274 0025 43795379 		.ascii	"CySysPmSleep\000"
 1274      73506D53 
 1274      6C656570 
 1274      00
 1275              	.LASF3:
 1276 0032 73686F72 		.ascii	"short unsigned int\000"
 1276      7420756E 
 1276      7369676E 
 1276      65642069 
 1276      6E7400
 1277              	.LASF22:
 1278 0045 43795379 		.ascii	"CySysPmHibernate\000"
 1278      73506D48 
 1278      69626572 
 1278      6E617465 
 1278      00
 1279              	.LASF12:
 1280 0056 666C6F61 		.ascii	"float\000"
 1280      7400
 1281              	.LASF7:
 1282 005c 6C6F6E67 		.ascii	"long long unsigned int\000"
 1282      206C6F6E 
 1282      6720756E 
 1282      7369676E 
 1282      65642069 
 1283              	.LASF1:
 1284 0073 756E7369 		.ascii	"unsigned char\000"
 1284      676E6564 
 1284      20636861 
 1284      7200
 1285              	.LASF20:
 1286 0081 696E7465 		.ascii	"interruptState\000"
 1286      72727570 
 1286      74537461 
 1286      746500
 1287              	.LASF5:
 1288 0090 6C6F6E67 		.ascii	"long unsigned int\000"
 1288      20756E73 
 1288      69676E65 
 1288      6420696E 
 1288      7400
 1289              	.LASF9:
 1290 00a2 75696E74 		.ascii	"uint8\000"
 1290      3800
 1291              	.LASF26:
 1292 00a8 43795379 		.ascii	"CySysPmStop\000"
ARM GAS  C:\Users\Jarik\AppData\Local\Temp\cczxlCkd.s 			page 32


 1292      73506D53 
 1292      746F7000 
 1293              	.LASF13:
 1294 00b4 646F7562 		.ascii	"double\000"
 1294      6C6500
 1295              	.LASF27:
 1296 00bb 43795379 		.ascii	"CySysPmUnfreezeIo\000"
 1296      73506D55 
 1296      6E667265 
 1296      657A6549 
 1296      6F00
 1297              	.LASF10:
 1298 00cd 75696E74 		.ascii	"uint16\000"
 1298      313600
 1299              	.LASF11:
 1300 00d4 75696E74 		.ascii	"uint32\000"
 1300      333200
 1301              	.LASF33:
 1302 00db 4379456E 		.ascii	"CyEnterCriticalSection\000"
 1302      74657243 
 1302      72697469 
 1302      63616C53 
 1302      65637469 
 1303              	.LASF8:
 1304 00f2 756E7369 		.ascii	"unsigned int\000"
 1304      676E6564 
 1304      20696E74 
 1304      00
 1305              	.LASF34:
 1306 00ff 43794578 		.ascii	"CyExitCriticalSection\000"
 1306      69744372 
 1306      69746963 
 1306      616C5365 
 1306      6374696F 
 1307              	.LASF35:
 1308 0115 43795379 		.ascii	"CySysClkWriteSysclkDiv\000"
 1308      73436C6B 
 1308      57726974 
 1308      65537973 
 1308      636C6B44 
 1309              	.LASF28:
 1310 012c 474E5520 		.ascii	"GNU C 4.8.4 20140526 (release) [ARM/embedded-4_8-br"
 1310      4320342E 
 1310      382E3420 
 1310      32303134 
 1310      30353236 
 1311 015f 616E6368 		.ascii	"anch revision 211358] -mcpu=cortex-m0 -mthumb -g -O"
 1311      20726576 
 1311      6973696F 
 1311      6E203231 
 1311      31333538 
 1312 0192 67202D66 		.ascii	"g -ffunction-sections\000"
 1312      66756E63 
 1312      74696F6E 
 1312      2D736563 
 1312      74696F6E 
 1313              	.LASF24:
ARM GAS  C:\Users\Jarik\AppData\Local\Temp\cczxlCkd.s 			page 33


 1314 01a8 72656173 		.ascii	"reason\000"
 1314      6F6E00
 1315              	.LASF31:
 1316 01af 706F6C61 		.ascii	"polarity\000"
 1316      72697479 
 1316      00
 1317              	.LASF32:
 1318 01b8 43795379 		.ascii	"CySysPmGetResetReason\000"
 1318      73506D47 
 1318      65745265 
 1318      73657452 
 1318      6561736F 
 1319              	.LASF17:
 1320 01ce 73697A65 		.ascii	"sizetype\000"
 1320      74797065 
 1320      00
 1321              	.LASF6:
 1322 01d7 6C6F6E67 		.ascii	"long long int\000"
 1322      206C6F6E 
 1322      6720696E 
 1322      7400
 1323              	.LASF14:
 1324 01e5 63686172 		.ascii	"char\000"
 1324      00
 1325              	.LASF21:
 1326 01ea 636C6B53 		.ascii	"clkSelectReg\000"
 1326      656C6563 
 1326      74526567 
 1326      00
 1327              	.LASF29:
 1328 01f7 2E5C4765 		.ascii	".\\Generated_Source\\PSoC4\\cyPm.c\000"
 1328      6E657261 
 1328      7465645F 
 1328      536F7572 
 1328      63655C50 
 1329              	.LASF2:
 1330 0217 73686F72 		.ascii	"short int\000"
 1330      7420696E 
 1330      7400
 1331              	.LASF19:
 1332 0221 43795379 		.ascii	"CySysPmDeepSleep\000"
 1332      73506D44 
 1332      65657053 
 1332      6C656570 
 1332      00
 1333              	.LASF4:
 1334 0232 6C6F6E67 		.ascii	"long int\000"
 1334      20696E74 
 1334      00
 1335              	.LASF30:
 1336 023b 453A5C68 		.ascii	"E:\\home\\jarik\\src\\psoc\\mpi_rom_emu\\mpi_rom_em"
 1336      6F6D655C 
 1336      6A617269 
 1336      6B5C7372 
 1336      635C7073 
 1337 0268 752E6379 		.ascii	"u.cydsn\000"
 1337      64736E00 
ARM GAS  C:\Users\Jarik\AppData\Local\Temp\cczxlCkd.s 			page 34


 1338              	.LASF0:
 1339 0270 7369676E 		.ascii	"signed char\000"
 1339      65642063 
 1339      68617200 
 1340              	.LASF25:
 1341 027c 43795379 		.ascii	"CySysPmFreezeIo\000"
 1341      73506D46 
 1341      7265657A 
 1341      65496F00 
 1342              		.ident	"GCC: (GNU Tools for ARM Embedded Processors) 4.8.4 20140526 (release) [ARM/embedded-4_8-br
