ARM GAS  C:\Users\Jarik\AppData\Local\Temp\cc48nSfO.s 			page 1


   1              		.cpu cortex-m0
   2              		.fpu softvfp
   3              		.eabi_attribute 20, 1
   4              		.eabi_attribute 21, 1
   5              		.eabi_attribute 23, 3
   6              		.eabi_attribute 24, 1
   7              		.eabi_attribute 25, 1
   8              		.eabi_attribute 26, 1
   9              		.eabi_attribute 30, 1
  10              		.eabi_attribute 34, 0
  11              		.eabi_attribute 18, 4
  12              		.code	16
  13              		.file	"SE1.c"
  14              		.text
  15              	.Ltext0:
  16              		.cfi_sections	.debug_frame
  17              		.section	.text.SE1_Write,"ax",%progbits
  18              		.align	2
  19              		.global	SE1_Write
  20              		.code	16
  21              		.thumb_func
  22              		.type	SE1_Write, %function
  23              	SE1_Write:
  24              	.LFB0:
  25              		.file 1 ".\\Generated_Source\\PSoC4\\SE1.c"
   1:.\Generated_Source\PSoC4/SE1.c **** /*******************************************************************************
   2:.\Generated_Source\PSoC4/SE1.c **** * File Name: SE1.c  
   3:.\Generated_Source\PSoC4/SE1.c **** * Version 2.10
   4:.\Generated_Source\PSoC4/SE1.c **** *
   5:.\Generated_Source\PSoC4/SE1.c **** * Description:
   6:.\Generated_Source\PSoC4/SE1.c **** *  This file contains API to enable firmware control of a Pins component.
   7:.\Generated_Source\PSoC4/SE1.c **** *
   8:.\Generated_Source\PSoC4/SE1.c **** * Note:
   9:.\Generated_Source\PSoC4/SE1.c **** *
  10:.\Generated_Source\PSoC4/SE1.c **** ********************************************************************************
  11:.\Generated_Source\PSoC4/SE1.c **** * Copyright 2008-2014, Cypress Semiconductor Corporation.  All rights reserved.
  12:.\Generated_Source\PSoC4/SE1.c **** * You may use this file only in accordance with the license, terms, conditions, 
  13:.\Generated_Source\PSoC4/SE1.c **** * disclaimers, and limitations in the end user license agreement accompanying 
  14:.\Generated_Source\PSoC4/SE1.c **** * the software package with which this file was provided.
  15:.\Generated_Source\PSoC4/SE1.c **** *******************************************************************************/
  16:.\Generated_Source\PSoC4/SE1.c **** 
  17:.\Generated_Source\PSoC4/SE1.c **** #include "cytypes.h"
  18:.\Generated_Source\PSoC4/SE1.c **** #include "SE1.h"
  19:.\Generated_Source\PSoC4/SE1.c **** 
  20:.\Generated_Source\PSoC4/SE1.c **** #define SetP4PinDriveMode(shift, mode)  \
  21:.\Generated_Source\PSoC4/SE1.c ****     do { \
  22:.\Generated_Source\PSoC4/SE1.c ****         SE1_PC =   (SE1_PC & \
  23:.\Generated_Source\PSoC4/SE1.c ****                                 (uint32)(~(uint32)(SE1_DRIVE_MODE_IND_MASK << (SE1_DRIVE_MODE_BITS 
  24:.\Generated_Source\PSoC4/SE1.c ****                                 (uint32)((uint32)(mode) << (SE1_DRIVE_MODE_BITS * (shift))); \
  25:.\Generated_Source\PSoC4/SE1.c ****     } while (0)
  26:.\Generated_Source\PSoC4/SE1.c **** 
  27:.\Generated_Source\PSoC4/SE1.c **** 
  28:.\Generated_Source\PSoC4/SE1.c **** /*******************************************************************************
  29:.\Generated_Source\PSoC4/SE1.c **** * Function Name: SE1_Write
  30:.\Generated_Source\PSoC4/SE1.c **** ********************************************************************************
  31:.\Generated_Source\PSoC4/SE1.c **** *
  32:.\Generated_Source\PSoC4/SE1.c **** * Summary:
ARM GAS  C:\Users\Jarik\AppData\Local\Temp\cc48nSfO.s 			page 2


  33:.\Generated_Source\PSoC4/SE1.c **** *  Assign a new value to the digital port's data output register.  
  34:.\Generated_Source\PSoC4/SE1.c **** *
  35:.\Generated_Source\PSoC4/SE1.c **** * Parameters:  
  36:.\Generated_Source\PSoC4/SE1.c **** *  prtValue:  The value to be assigned to the Digital Port. 
  37:.\Generated_Source\PSoC4/SE1.c **** *
  38:.\Generated_Source\PSoC4/SE1.c **** * Return: 
  39:.\Generated_Source\PSoC4/SE1.c **** *  None 
  40:.\Generated_Source\PSoC4/SE1.c **** *  
  41:.\Generated_Source\PSoC4/SE1.c **** *******************************************************************************/
  42:.\Generated_Source\PSoC4/SE1.c **** void SE1_Write(uint8 value) 
  43:.\Generated_Source\PSoC4/SE1.c **** {
  26              		.loc 1 43 0
  27              		.cfi_startproc
  28              	.LVL0:
  44:.\Generated_Source\PSoC4/SE1.c ****     uint8 drVal = (uint8)(SE1_DR & (uint8)(~SE1_MASK));
  29              		.loc 1 44 0
  30 0000 044B     		ldr	r3, .L2
  31 0002 1968     		ldr	r1, [r3]
  32 0004 FE22     		mov	r2, #254
  33 0006 0A40     		and	r2, r1
  34              	.LVL1:
  45:.\Generated_Source\PSoC4/SE1.c ****     drVal = (drVal | ((uint8)(value << SE1_SHIFT) & SE1_MASK));
  35              		.loc 1 45 0
  36 0008 0121     		mov	r1, #1
  37 000a 0840     		and	r0, r1
  38              	.LVL2:
  39 000c 1043     		orr	r0, r2
  40              	.LVL3:
  46:.\Generated_Source\PSoC4/SE1.c ****     SE1_DR = (uint32)drVal;
  41              		.loc 1 46 0
  42 000e 1860     		str	r0, [r3]
  47:.\Generated_Source\PSoC4/SE1.c **** }
  43              		.loc 1 47 0
  44              		@ sp needed
  45 0010 7047     		bx	lr
  46              	.L3:
  47 0012 C046     		.align	2
  48              	.L2:
  49 0014 00030440 		.word	1074004736
  50              		.cfi_endproc
  51              	.LFE0:
  52              		.size	SE1_Write, .-SE1_Write
  53              		.section	.text.SE1_SetDriveMode,"ax",%progbits
  54              		.align	2
  55              		.global	SE1_SetDriveMode
  56              		.code	16
  57              		.thumb_func
  58              		.type	SE1_SetDriveMode, %function
  59              	SE1_SetDriveMode:
  60              	.LFB1:
  48:.\Generated_Source\PSoC4/SE1.c **** 
  49:.\Generated_Source\PSoC4/SE1.c **** 
  50:.\Generated_Source\PSoC4/SE1.c **** /*******************************************************************************
  51:.\Generated_Source\PSoC4/SE1.c **** * Function Name: SE1_SetDriveMode
  52:.\Generated_Source\PSoC4/SE1.c **** ********************************************************************************
  53:.\Generated_Source\PSoC4/SE1.c **** *
  54:.\Generated_Source\PSoC4/SE1.c **** * Summary:
ARM GAS  C:\Users\Jarik\AppData\Local\Temp\cc48nSfO.s 			page 3


  55:.\Generated_Source\PSoC4/SE1.c **** *  Change the drive mode on the pins of the port.
  56:.\Generated_Source\PSoC4/SE1.c **** * 
  57:.\Generated_Source\PSoC4/SE1.c **** * Parameters:  
  58:.\Generated_Source\PSoC4/SE1.c **** *  mode:  Change the pins to one of the following drive modes.
  59:.\Generated_Source\PSoC4/SE1.c **** *
  60:.\Generated_Source\PSoC4/SE1.c **** *  SE1_DM_STRONG     Strong Drive 
  61:.\Generated_Source\PSoC4/SE1.c **** *  SE1_DM_OD_HI      Open Drain, Drives High 
  62:.\Generated_Source\PSoC4/SE1.c **** *  SE1_DM_OD_LO      Open Drain, Drives Low 
  63:.\Generated_Source\PSoC4/SE1.c **** *  SE1_DM_RES_UP     Resistive Pull Up 
  64:.\Generated_Source\PSoC4/SE1.c **** *  SE1_DM_RES_DWN    Resistive Pull Down 
  65:.\Generated_Source\PSoC4/SE1.c **** *  SE1_DM_RES_UPDWN  Resistive Pull Up/Down 
  66:.\Generated_Source\PSoC4/SE1.c **** *  SE1_DM_DIG_HIZ    High Impedance Digital 
  67:.\Generated_Source\PSoC4/SE1.c **** *  SE1_DM_ALG_HIZ    High Impedance Analog 
  68:.\Generated_Source\PSoC4/SE1.c **** *
  69:.\Generated_Source\PSoC4/SE1.c **** * Return: 
  70:.\Generated_Source\PSoC4/SE1.c **** *  None
  71:.\Generated_Source\PSoC4/SE1.c **** *
  72:.\Generated_Source\PSoC4/SE1.c **** *******************************************************************************/
  73:.\Generated_Source\PSoC4/SE1.c **** void SE1_SetDriveMode(uint8 mode) 
  74:.\Generated_Source\PSoC4/SE1.c **** {
  61              		.loc 1 74 0
  62              		.cfi_startproc
  63              	.LVL4:
  75:.\Generated_Source\PSoC4/SE1.c **** 	SetP4PinDriveMode(SE1__0__SHIFT, mode);
  64              		.loc 1 75 0
  65 0000 034B     		ldr	r3, .L5
  66 0002 1A68     		ldr	r2, [r3]
  67 0004 0721     		mov	r1, #7
  68 0006 8A43     		bic	r2, r1
  69 0008 1043     		orr	r0, r2
  70              	.LVL5:
  71 000a 1860     		str	r0, [r3]
  76:.\Generated_Source\PSoC4/SE1.c **** }
  72              		.loc 1 76 0
  73              		@ sp needed
  74 000c 7047     		bx	lr
  75              	.L6:
  76 000e C046     		.align	2
  77              	.L5:
  78 0010 08030440 		.word	1074004744
  79              		.cfi_endproc
  80              	.LFE1:
  81              		.size	SE1_SetDriveMode, .-SE1_SetDriveMode
  82              		.section	.text.SE1_Read,"ax",%progbits
  83              		.align	2
  84              		.global	SE1_Read
  85              		.code	16
  86              		.thumb_func
  87              		.type	SE1_Read, %function
  88              	SE1_Read:
  89              	.LFB2:
  77:.\Generated_Source\PSoC4/SE1.c **** 
  78:.\Generated_Source\PSoC4/SE1.c **** 
  79:.\Generated_Source\PSoC4/SE1.c **** /*******************************************************************************
  80:.\Generated_Source\PSoC4/SE1.c **** * Function Name: SE1_Read
  81:.\Generated_Source\PSoC4/SE1.c **** ********************************************************************************
  82:.\Generated_Source\PSoC4/SE1.c **** *
ARM GAS  C:\Users\Jarik\AppData\Local\Temp\cc48nSfO.s 			page 4


  83:.\Generated_Source\PSoC4/SE1.c **** * Summary:
  84:.\Generated_Source\PSoC4/SE1.c **** *  Read the current value on the pins of the Digital Port in right justified 
  85:.\Generated_Source\PSoC4/SE1.c **** *  form.
  86:.\Generated_Source\PSoC4/SE1.c **** *
  87:.\Generated_Source\PSoC4/SE1.c **** * Parameters:  
  88:.\Generated_Source\PSoC4/SE1.c **** *  None 
  89:.\Generated_Source\PSoC4/SE1.c **** *
  90:.\Generated_Source\PSoC4/SE1.c **** * Return: 
  91:.\Generated_Source\PSoC4/SE1.c **** *  Returns the current value of the Digital Port as a right justified number
  92:.\Generated_Source\PSoC4/SE1.c **** *  
  93:.\Generated_Source\PSoC4/SE1.c **** * Note:
  94:.\Generated_Source\PSoC4/SE1.c **** *  Macro SE1_ReadPS calls this function. 
  95:.\Generated_Source\PSoC4/SE1.c **** *  
  96:.\Generated_Source\PSoC4/SE1.c **** *******************************************************************************/
  97:.\Generated_Source\PSoC4/SE1.c **** uint8 SE1_Read(void) 
  98:.\Generated_Source\PSoC4/SE1.c **** {
  90              		.loc 1 98 0
  91              		.cfi_startproc
  99:.\Generated_Source\PSoC4/SE1.c ****     return (uint8)((SE1_PS & SE1_MASK) >> SE1_SHIFT);
  92              		.loc 1 99 0
  93 0000 024B     		ldr	r3, .L8
  94 0002 1868     		ldr	r0, [r3]
  95 0004 0123     		mov	r3, #1
  96 0006 1840     		and	r0, r3
 100:.\Generated_Source\PSoC4/SE1.c **** }
  97              		.loc 1 100 0
  98              		@ sp needed
  99 0008 7047     		bx	lr
 100              	.L9:
 101 000a C046     		.align	2
 102              	.L8:
 103 000c 04030440 		.word	1074004740
 104              		.cfi_endproc
 105              	.LFE2:
 106              		.size	SE1_Read, .-SE1_Read
 107              		.section	.text.SE1_ReadDataReg,"ax",%progbits
 108              		.align	2
 109              		.global	SE1_ReadDataReg
 110              		.code	16
 111              		.thumb_func
 112              		.type	SE1_ReadDataReg, %function
 113              	SE1_ReadDataReg:
 114              	.LFB3:
 101:.\Generated_Source\PSoC4/SE1.c **** 
 102:.\Generated_Source\PSoC4/SE1.c **** 
 103:.\Generated_Source\PSoC4/SE1.c **** /*******************************************************************************
 104:.\Generated_Source\PSoC4/SE1.c **** * Function Name: SE1_ReadDataReg
 105:.\Generated_Source\PSoC4/SE1.c **** ********************************************************************************
 106:.\Generated_Source\PSoC4/SE1.c **** *
 107:.\Generated_Source\PSoC4/SE1.c **** * Summary:
 108:.\Generated_Source\PSoC4/SE1.c **** *  Read the current value assigned to a Digital Port's data output register
 109:.\Generated_Source\PSoC4/SE1.c **** *
 110:.\Generated_Source\PSoC4/SE1.c **** * Parameters:  
 111:.\Generated_Source\PSoC4/SE1.c **** *  None 
 112:.\Generated_Source\PSoC4/SE1.c **** *
 113:.\Generated_Source\PSoC4/SE1.c **** * Return: 
 114:.\Generated_Source\PSoC4/SE1.c **** *  Returns the current value assigned to the Digital Port's data output register
ARM GAS  C:\Users\Jarik\AppData\Local\Temp\cc48nSfO.s 			page 5


 115:.\Generated_Source\PSoC4/SE1.c **** *  
 116:.\Generated_Source\PSoC4/SE1.c **** *******************************************************************************/
 117:.\Generated_Source\PSoC4/SE1.c **** uint8 SE1_ReadDataReg(void) 
 118:.\Generated_Source\PSoC4/SE1.c **** {
 115              		.loc 1 118 0
 116              		.cfi_startproc
 119:.\Generated_Source\PSoC4/SE1.c ****     return (uint8)((SE1_DR & SE1_MASK) >> SE1_SHIFT);
 117              		.loc 1 119 0
 118 0000 024B     		ldr	r3, .L11
 119 0002 1868     		ldr	r0, [r3]
 120 0004 0123     		mov	r3, #1
 121 0006 1840     		and	r0, r3
 120:.\Generated_Source\PSoC4/SE1.c **** }
 122              		.loc 1 120 0
 123              		@ sp needed
 124 0008 7047     		bx	lr
 125              	.L12:
 126 000a C046     		.align	2
 127              	.L11:
 128 000c 00030440 		.word	1074004736
 129              		.cfi_endproc
 130              	.LFE3:
 131              		.size	SE1_ReadDataReg, .-SE1_ReadDataReg
 132              		.section	.text.SE1_ClearInterrupt,"ax",%progbits
 133              		.align	2
 134              		.global	SE1_ClearInterrupt
 135              		.code	16
 136              		.thumb_func
 137              		.type	SE1_ClearInterrupt, %function
 138              	SE1_ClearInterrupt:
 139              	.LFB4:
 121:.\Generated_Source\PSoC4/SE1.c **** 
 122:.\Generated_Source\PSoC4/SE1.c **** 
 123:.\Generated_Source\PSoC4/SE1.c **** /* If Interrupts Are Enabled for this Pins component */ 
 124:.\Generated_Source\PSoC4/SE1.c **** #if defined(SE1_INTSTAT) 
 125:.\Generated_Source\PSoC4/SE1.c **** 
 126:.\Generated_Source\PSoC4/SE1.c ****     /*******************************************************************************
 127:.\Generated_Source\PSoC4/SE1.c ****     * Function Name: SE1_ClearInterrupt
 128:.\Generated_Source\PSoC4/SE1.c ****     ********************************************************************************
 129:.\Generated_Source\PSoC4/SE1.c ****     *
 130:.\Generated_Source\PSoC4/SE1.c ****     * Summary:
 131:.\Generated_Source\PSoC4/SE1.c ****     *  Clears any active interrupts attached to port and returns the value of the 
 132:.\Generated_Source\PSoC4/SE1.c ****     *  interrupt status register.
 133:.\Generated_Source\PSoC4/SE1.c ****     *
 134:.\Generated_Source\PSoC4/SE1.c ****     * Parameters:  
 135:.\Generated_Source\PSoC4/SE1.c ****     *  None 
 136:.\Generated_Source\PSoC4/SE1.c ****     *
 137:.\Generated_Source\PSoC4/SE1.c ****     * Return: 
 138:.\Generated_Source\PSoC4/SE1.c ****     *  Returns the value of the interrupt status register
 139:.\Generated_Source\PSoC4/SE1.c ****     *  
 140:.\Generated_Source\PSoC4/SE1.c ****     *******************************************************************************/
 141:.\Generated_Source\PSoC4/SE1.c ****     uint8 SE1_ClearInterrupt(void) 
 142:.\Generated_Source\PSoC4/SE1.c ****     {
 140              		.loc 1 142 0
 141              		.cfi_startproc
 143:.\Generated_Source\PSoC4/SE1.c **** 		uint8 maskedStatus = (uint8)(SE1_INTSTAT & SE1_MASK);
 142              		.loc 1 143 0
ARM GAS  C:\Users\Jarik\AppData\Local\Temp\cc48nSfO.s 			page 6


 143 0000 024B     		ldr	r3, .L14
 144 0002 1868     		ldr	r0, [r3]
 145 0004 0122     		mov	r2, #1
 146 0006 1040     		and	r0, r2
 147              	.LVL6:
 144:.\Generated_Source\PSoC4/SE1.c **** 		SE1_INTSTAT = maskedStatus;
 148              		.loc 1 144 0
 149 0008 1860     		str	r0, [r3]
 145:.\Generated_Source\PSoC4/SE1.c ****         return maskedStatus >> SE1_SHIFT;
 146:.\Generated_Source\PSoC4/SE1.c ****     }
 150              		.loc 1 146 0
 151              		@ sp needed
 152 000a 7047     		bx	lr
 153              	.L15:
 154              		.align	2
 155              	.L14:
 156 000c 10030440 		.word	1074004752
 157              		.cfi_endproc
 158              	.LFE4:
 159              		.size	SE1_ClearInterrupt, .-SE1_ClearInterrupt
 160              		.text
 161              	.Letext0:
 162              		.file 2 ".\\Generated_Source\\PSoC4\\cytypes.h"
 163              		.section	.debug_info,"",%progbits
 164              	.Ldebug_info0:
 165 0000 4A010000 		.4byte	0x14a
 166 0004 0400     		.2byte	0x4
 167 0006 00000000 		.4byte	.Ldebug_abbrev0
 168 000a 04       		.byte	0x4
 169 000b 01       		.uleb128 0x1
 170 000c E3000000 		.4byte	.LASF24
 171 0010 01       		.byte	0x1
 172 0011 82000000 		.4byte	.LASF25
 173 0015 9D010000 		.4byte	.LASF26
 174 0019 00000000 		.4byte	.Ldebug_ranges0+0
 175 001d 00000000 		.4byte	0
 176 0021 00000000 		.4byte	.Ldebug_line0
 177 0025 02       		.uleb128 0x2
 178 0026 01       		.byte	0x1
 179 0027 06       		.byte	0x6
 180 0028 D2010000 		.4byte	.LASF0
 181 002c 02       		.uleb128 0x2
 182 002d 01       		.byte	0x1
 183 002e 08       		.byte	0x8
 184 002f 25000000 		.4byte	.LASF1
 185 0033 02       		.uleb128 0x2
 186 0034 02       		.byte	0x2
 187 0035 05       		.byte	0x5
 188 0036 84010000 		.4byte	.LASF2
 189 003a 02       		.uleb128 0x2
 190 003b 02       		.byte	0x2
 191 003c 07       		.byte	0x7
 192 003d 4B000000 		.4byte	.LASF3
 193 0041 02       		.uleb128 0x2
 194 0042 04       		.byte	0x4
 195 0043 05       		.byte	0x5
 196 0044 94010000 		.4byte	.LASF4
ARM GAS  C:\Users\Jarik\AppData\Local\Temp\cc48nSfO.s 			page 7


 197 0048 02       		.uleb128 0x2
 198 0049 04       		.byte	0x4
 199 004a 07       		.byte	0x7
 200 004b 39000000 		.4byte	.LASF5
 201 004f 02       		.uleb128 0x2
 202 0050 08       		.byte	0x8
 203 0051 05       		.byte	0x5
 204 0052 64010000 		.4byte	.LASF6
 205 0056 02       		.uleb128 0x2
 206 0057 08       		.byte	0x8
 207 0058 07       		.byte	0x7
 208 0059 CC000000 		.4byte	.LASF7
 209 005d 03       		.uleb128 0x3
 210 005e 04       		.byte	0x4
 211 005f 05       		.byte	0x5
 212 0060 696E7400 		.ascii	"int\000"
 213 0064 02       		.uleb128 0x2
 214 0065 04       		.byte	0x4
 215 0066 07       		.byte	0x7
 216 0067 BF000000 		.4byte	.LASF8
 217 006b 04       		.uleb128 0x4
 218 006c 8E010000 		.4byte	.LASF9
 219 0070 02       		.byte	0x2
 220 0071 A1       		.byte	0xa1
 221 0072 2C000000 		.4byte	0x2c
 222 0076 04       		.uleb128 0x4
 223 0077 A8000000 		.4byte	.LASF10
 224 007b 02       		.byte	0x2
 225 007c A3       		.byte	0xa3
 226 007d 48000000 		.4byte	0x48
 227 0081 02       		.uleb128 0x2
 228 0082 04       		.byte	0x4
 229 0083 04       		.byte	0x4
 230 0084 1F000000 		.4byte	.LASF11
 231 0088 02       		.uleb128 0x2
 232 0089 08       		.byte	0x8
 233 008a 04       		.byte	0x4
 234 008b A1000000 		.4byte	.LASF12
 235 008f 02       		.uleb128 0x2
 236 0090 01       		.byte	0x1
 237 0091 08       		.byte	0x8
 238 0092 7F010000 		.4byte	.LASF13
 239 0096 05       		.uleb128 0x5
 240 0097 00000000 		.4byte	.LASF14
 241 009b 02       		.byte	0x2
 242 009c 4D01     		.2byte	0x14d
 243 009e A2000000 		.4byte	0xa2
 244 00a2 06       		.uleb128 0x6
 245 00a3 76000000 		.4byte	0x76
 246 00a7 07       		.uleb128 0x7
 247 00a8 0F000000 		.4byte	.LASF15
 248 00ac 01       		.byte	0x1
 249 00ad 2A       		.byte	0x2a
 250 00ae 00000000 		.4byte	.LFB0
 251 00b2 18000000 		.4byte	.LFE0-.LFB0
 252 00b6 01       		.uleb128 0x1
 253 00b7 9C       		.byte	0x9c
ARM GAS  C:\Users\Jarik\AppData\Local\Temp\cc48nSfO.s 			page 8


 254 00b8 DB000000 		.4byte	0xdb
 255 00bc 08       		.uleb128 0x8
 256 00bd 19000000 		.4byte	.LASF17
 257 00c1 01       		.byte	0x1
 258 00c2 2A       		.byte	0x2a
 259 00c3 6B000000 		.4byte	0x6b
 260 00c7 00000000 		.4byte	.LLST0
 261 00cb 09       		.uleb128 0x9
 262 00cc 33000000 		.4byte	.LASF22
 263 00d0 01       		.byte	0x1
 264 00d1 2C       		.byte	0x2c
 265 00d2 6B000000 		.4byte	0x6b
 266 00d6 21000000 		.4byte	.LLST1
 267 00da 00       		.byte	0
 268 00db 07       		.uleb128 0x7
 269 00dc 71000000 		.4byte	.LASF16
 270 00e0 01       		.byte	0x1
 271 00e1 49       		.byte	0x49
 272 00e2 00000000 		.4byte	.LFB1
 273 00e6 14000000 		.4byte	.LFE1-.LFB1
 274 00ea 01       		.uleb128 0x1
 275 00eb 9C       		.byte	0x9c
 276 00ec 00010000 		.4byte	0x100
 277 00f0 08       		.uleb128 0x8
 278 00f1 5F010000 		.4byte	.LASF18
 279 00f5 01       		.byte	0x1
 280 00f6 49       		.byte	0x49
 281 00f7 6B000000 		.4byte	0x6b
 282 00fb 3F000000 		.4byte	.LLST2
 283 00ff 00       		.byte	0
 284 0100 0A       		.uleb128 0xa
 285 0101 06000000 		.4byte	.LASF19
 286 0105 01       		.byte	0x1
 287 0106 61       		.byte	0x61
 288 0107 6B000000 		.4byte	0x6b
 289 010b 00000000 		.4byte	.LFB2
 290 010f 10000000 		.4byte	.LFE2-.LFB2
 291 0113 01       		.uleb128 0x1
 292 0114 9C       		.byte	0x9c
 293 0115 0A       		.uleb128 0xa
 294 0116 AF000000 		.4byte	.LASF20
 295 011a 01       		.byte	0x1
 296 011b 75       		.byte	0x75
 297 011c 6B000000 		.4byte	0x6b
 298 0120 00000000 		.4byte	.LFB3
 299 0124 10000000 		.4byte	.LFE3-.LFB3
 300 0128 01       		.uleb128 0x1
 301 0129 9C       		.byte	0x9c
 302 012a 0B       		.uleb128 0xb
 303 012b 5E000000 		.4byte	.LASF21
 304 012f 01       		.byte	0x1
 305 0130 8D       		.byte	0x8d
 306 0131 6B000000 		.4byte	0x6b
 307 0135 00000000 		.4byte	.LFB4
 308 0139 10000000 		.4byte	.LFE4-.LFB4
 309 013d 01       		.uleb128 0x1
 310 013e 9C       		.byte	0x9c
ARM GAS  C:\Users\Jarik\AppData\Local\Temp\cc48nSfO.s 			page 9


 311 013f 0C       		.uleb128 0xc
 312 0140 72010000 		.4byte	.LASF23
 313 0144 01       		.byte	0x1
 314 0145 8F       		.byte	0x8f
 315 0146 6B000000 		.4byte	0x6b
 316 014a 01       		.uleb128 0x1
 317 014b 50       		.byte	0x50
 318 014c 00       		.byte	0
 319 014d 00       		.byte	0
 320              		.section	.debug_abbrev,"",%progbits
 321              	.Ldebug_abbrev0:
 322 0000 01       		.uleb128 0x1
 323 0001 11       		.uleb128 0x11
 324 0002 01       		.byte	0x1
 325 0003 25       		.uleb128 0x25
 326 0004 0E       		.uleb128 0xe
 327 0005 13       		.uleb128 0x13
 328 0006 0B       		.uleb128 0xb
 329 0007 03       		.uleb128 0x3
 330 0008 0E       		.uleb128 0xe
 331 0009 1B       		.uleb128 0x1b
 332 000a 0E       		.uleb128 0xe
 333 000b 55       		.uleb128 0x55
 334 000c 17       		.uleb128 0x17
 335 000d 11       		.uleb128 0x11
 336 000e 01       		.uleb128 0x1
 337 000f 10       		.uleb128 0x10
 338 0010 17       		.uleb128 0x17
 339 0011 00       		.byte	0
 340 0012 00       		.byte	0
 341 0013 02       		.uleb128 0x2
 342 0014 24       		.uleb128 0x24
 343 0015 00       		.byte	0
 344 0016 0B       		.uleb128 0xb
 345 0017 0B       		.uleb128 0xb
 346 0018 3E       		.uleb128 0x3e
 347 0019 0B       		.uleb128 0xb
 348 001a 03       		.uleb128 0x3
 349 001b 0E       		.uleb128 0xe
 350 001c 00       		.byte	0
 351 001d 00       		.byte	0
 352 001e 03       		.uleb128 0x3
 353 001f 24       		.uleb128 0x24
 354 0020 00       		.byte	0
 355 0021 0B       		.uleb128 0xb
 356 0022 0B       		.uleb128 0xb
 357 0023 3E       		.uleb128 0x3e
 358 0024 0B       		.uleb128 0xb
 359 0025 03       		.uleb128 0x3
 360 0026 08       		.uleb128 0x8
 361 0027 00       		.byte	0
 362 0028 00       		.byte	0
 363 0029 04       		.uleb128 0x4
 364 002a 16       		.uleb128 0x16
 365 002b 00       		.byte	0
 366 002c 03       		.uleb128 0x3
 367 002d 0E       		.uleb128 0xe
ARM GAS  C:\Users\Jarik\AppData\Local\Temp\cc48nSfO.s 			page 10


 368 002e 3A       		.uleb128 0x3a
 369 002f 0B       		.uleb128 0xb
 370 0030 3B       		.uleb128 0x3b
 371 0031 0B       		.uleb128 0xb
 372 0032 49       		.uleb128 0x49
 373 0033 13       		.uleb128 0x13
 374 0034 00       		.byte	0
 375 0035 00       		.byte	0
 376 0036 05       		.uleb128 0x5
 377 0037 16       		.uleb128 0x16
 378 0038 00       		.byte	0
 379 0039 03       		.uleb128 0x3
 380 003a 0E       		.uleb128 0xe
 381 003b 3A       		.uleb128 0x3a
 382 003c 0B       		.uleb128 0xb
 383 003d 3B       		.uleb128 0x3b
 384 003e 05       		.uleb128 0x5
 385 003f 49       		.uleb128 0x49
 386 0040 13       		.uleb128 0x13
 387 0041 00       		.byte	0
 388 0042 00       		.byte	0
 389 0043 06       		.uleb128 0x6
 390 0044 35       		.uleb128 0x35
 391 0045 00       		.byte	0
 392 0046 49       		.uleb128 0x49
 393 0047 13       		.uleb128 0x13
 394 0048 00       		.byte	0
 395 0049 00       		.byte	0
 396 004a 07       		.uleb128 0x7
 397 004b 2E       		.uleb128 0x2e
 398 004c 01       		.byte	0x1
 399 004d 3F       		.uleb128 0x3f
 400 004e 19       		.uleb128 0x19
 401 004f 03       		.uleb128 0x3
 402 0050 0E       		.uleb128 0xe
 403 0051 3A       		.uleb128 0x3a
 404 0052 0B       		.uleb128 0xb
 405 0053 3B       		.uleb128 0x3b
 406 0054 0B       		.uleb128 0xb
 407 0055 27       		.uleb128 0x27
 408 0056 19       		.uleb128 0x19
 409 0057 11       		.uleb128 0x11
 410 0058 01       		.uleb128 0x1
 411 0059 12       		.uleb128 0x12
 412 005a 06       		.uleb128 0x6
 413 005b 40       		.uleb128 0x40
 414 005c 18       		.uleb128 0x18
 415 005d 9742     		.uleb128 0x2117
 416 005f 19       		.uleb128 0x19
 417 0060 01       		.uleb128 0x1
 418 0061 13       		.uleb128 0x13
 419 0062 00       		.byte	0
 420 0063 00       		.byte	0
 421 0064 08       		.uleb128 0x8
 422 0065 05       		.uleb128 0x5
 423 0066 00       		.byte	0
 424 0067 03       		.uleb128 0x3
ARM GAS  C:\Users\Jarik\AppData\Local\Temp\cc48nSfO.s 			page 11


 425 0068 0E       		.uleb128 0xe
 426 0069 3A       		.uleb128 0x3a
 427 006a 0B       		.uleb128 0xb
 428 006b 3B       		.uleb128 0x3b
 429 006c 0B       		.uleb128 0xb
 430 006d 49       		.uleb128 0x49
 431 006e 13       		.uleb128 0x13
 432 006f 02       		.uleb128 0x2
 433 0070 17       		.uleb128 0x17
 434 0071 00       		.byte	0
 435 0072 00       		.byte	0
 436 0073 09       		.uleb128 0x9
 437 0074 34       		.uleb128 0x34
 438 0075 00       		.byte	0
 439 0076 03       		.uleb128 0x3
 440 0077 0E       		.uleb128 0xe
 441 0078 3A       		.uleb128 0x3a
 442 0079 0B       		.uleb128 0xb
 443 007a 3B       		.uleb128 0x3b
 444 007b 0B       		.uleb128 0xb
 445 007c 49       		.uleb128 0x49
 446 007d 13       		.uleb128 0x13
 447 007e 02       		.uleb128 0x2
 448 007f 17       		.uleb128 0x17
 449 0080 00       		.byte	0
 450 0081 00       		.byte	0
 451 0082 0A       		.uleb128 0xa
 452 0083 2E       		.uleb128 0x2e
 453 0084 00       		.byte	0
 454 0085 3F       		.uleb128 0x3f
 455 0086 19       		.uleb128 0x19
 456 0087 03       		.uleb128 0x3
 457 0088 0E       		.uleb128 0xe
 458 0089 3A       		.uleb128 0x3a
 459 008a 0B       		.uleb128 0xb
 460 008b 3B       		.uleb128 0x3b
 461 008c 0B       		.uleb128 0xb
 462 008d 27       		.uleb128 0x27
 463 008e 19       		.uleb128 0x19
 464 008f 49       		.uleb128 0x49
 465 0090 13       		.uleb128 0x13
 466 0091 11       		.uleb128 0x11
 467 0092 01       		.uleb128 0x1
 468 0093 12       		.uleb128 0x12
 469 0094 06       		.uleb128 0x6
 470 0095 40       		.uleb128 0x40
 471 0096 18       		.uleb128 0x18
 472 0097 9742     		.uleb128 0x2117
 473 0099 19       		.uleb128 0x19
 474 009a 00       		.byte	0
 475 009b 00       		.byte	0
 476 009c 0B       		.uleb128 0xb
 477 009d 2E       		.uleb128 0x2e
 478 009e 01       		.byte	0x1
 479 009f 3F       		.uleb128 0x3f
 480 00a0 19       		.uleb128 0x19
 481 00a1 03       		.uleb128 0x3
ARM GAS  C:\Users\Jarik\AppData\Local\Temp\cc48nSfO.s 			page 12


 482 00a2 0E       		.uleb128 0xe
 483 00a3 3A       		.uleb128 0x3a
 484 00a4 0B       		.uleb128 0xb
 485 00a5 3B       		.uleb128 0x3b
 486 00a6 0B       		.uleb128 0xb
 487 00a7 27       		.uleb128 0x27
 488 00a8 19       		.uleb128 0x19
 489 00a9 49       		.uleb128 0x49
 490 00aa 13       		.uleb128 0x13
 491 00ab 11       		.uleb128 0x11
 492 00ac 01       		.uleb128 0x1
 493 00ad 12       		.uleb128 0x12
 494 00ae 06       		.uleb128 0x6
 495 00af 40       		.uleb128 0x40
 496 00b0 18       		.uleb128 0x18
 497 00b1 9742     		.uleb128 0x2117
 498 00b3 19       		.uleb128 0x19
 499 00b4 00       		.byte	0
 500 00b5 00       		.byte	0
 501 00b6 0C       		.uleb128 0xc
 502 00b7 34       		.uleb128 0x34
 503 00b8 00       		.byte	0
 504 00b9 03       		.uleb128 0x3
 505 00ba 0E       		.uleb128 0xe
 506 00bb 3A       		.uleb128 0x3a
 507 00bc 0B       		.uleb128 0xb
 508 00bd 3B       		.uleb128 0x3b
 509 00be 0B       		.uleb128 0xb
 510 00bf 49       		.uleb128 0x49
 511 00c0 13       		.uleb128 0x13
 512 00c1 02       		.uleb128 0x2
 513 00c2 18       		.uleb128 0x18
 514 00c3 00       		.byte	0
 515 00c4 00       		.byte	0
 516 00c5 00       		.byte	0
 517              		.section	.debug_loc,"",%progbits
 518              	.Ldebug_loc0:
 519              	.LLST0:
 520 0000 00000000 		.4byte	.LVL0
 521 0004 0C000000 		.4byte	.LVL2
 522 0008 0100     		.2byte	0x1
 523 000a 50       		.byte	0x50
 524 000b 0C000000 		.4byte	.LVL2
 525 000f 18000000 		.4byte	.LFE0
 526 0013 0400     		.2byte	0x4
 527 0015 F3       		.byte	0xf3
 528 0016 01       		.uleb128 0x1
 529 0017 50       		.byte	0x50
 530 0018 9F       		.byte	0x9f
 531 0019 00000000 		.4byte	0
 532 001d 00000000 		.4byte	0
 533              	.LLST1:
 534 0021 08000000 		.4byte	.LVL1
 535 0025 0E000000 		.4byte	.LVL3
 536 0029 0100     		.2byte	0x1
 537 002b 52       		.byte	0x52
 538 002c 0E000000 		.4byte	.LVL3
ARM GAS  C:\Users\Jarik\AppData\Local\Temp\cc48nSfO.s 			page 13


 539 0030 18000000 		.4byte	.LFE0
 540 0034 0100     		.2byte	0x1
 541 0036 50       		.byte	0x50
 542 0037 00000000 		.4byte	0
 543 003b 00000000 		.4byte	0
 544              	.LLST2:
 545 003f 00000000 		.4byte	.LVL4
 546 0043 0A000000 		.4byte	.LVL5
 547 0047 0100     		.2byte	0x1
 548 0049 50       		.byte	0x50
 549 004a 0A000000 		.4byte	.LVL5
 550 004e 14000000 		.4byte	.LFE1
 551 0052 0400     		.2byte	0x4
 552 0054 F3       		.byte	0xf3
 553 0055 01       		.uleb128 0x1
 554 0056 50       		.byte	0x50
 555 0057 9F       		.byte	0x9f
 556 0058 00000000 		.4byte	0
 557 005c 00000000 		.4byte	0
 558              		.section	.debug_aranges,"",%progbits
 559 0000 3C000000 		.4byte	0x3c
 560 0004 0200     		.2byte	0x2
 561 0006 00000000 		.4byte	.Ldebug_info0
 562 000a 04       		.byte	0x4
 563 000b 00       		.byte	0
 564 000c 0000     		.2byte	0
 565 000e 0000     		.2byte	0
 566 0010 00000000 		.4byte	.LFB0
 567 0014 18000000 		.4byte	.LFE0-.LFB0
 568 0018 00000000 		.4byte	.LFB1
 569 001c 14000000 		.4byte	.LFE1-.LFB1
 570 0020 00000000 		.4byte	.LFB2
 571 0024 10000000 		.4byte	.LFE2-.LFB2
 572 0028 00000000 		.4byte	.LFB3
 573 002c 10000000 		.4byte	.LFE3-.LFB3
 574 0030 00000000 		.4byte	.LFB4
 575 0034 10000000 		.4byte	.LFE4-.LFB4
 576 0038 00000000 		.4byte	0
 577 003c 00000000 		.4byte	0
 578              		.section	.debug_ranges,"",%progbits
 579              	.Ldebug_ranges0:
 580 0000 00000000 		.4byte	.LFB0
 581 0004 18000000 		.4byte	.LFE0
 582 0008 00000000 		.4byte	.LFB1
 583 000c 14000000 		.4byte	.LFE1
 584 0010 00000000 		.4byte	.LFB2
 585 0014 10000000 		.4byte	.LFE2
 586 0018 00000000 		.4byte	.LFB3
 587 001c 10000000 		.4byte	.LFE3
 588 0020 00000000 		.4byte	.LFB4
 589 0024 10000000 		.4byte	.LFE4
 590 0028 00000000 		.4byte	0
 591 002c 00000000 		.4byte	0
 592              		.section	.debug_line,"",%progbits
 593              	.Ldebug_line0:
 594 0000 A4000000 		.section	.debug_str,"MS",%progbits,1
 594      02004200 
ARM GAS  C:\Users\Jarik\AppData\Local\Temp\cc48nSfO.s 			page 14


 594      00000201 
 594      FB0E0D00 
 594      01010101 
 595              	.LASF14:
 596 0000 72656733 		.ascii	"reg32\000"
 596      3200
 597              	.LASF19:
 598 0006 5345315F 		.ascii	"SE1_Read\000"
 598      52656164 
 598      00
 599              	.LASF15:
 600 000f 5345315F 		.ascii	"SE1_Write\000"
 600      57726974 
 600      6500
 601              	.LASF17:
 602 0019 76616C75 		.ascii	"value\000"
 602      6500
 603              	.LASF11:
 604 001f 666C6F61 		.ascii	"float\000"
 604      7400
 605              	.LASF1:
 606 0025 756E7369 		.ascii	"unsigned char\000"
 606      676E6564 
 606      20636861 
 606      7200
 607              	.LASF22:
 608 0033 64725661 		.ascii	"drVal\000"
 608      6C00
 609              	.LASF5:
 610 0039 6C6F6E67 		.ascii	"long unsigned int\000"
 610      20756E73 
 610      69676E65 
 610      6420696E 
 610      7400
 611              	.LASF3:
 612 004b 73686F72 		.ascii	"short unsigned int\000"
 612      7420756E 
 612      7369676E 
 612      65642069 
 612      6E7400
 613              	.LASF21:
 614 005e 5345315F 		.ascii	"SE1_ClearInterrupt\000"
 614      436C6561 
 614      72496E74 
 614      65727275 
 614      707400
 615              	.LASF16:
 616 0071 5345315F 		.ascii	"SE1_SetDriveMode\000"
 616      53657444 
 616      72697665 
 616      4D6F6465 
 616      00
 617              	.LASF25:
 618 0082 2E5C4765 		.ascii	".\\Generated_Source\\PSoC4\\SE1.c\000"
 618      6E657261 
 618      7465645F 
 618      536F7572 
ARM GAS  C:\Users\Jarik\AppData\Local\Temp\cc48nSfO.s 			page 15


 618      63655C50 
 619              	.LASF12:
 620 00a1 646F7562 		.ascii	"double\000"
 620      6C6500
 621              	.LASF10:
 622 00a8 75696E74 		.ascii	"uint32\000"
 622      333200
 623              	.LASF20:
 624 00af 5345315F 		.ascii	"SE1_ReadDataReg\000"
 624      52656164 
 624      44617461 
 624      52656700 
 625              	.LASF8:
 626 00bf 756E7369 		.ascii	"unsigned int\000"
 626      676E6564 
 626      20696E74 
 626      00
 627              	.LASF7:
 628 00cc 6C6F6E67 		.ascii	"long long unsigned int\000"
 628      206C6F6E 
 628      6720756E 
 628      7369676E 
 628      65642069 
 629              	.LASF24:
 630 00e3 474E5520 		.ascii	"GNU C 4.8.4 20140526 (release) [ARM/embedded-4_8-br"
 630      4320342E 
 630      382E3420 
 630      32303134 
 630      30353236 
 631 0116 616E6368 		.ascii	"anch revision 211358] -mcpu=cortex-m0 -mthumb -g -O"
 631      20726576 
 631      6973696F 
 631      6E203231 
 631      31333538 
 632 0149 67202D66 		.ascii	"g -ffunction-sections\000"
 632      66756E63 
 632      74696F6E 
 632      2D736563 
 632      74696F6E 
 633              	.LASF18:
 634 015f 6D6F6465 		.ascii	"mode\000"
 634      00
 635              	.LASF6:
 636 0164 6C6F6E67 		.ascii	"long long int\000"
 636      206C6F6E 
 636      6720696E 
 636      7400
 637              	.LASF23:
 638 0172 6D61736B 		.ascii	"maskedStatus\000"
 638      65645374 
 638      61747573 
 638      00
 639              	.LASF13:
 640 017f 63686172 		.ascii	"char\000"
 640      00
 641              	.LASF2:
 642 0184 73686F72 		.ascii	"short int\000"
ARM GAS  C:\Users\Jarik\AppData\Local\Temp\cc48nSfO.s 			page 16


 642      7420696E 
 642      7400
 643              	.LASF9:
 644 018e 75696E74 		.ascii	"uint8\000"
 644      3800
 645              	.LASF4:
 646 0194 6C6F6E67 		.ascii	"long int\000"
 646      20696E74 
 646      00
 647              	.LASF26:
 648 019d 453A5C68 		.ascii	"E:\\home\\jarik\\src\\psoc\\mpi_rom_emu\\mpi_rom_em"
 648      6F6D655C 
 648      6A617269 
 648      6B5C7372 
 648      635C7073 
 649 01ca 752E6379 		.ascii	"u.cydsn\000"
 649      64736E00 
 650              	.LASF0:
 651 01d2 7369676E 		.ascii	"signed char\000"
 651      65642063 
 651      68617200 
 652              		.ident	"GCC: (GNU Tools for ARM Embedded Processors) 4.8.4 20140526 (release) [ARM/embedded-4_8-br
