ARM GAS  C:\Users\Jarik\AppData\Local\Temp\cc6dCtee.s 			page 1


   1              		.cpu cortex-m0
   2              		.fpu softvfp
   3              		.eabi_attribute 20, 1
   4              		.eabi_attribute 21, 1
   5              		.eabi_attribute 23, 3
   6              		.eabi_attribute 24, 1
   7              		.eabi_attribute 25, 1
   8              		.eabi_attribute 26, 1
   9              		.eabi_attribute 30, 4
  10              		.eabi_attribute 34, 0
  11              		.eabi_attribute 18, 4
  12              		.code	16
  13              		.file	"AD_H.c"
  14              		.text
  15              	.Ltext0:
  16              		.cfi_sections	.debug_frame
  17              		.section	.text.AD_H_SetDriveMode,"ax",%progbits
  18              		.align	1
  19              		.global	AD_H_SetDriveMode
  20              		.code	16
  21              		.thumb_func
  22              		.type	AD_H_SetDriveMode, %function
  23              	AD_H_SetDriveMode:
  24              	.LFB0:
  25              		.file 1 ".\\Generated_Source\\PSoC4\\AD_H.c"
   1:.\Generated_Source\PSoC4/AD_H.c **** /*******************************************************************************
   2:.\Generated_Source\PSoC4/AD_H.c **** * File Name: AD_H.c  
   3:.\Generated_Source\PSoC4/AD_H.c **** * Version 2.20
   4:.\Generated_Source\PSoC4/AD_H.c **** *
   5:.\Generated_Source\PSoC4/AD_H.c **** * Description:
   6:.\Generated_Source\PSoC4/AD_H.c **** *  This file contains API to enable firmware control of a Pins component.
   7:.\Generated_Source\PSoC4/AD_H.c **** *
   8:.\Generated_Source\PSoC4/AD_H.c **** ********************************************************************************
   9:.\Generated_Source\PSoC4/AD_H.c **** * Copyright 2008-2015, Cypress Semiconductor Corporation.  All rights reserved.
  10:.\Generated_Source\PSoC4/AD_H.c **** * You may use this file only in accordance with the license, terms, conditions, 
  11:.\Generated_Source\PSoC4/AD_H.c **** * disclaimers, and limitations in the end user license agreement accompanying 
  12:.\Generated_Source\PSoC4/AD_H.c **** * the software package with which this file was provided.
  13:.\Generated_Source\PSoC4/AD_H.c **** *******************************************************************************/
  14:.\Generated_Source\PSoC4/AD_H.c **** 
  15:.\Generated_Source\PSoC4/AD_H.c **** #include "cytypes.h"
  16:.\Generated_Source\PSoC4/AD_H.c **** #include "AD_H.h"
  17:.\Generated_Source\PSoC4/AD_H.c **** 
  18:.\Generated_Source\PSoC4/AD_H.c **** 
  19:.\Generated_Source\PSoC4/AD_H.c **** #if defined(AD_H__PC)
  20:.\Generated_Source\PSoC4/AD_H.c ****     #define AD_H_SetP4PinDriveMode(shift, mode)  \
  21:.\Generated_Source\PSoC4/AD_H.c ****     do { \
  22:.\Generated_Source\PSoC4/AD_H.c ****         AD_H_PC =   (AD_H_PC & \
  23:.\Generated_Source\PSoC4/AD_H.c ****                                 (uint32)(~(uint32)(AD_H_DRIVE_MODE_IND_MASK << \
  24:.\Generated_Source\PSoC4/AD_H.c ****                                 (AD_H_DRIVE_MODE_BITS * (shift))))) | \
  25:.\Generated_Source\PSoC4/AD_H.c ****                                 (uint32)((uint32)(mode) << \
  26:.\Generated_Source\PSoC4/AD_H.c ****                                 (AD_H_DRIVE_MODE_BITS * (shift))); \
  27:.\Generated_Source\PSoC4/AD_H.c ****     } while (0)
  28:.\Generated_Source\PSoC4/AD_H.c **** #else
  29:.\Generated_Source\PSoC4/AD_H.c ****     #if (CY_PSOC4_4200L)
  30:.\Generated_Source\PSoC4/AD_H.c ****         #define AD_H_SetP4PinDriveMode(shift, mode)  \
  31:.\Generated_Source\PSoC4/AD_H.c ****         do { \
  32:.\Generated_Source\PSoC4/AD_H.c ****             AD_H_USBIO_CTRL_REG = (AD_H_USBIO_CTRL_REG & \
ARM GAS  C:\Users\Jarik\AppData\Local\Temp\cc6dCtee.s 			page 2


  33:.\Generated_Source\PSoC4/AD_H.c ****                                     (uint32)(~(uint32)(AD_H_DRIVE_MODE_IND_MASK << \
  34:.\Generated_Source\PSoC4/AD_H.c ****                                     (AD_H_DRIVE_MODE_BITS * (shift))))) | \
  35:.\Generated_Source\PSoC4/AD_H.c ****                                     (uint32)((uint32)(mode) << \
  36:.\Generated_Source\PSoC4/AD_H.c ****                                     (AD_H_DRIVE_MODE_BITS * (shift))); \
  37:.\Generated_Source\PSoC4/AD_H.c ****         } while (0)
  38:.\Generated_Source\PSoC4/AD_H.c ****     #endif
  39:.\Generated_Source\PSoC4/AD_H.c **** #endif
  40:.\Generated_Source\PSoC4/AD_H.c ****   
  41:.\Generated_Source\PSoC4/AD_H.c **** 
  42:.\Generated_Source\PSoC4/AD_H.c **** #if defined(AD_H__PC) || (CY_PSOC4_4200L) 
  43:.\Generated_Source\PSoC4/AD_H.c ****     /*******************************************************************************
  44:.\Generated_Source\PSoC4/AD_H.c ****     * Function Name: AD_H_SetDriveMode
  45:.\Generated_Source\PSoC4/AD_H.c ****     ****************************************************************************//**
  46:.\Generated_Source\PSoC4/AD_H.c ****     *
  47:.\Generated_Source\PSoC4/AD_H.c ****     * \brief Sets the drive mode for each of the Pins component's pins.
  48:.\Generated_Source\PSoC4/AD_H.c ****     * 
  49:.\Generated_Source\PSoC4/AD_H.c ****     * <b>Note</b> This affects all pins in the Pins component instance. Use the
  50:.\Generated_Source\PSoC4/AD_H.c ****     * Per-Pin APIs if you wish to control individual pin's drive modes.
  51:.\Generated_Source\PSoC4/AD_H.c ****     *
  52:.\Generated_Source\PSoC4/AD_H.c ****     * <b>Note</b> USBIOs have limited drive functionality. Refer to the Drive Mode
  53:.\Generated_Source\PSoC4/AD_H.c ****     * parameter for more information.
  54:.\Generated_Source\PSoC4/AD_H.c ****     *
  55:.\Generated_Source\PSoC4/AD_H.c ****     * \param mode
  56:.\Generated_Source\PSoC4/AD_H.c ****     *  Mode for the selected signals. Valid options are documented in 
  57:.\Generated_Source\PSoC4/AD_H.c ****     *  \ref driveMode.
  58:.\Generated_Source\PSoC4/AD_H.c ****     *
  59:.\Generated_Source\PSoC4/AD_H.c ****     * \return
  60:.\Generated_Source\PSoC4/AD_H.c ****     *  None
  61:.\Generated_Source\PSoC4/AD_H.c ****     *
  62:.\Generated_Source\PSoC4/AD_H.c ****     * \sideeffect
  63:.\Generated_Source\PSoC4/AD_H.c ****     *  If you use read-modify-write operations that are not atomic, the ISR can
  64:.\Generated_Source\PSoC4/AD_H.c ****     *  cause corruption of this function. An ISR that interrupts this function 
  65:.\Generated_Source\PSoC4/AD_H.c ****     *  and performs writes to the Pins component Drive Mode registers can cause 
  66:.\Generated_Source\PSoC4/AD_H.c ****     *  corrupted port data. To avoid this issue, you should either use the Per-Pin
  67:.\Generated_Source\PSoC4/AD_H.c ****     *  APIs (primary method) or disable interrupts around this function.
  68:.\Generated_Source\PSoC4/AD_H.c ****     *
  69:.\Generated_Source\PSoC4/AD_H.c ****     * \funcusage
  70:.\Generated_Source\PSoC4/AD_H.c ****     *  \snippet AD_H_SUT.c usage_AD_H_SetDriveMode
  71:.\Generated_Source\PSoC4/AD_H.c ****     *******************************************************************************/
  72:.\Generated_Source\PSoC4/AD_H.c ****     void AD_H_SetDriveMode(uint8 mode)
  73:.\Generated_Source\PSoC4/AD_H.c ****     {
  26              		.loc 1 73 0
  27              		.cfi_startproc
  28              	.LVL0:
  74:.\Generated_Source\PSoC4/AD_H.c **** 		AD_H_SetP4PinDriveMode(AD_H__0__SHIFT, mode);
  29              		.loc 1 74 0
  30 0000 0721     		mov	r1, #7
  73:.\Generated_Source\PSoC4/AD_H.c **** 		AD_H_SetP4PinDriveMode(AD_H__0__SHIFT, mode);
  31              		.loc 1 73 0
  32 0002 10B5     		push	{r4, lr}
  33              		.cfi_def_cfa_offset 8
  34              		.cfi_offset 4, -8
  35              		.cfi_offset 14, -4
  75:.\Generated_Source\PSoC4/AD_H.c **** 		AD_H_SetP4PinDriveMode(AD_H__1__SHIFT, mode);
  36              		.loc 1 75 0
  37 0004 3824     		mov	r4, #56
  74:.\Generated_Source\PSoC4/AD_H.c **** 		AD_H_SetP4PinDriveMode(AD_H__0__SHIFT, mode);
ARM GAS  C:\Users\Jarik\AppData\Local\Temp\cc6dCtee.s 			page 3


  38              		.loc 1 74 0
  39 0006 174B     		ldr	r3, .L2
  76:.\Generated_Source\PSoC4/AD_H.c **** 		AD_H_SetP4PinDriveMode(AD_H__2__SHIFT, mode);
  77:.\Generated_Source\PSoC4/AD_H.c **** 		AD_H_SetP4PinDriveMode(AD_H__3__SHIFT, mode);
  78:.\Generated_Source\PSoC4/AD_H.c **** 		AD_H_SetP4PinDriveMode(AD_H__4__SHIFT, mode);
  79:.\Generated_Source\PSoC4/AD_H.c **** 		AD_H_SetP4PinDriveMode(AD_H__5__SHIFT, mode);
  80:.\Generated_Source\PSoC4/AD_H.c **** 		AD_H_SetP4PinDriveMode(AD_H__6__SHIFT, mode);
  81:.\Generated_Source\PSoC4/AD_H.c **** 		AD_H_SetP4PinDriveMode(AD_H__7__SHIFT, mode);
  82:.\Generated_Source\PSoC4/AD_H.c ****     }
  40              		.loc 1 82 0
  41              		@ sp needed
  74:.\Generated_Source\PSoC4/AD_H.c **** 		AD_H_SetP4PinDriveMode(AD_H__1__SHIFT, mode);
  42              		.loc 1 74 0
  43 0008 1A68     		ldr	r2, [r3]
  44 000a 8A43     		bic	r2, r1
  45 000c 0243     		orr	r2, r0
  46 000e 1A60     		str	r2, [r3]
  75:.\Generated_Source\PSoC4/AD_H.c **** 		AD_H_SetP4PinDriveMode(AD_H__1__SHIFT, mode);
  47              		.loc 1 75 0
  48 0010 1A68     		ldr	r2, [r3]
  49 0012 C100     		lsl	r1, r0, #3
  50 0014 A243     		bic	r2, r4
  51 0016 0A43     		orr	r2, r1
  52 0018 1A60     		str	r2, [r3]
  76:.\Generated_Source\PSoC4/AD_H.c **** 		AD_H_SetP4PinDriveMode(AD_H__2__SHIFT, mode);
  53              		.loc 1 76 0
  54 001a 1A68     		ldr	r2, [r3]
  55 001c 1249     		ldr	r1, .L2+4
  56 001e 8401     		lsl	r4, r0, #6
  57 0020 0A40     		and	r2, r1
  58 0022 2243     		orr	r2, r4
  59 0024 1A60     		str	r2, [r3]
  77:.\Generated_Source\PSoC4/AD_H.c **** 		AD_H_SetP4PinDriveMode(AD_H__4__SHIFT, mode);
  60              		.loc 1 77 0
  61 0026 1A68     		ldr	r2, [r3]
  62 0028 1049     		ldr	r1, .L2+8
  63 002a 4402     		lsl	r4, r0, #9
  64 002c 0A40     		and	r2, r1
  65 002e 2243     		orr	r2, r4
  66 0030 1A60     		str	r2, [r3]
  78:.\Generated_Source\PSoC4/AD_H.c **** 		AD_H_SetP4PinDriveMode(AD_H__5__SHIFT, mode);
  67              		.loc 1 78 0
  68 0032 1A68     		ldr	r2, [r3]
  69 0034 0E49     		ldr	r1, .L2+12
  70 0036 0403     		lsl	r4, r0, #12
  71 0038 0A40     		and	r2, r1
  72 003a 2243     		orr	r2, r4
  73 003c 1A60     		str	r2, [r3]
  79:.\Generated_Source\PSoC4/AD_H.c **** 		AD_H_SetP4PinDriveMode(AD_H__6__SHIFT, mode);
  74              		.loc 1 79 0
  75 003e 1A68     		ldr	r2, [r3]
  76 0040 0C49     		ldr	r1, .L2+16
  77 0042 C403     		lsl	r4, r0, #15
  78 0044 0A40     		and	r2, r1
  79 0046 2243     		orr	r2, r4
  80 0048 1A60     		str	r2, [r3]
  80:.\Generated_Source\PSoC4/AD_H.c **** 		AD_H_SetP4PinDriveMode(AD_H__7__SHIFT, mode);
ARM GAS  C:\Users\Jarik\AppData\Local\Temp\cc6dCtee.s 			page 4


  81              		.loc 1 80 0
  82 004a 1A68     		ldr	r2, [r3]
  83 004c 0A49     		ldr	r1, .L2+20
  84 004e 8404     		lsl	r4, r0, #18
  85 0050 0A40     		and	r2, r1
  86 0052 2243     		orr	r2, r4
  87 0054 1A60     		str	r2, [r3]
  81:.\Generated_Source\PSoC4/AD_H.c ****     }
  88              		.loc 1 81 0
  89 0056 1968     		ldr	r1, [r3]
  90 0058 084A     		ldr	r2, .L2+24
  91 005a 4005     		lsl	r0, r0, #21
  92              	.LVL1:
  93 005c 0A40     		and	r2, r1
  94 005e 1043     		orr	r0, r2
  95 0060 1860     		str	r0, [r3]
  96              		.loc 1 82 0
  97 0062 10BD     		pop	{r4, pc}
  98              	.L3:
  99              		.align	2
 100              	.L2:
 101 0064 08000440 		.word	1074003976
 102 0068 3FFEFFFF 		.word	-449
 103 006c FFF1FFFF 		.word	-3585
 104 0070 FF8FFFFF 		.word	-28673
 105 0074 FF7FFCFF 		.word	-229377
 106 0078 FFFFE3FF 		.word	-1835009
 107 007c FFFF1FFF 		.word	-14680065
 108              		.cfi_endproc
 109              	.LFE0:
 110              		.size	AD_H_SetDriveMode, .-AD_H_SetDriveMode
 111              		.section	.text.AD_H_Write,"ax",%progbits
 112              		.align	1
 113              		.global	AD_H_Write
 114              		.code	16
 115              		.thumb_func
 116              		.type	AD_H_Write, %function
 117              	AD_H_Write:
 118              	.LFB1:
  83:.\Generated_Source\PSoC4/AD_H.c **** #endif
  84:.\Generated_Source\PSoC4/AD_H.c **** 
  85:.\Generated_Source\PSoC4/AD_H.c **** 
  86:.\Generated_Source\PSoC4/AD_H.c **** /*******************************************************************************
  87:.\Generated_Source\PSoC4/AD_H.c **** * Function Name: AD_H_Write
  88:.\Generated_Source\PSoC4/AD_H.c **** ****************************************************************************//**
  89:.\Generated_Source\PSoC4/AD_H.c **** *
  90:.\Generated_Source\PSoC4/AD_H.c **** * \brief Writes the value to the physical port (data output register), masking
  91:.\Generated_Source\PSoC4/AD_H.c **** *  and shifting the bits appropriately. 
  92:.\Generated_Source\PSoC4/AD_H.c **** *
  93:.\Generated_Source\PSoC4/AD_H.c **** * The data output register controls the signal applied to the physical pin in 
  94:.\Generated_Source\PSoC4/AD_H.c **** * conjunction with the drive mode parameter. This function avoids changing 
  95:.\Generated_Source\PSoC4/AD_H.c **** * other bits in the port by using the appropriate method (read-modify-write or
  96:.\Generated_Source\PSoC4/AD_H.c **** * bit banding).
  97:.\Generated_Source\PSoC4/AD_H.c **** *
  98:.\Generated_Source\PSoC4/AD_H.c **** * <b>Note</b> This function should not be used on a hardware digital output pin 
  99:.\Generated_Source\PSoC4/AD_H.c **** * as it is driven by the hardware signal attached to it.
 100:.\Generated_Source\PSoC4/AD_H.c **** *
ARM GAS  C:\Users\Jarik\AppData\Local\Temp\cc6dCtee.s 			page 5


 101:.\Generated_Source\PSoC4/AD_H.c **** * \param value
 102:.\Generated_Source\PSoC4/AD_H.c **** *  Value to write to the component instance.
 103:.\Generated_Source\PSoC4/AD_H.c **** *
 104:.\Generated_Source\PSoC4/AD_H.c **** * \return 
 105:.\Generated_Source\PSoC4/AD_H.c **** *  None 
 106:.\Generated_Source\PSoC4/AD_H.c **** *
 107:.\Generated_Source\PSoC4/AD_H.c **** * \sideeffect
 108:.\Generated_Source\PSoC4/AD_H.c **** *  If you use read-modify-write operations that are not atomic; the Interrupt 
 109:.\Generated_Source\PSoC4/AD_H.c **** *  Service Routines (ISR) can cause corruption of this function. An ISR that 
 110:.\Generated_Source\PSoC4/AD_H.c **** *  interrupts this function and performs writes to the Pins component data 
 111:.\Generated_Source\PSoC4/AD_H.c **** *  register can cause corrupted port data. To avoid this issue, you should 
 112:.\Generated_Source\PSoC4/AD_H.c **** *  either use the Per-Pin APIs (primary method) or disable interrupts around 
 113:.\Generated_Source\PSoC4/AD_H.c **** *  this function.
 114:.\Generated_Source\PSoC4/AD_H.c **** *
 115:.\Generated_Source\PSoC4/AD_H.c **** * \funcusage
 116:.\Generated_Source\PSoC4/AD_H.c **** *  \snippet AD_H_SUT.c usage_AD_H_Write
 117:.\Generated_Source\PSoC4/AD_H.c **** *******************************************************************************/
 118:.\Generated_Source\PSoC4/AD_H.c **** void AD_H_Write(uint8 value)
 119:.\Generated_Source\PSoC4/AD_H.c **** {
 119              		.loc 1 119 0
 120              		.cfi_startproc
 121              	.LVL2:
 120:.\Generated_Source\PSoC4/AD_H.c ****     uint8 drVal = (uint8)(AD_H_DR & (uint8)(~AD_H_MASK));
 122              		.loc 1 120 0
 123 0000 014B     		ldr	r3, .L5
 121:.\Generated_Source\PSoC4/AD_H.c ****     drVal = (drVal | ((uint8)(value << AD_H_SHIFT) & AD_H_MASK));
 122:.\Generated_Source\PSoC4/AD_H.c ****     AD_H_DR = (uint32)drVal;
 123:.\Generated_Source\PSoC4/AD_H.c **** }
 124              		.loc 1 123 0
 125              		@ sp needed
 120:.\Generated_Source\PSoC4/AD_H.c ****     uint8 drVal = (uint8)(AD_H_DR & (uint8)(~AD_H_MASK));
 126              		.loc 1 120 0
 127 0002 1A68     		ldr	r2, [r3]
 128              	.LVL3:
 122:.\Generated_Source\PSoC4/AD_H.c **** }
 129              		.loc 1 122 0
 130 0004 1860     		str	r0, [r3]
 131              		.loc 1 123 0
 132 0006 7047     		bx	lr
 133              	.L6:
 134              		.align	2
 135              	.L5:
 136 0008 00000440 		.word	1074003968
 137              		.cfi_endproc
 138              	.LFE1:
 139              		.size	AD_H_Write, .-AD_H_Write
 140              		.section	.text.AD_H_Read,"ax",%progbits
 141              		.align	1
 142              		.global	AD_H_Read
 143              		.code	16
 144              		.thumb_func
 145              		.type	AD_H_Read, %function
 146              	AD_H_Read:
 147              	.LFB2:
 124:.\Generated_Source\PSoC4/AD_H.c **** 
 125:.\Generated_Source\PSoC4/AD_H.c **** 
 126:.\Generated_Source\PSoC4/AD_H.c **** /*******************************************************************************
ARM GAS  C:\Users\Jarik\AppData\Local\Temp\cc6dCtee.s 			page 6


 127:.\Generated_Source\PSoC4/AD_H.c **** * Function Name: AD_H_Read
 128:.\Generated_Source\PSoC4/AD_H.c **** ****************************************************************************//**
 129:.\Generated_Source\PSoC4/AD_H.c **** *
 130:.\Generated_Source\PSoC4/AD_H.c **** * \brief Reads the associated physical port (pin status register) and masks 
 131:.\Generated_Source\PSoC4/AD_H.c **** *  the required bits according to the width and bit position of the component
 132:.\Generated_Source\PSoC4/AD_H.c **** *  instance. 
 133:.\Generated_Source\PSoC4/AD_H.c **** *
 134:.\Generated_Source\PSoC4/AD_H.c **** * The pin's status register returns the current logic level present on the 
 135:.\Generated_Source\PSoC4/AD_H.c **** * physical pin.
 136:.\Generated_Source\PSoC4/AD_H.c **** *
 137:.\Generated_Source\PSoC4/AD_H.c **** * \return 
 138:.\Generated_Source\PSoC4/AD_H.c **** *  The current value for the pins in the component as a right justified number.
 139:.\Generated_Source\PSoC4/AD_H.c **** *
 140:.\Generated_Source\PSoC4/AD_H.c **** * \funcusage
 141:.\Generated_Source\PSoC4/AD_H.c **** *  \snippet AD_H_SUT.c usage_AD_H_Read  
 142:.\Generated_Source\PSoC4/AD_H.c **** *******************************************************************************/
 143:.\Generated_Source\PSoC4/AD_H.c **** uint8 AD_H_Read(void)
 144:.\Generated_Source\PSoC4/AD_H.c **** {
 148              		.loc 1 144 0
 149              		.cfi_startproc
 145:.\Generated_Source\PSoC4/AD_H.c ****     return (uint8)((AD_H_PS & AD_H_MASK) >> AD_H_SHIFT);
 150              		.loc 1 145 0
 151 0000 014B     		ldr	r3, .L8
 146:.\Generated_Source\PSoC4/AD_H.c **** }
 152              		.loc 1 146 0
 153              		@ sp needed
 145:.\Generated_Source\PSoC4/AD_H.c ****     return (uint8)((AD_H_PS & AD_H_MASK) >> AD_H_SHIFT);
 154              		.loc 1 145 0
 155 0002 1868     		ldr	r0, [r3]
 156 0004 C0B2     		uxtb	r0, r0
 157              		.loc 1 146 0
 158 0006 7047     		bx	lr
 159              	.L9:
 160              		.align	2
 161              	.L8:
 162 0008 04000440 		.word	1074003972
 163              		.cfi_endproc
 164              	.LFE2:
 165              		.size	AD_H_Read, .-AD_H_Read
 166              		.section	.text.AD_H_ReadDataReg,"ax",%progbits
 167              		.align	1
 168              		.global	AD_H_ReadDataReg
 169              		.code	16
 170              		.thumb_func
 171              		.type	AD_H_ReadDataReg, %function
 172              	AD_H_ReadDataReg:
 173              	.LFB3:
 147:.\Generated_Source\PSoC4/AD_H.c **** 
 148:.\Generated_Source\PSoC4/AD_H.c **** 
 149:.\Generated_Source\PSoC4/AD_H.c **** /*******************************************************************************
 150:.\Generated_Source\PSoC4/AD_H.c **** * Function Name: AD_H_ReadDataReg
 151:.\Generated_Source\PSoC4/AD_H.c **** ****************************************************************************//**
 152:.\Generated_Source\PSoC4/AD_H.c **** *
 153:.\Generated_Source\PSoC4/AD_H.c **** * \brief Reads the associated physical port's data output register and masks 
 154:.\Generated_Source\PSoC4/AD_H.c **** *  the correct bits according to the width and bit position of the component 
 155:.\Generated_Source\PSoC4/AD_H.c **** *  instance. 
 156:.\Generated_Source\PSoC4/AD_H.c **** *
ARM GAS  C:\Users\Jarik\AppData\Local\Temp\cc6dCtee.s 			page 7


 157:.\Generated_Source\PSoC4/AD_H.c **** * The data output register controls the signal applied to the physical pin in 
 158:.\Generated_Source\PSoC4/AD_H.c **** * conjunction with the drive mode parameter. This is not the same as the 
 159:.\Generated_Source\PSoC4/AD_H.c **** * preferred AD_H_Read() API because the 
 160:.\Generated_Source\PSoC4/AD_H.c **** * AD_H_ReadDataReg() reads the data register instead of the status 
 161:.\Generated_Source\PSoC4/AD_H.c **** * register. For output pins this is a useful function to determine the value 
 162:.\Generated_Source\PSoC4/AD_H.c **** * just written to the pin.
 163:.\Generated_Source\PSoC4/AD_H.c **** *
 164:.\Generated_Source\PSoC4/AD_H.c **** * \return 
 165:.\Generated_Source\PSoC4/AD_H.c **** *  The current value of the data register masked and shifted into a right 
 166:.\Generated_Source\PSoC4/AD_H.c **** *  justified number for the component instance.
 167:.\Generated_Source\PSoC4/AD_H.c **** *
 168:.\Generated_Source\PSoC4/AD_H.c **** * \funcusage
 169:.\Generated_Source\PSoC4/AD_H.c **** *  \snippet AD_H_SUT.c usage_AD_H_ReadDataReg 
 170:.\Generated_Source\PSoC4/AD_H.c **** *******************************************************************************/
 171:.\Generated_Source\PSoC4/AD_H.c **** uint8 AD_H_ReadDataReg(void)
 172:.\Generated_Source\PSoC4/AD_H.c **** {
 174              		.loc 1 172 0
 175              		.cfi_startproc
 173:.\Generated_Source\PSoC4/AD_H.c ****     return (uint8)((AD_H_DR & AD_H_MASK) >> AD_H_SHIFT);
 176              		.loc 1 173 0
 177 0000 014B     		ldr	r3, .L11
 174:.\Generated_Source\PSoC4/AD_H.c **** }
 178              		.loc 1 174 0
 179              		@ sp needed
 173:.\Generated_Source\PSoC4/AD_H.c ****     return (uint8)((AD_H_DR & AD_H_MASK) >> AD_H_SHIFT);
 180              		.loc 1 173 0
 181 0002 1868     		ldr	r0, [r3]
 182 0004 C0B2     		uxtb	r0, r0
 183              		.loc 1 174 0
 184 0006 7047     		bx	lr
 185              	.L12:
 186              		.align	2
 187              	.L11:
 188 0008 00000440 		.word	1074003968
 189              		.cfi_endproc
 190              	.LFE3:
 191              		.size	AD_H_ReadDataReg, .-AD_H_ReadDataReg
 192              		.section	.text.AD_H_SetInterruptMode,"ax",%progbits
 193              		.align	1
 194              		.global	AD_H_SetInterruptMode
 195              		.code	16
 196              		.thumb_func
 197              		.type	AD_H_SetInterruptMode, %function
 198              	AD_H_SetInterruptMode:
 199              	.LFB4:
 175:.\Generated_Source\PSoC4/AD_H.c **** 
 176:.\Generated_Source\PSoC4/AD_H.c **** 
 177:.\Generated_Source\PSoC4/AD_H.c **** /*******************************************************************************
 178:.\Generated_Source\PSoC4/AD_H.c **** * Function Name: AD_H_SetInterruptMode
 179:.\Generated_Source\PSoC4/AD_H.c **** ****************************************************************************//**
 180:.\Generated_Source\PSoC4/AD_H.c **** *
 181:.\Generated_Source\PSoC4/AD_H.c **** * \brief Configures the interrupt mode for each of the Pins component's
 182:.\Generated_Source\PSoC4/AD_H.c **** *  pins. Alternatively you may set the interrupt mode for all the pins
 183:.\Generated_Source\PSoC4/AD_H.c **** *  specified in the Pins component.
 184:.\Generated_Source\PSoC4/AD_H.c **** *
 185:.\Generated_Source\PSoC4/AD_H.c **** *  <b>Note</b> The interrupt is port-wide and therefore any enabled pin
 186:.\Generated_Source\PSoC4/AD_H.c **** *  interrupt may trigger it.
ARM GAS  C:\Users\Jarik\AppData\Local\Temp\cc6dCtee.s 			page 8


 187:.\Generated_Source\PSoC4/AD_H.c **** *
 188:.\Generated_Source\PSoC4/AD_H.c **** * \param position
 189:.\Generated_Source\PSoC4/AD_H.c **** *  The pin position as listed in the Pins component. You may OR these to be 
 190:.\Generated_Source\PSoC4/AD_H.c **** *  able to configure the interrupt mode of multiple pins within a Pins 
 191:.\Generated_Source\PSoC4/AD_H.c **** *  component. Or you may use AD_H_INTR_ALL to configure the
 192:.\Generated_Source\PSoC4/AD_H.c **** *  interrupt mode of all the pins in the Pins component.       
 193:.\Generated_Source\PSoC4/AD_H.c **** *  - AD_H_0_INTR       (First pin in the list)
 194:.\Generated_Source\PSoC4/AD_H.c **** *  - AD_H_1_INTR       (Second pin in the list)
 195:.\Generated_Source\PSoC4/AD_H.c **** *  - ...
 196:.\Generated_Source\PSoC4/AD_H.c **** *  - AD_H_INTR_ALL     (All pins in Pins component)
 197:.\Generated_Source\PSoC4/AD_H.c **** *
 198:.\Generated_Source\PSoC4/AD_H.c **** * \param mode
 199:.\Generated_Source\PSoC4/AD_H.c **** *  Interrupt mode for the selected pins. Valid options are documented in
 200:.\Generated_Source\PSoC4/AD_H.c **** *  \ref intrMode.
 201:.\Generated_Source\PSoC4/AD_H.c **** *
 202:.\Generated_Source\PSoC4/AD_H.c **** * \return 
 203:.\Generated_Source\PSoC4/AD_H.c **** *  None
 204:.\Generated_Source\PSoC4/AD_H.c **** *  
 205:.\Generated_Source\PSoC4/AD_H.c **** * \sideeffect
 206:.\Generated_Source\PSoC4/AD_H.c **** *  It is recommended that the interrupt be disabled before calling this 
 207:.\Generated_Source\PSoC4/AD_H.c **** *  function to avoid unintended interrupt requests. Note that the interrupt
 208:.\Generated_Source\PSoC4/AD_H.c **** *  type is port wide, and therefore will trigger for any enabled pin on the 
 209:.\Generated_Source\PSoC4/AD_H.c **** *  port.
 210:.\Generated_Source\PSoC4/AD_H.c **** *
 211:.\Generated_Source\PSoC4/AD_H.c **** * \funcusage
 212:.\Generated_Source\PSoC4/AD_H.c **** *  \snippet AD_H_SUT.c usage_AD_H_SetInterruptMode
 213:.\Generated_Source\PSoC4/AD_H.c **** *******************************************************************************/
 214:.\Generated_Source\PSoC4/AD_H.c **** void AD_H_SetInterruptMode(uint16 position, uint16 mode)
 215:.\Generated_Source\PSoC4/AD_H.c **** {
 200              		.loc 1 215 0
 201              		.cfi_startproc
 202              	.LVL4:
 216:.\Generated_Source\PSoC4/AD_H.c ****     uint32 intrCfg;
 217:.\Generated_Source\PSoC4/AD_H.c ****     
 218:.\Generated_Source\PSoC4/AD_H.c ****     intrCfg =  AD_H_INTCFG & (uint32)(~(uint32)position);
 203              		.loc 1 218 0
 204 0000 034A     		ldr	r2, .L14
 219:.\Generated_Source\PSoC4/AD_H.c ****     AD_H_INTCFG = intrCfg | ((uint32)position & (uint32)mode);
 220:.\Generated_Source\PSoC4/AD_H.c **** }
 205              		.loc 1 220 0
 206              		@ sp needed
 218:.\Generated_Source\PSoC4/AD_H.c ****     AD_H_INTCFG = intrCfg | ((uint32)position & (uint32)mode);
 207              		.loc 1 218 0
 208 0002 1368     		ldr	r3, [r2]
 209              	.LVL5:
 210 0004 8343     		bic	r3, r0
 211              	.LVL6:
 219:.\Generated_Source\PSoC4/AD_H.c ****     AD_H_INTCFG = intrCfg | ((uint32)position & (uint32)mode);
 212              		.loc 1 219 0
 213 0006 0840     		and	r0, r1
 214              	.LVL7:
 215 0008 1843     		orr	r0, r3
 216 000a 1060     		str	r0, [r2]
 217              		.loc 1 220 0
 218 000c 7047     		bx	lr
 219              	.L15:
 220 000e C046     		.align	2
ARM GAS  C:\Users\Jarik\AppData\Local\Temp\cc6dCtee.s 			page 9


 221              	.L14:
 222 0010 0C000440 		.word	1074003980
 223              		.cfi_endproc
 224              	.LFE4:
 225              		.size	AD_H_SetInterruptMode, .-AD_H_SetInterruptMode
 226              		.section	.text.AD_H_ClearInterrupt,"ax",%progbits
 227              		.align	1
 228              		.global	AD_H_ClearInterrupt
 229              		.code	16
 230              		.thumb_func
 231              		.type	AD_H_ClearInterrupt, %function
 232              	AD_H_ClearInterrupt:
 233              	.LFB5:
 221:.\Generated_Source\PSoC4/AD_H.c **** 
 222:.\Generated_Source\PSoC4/AD_H.c **** 
 223:.\Generated_Source\PSoC4/AD_H.c **** /*******************************************************************************
 224:.\Generated_Source\PSoC4/AD_H.c **** * Function Name: AD_H_ClearInterrupt
 225:.\Generated_Source\PSoC4/AD_H.c **** ****************************************************************************//**
 226:.\Generated_Source\PSoC4/AD_H.c **** *
 227:.\Generated_Source\PSoC4/AD_H.c **** * \brief Clears any active interrupts attached with the component and returns 
 228:.\Generated_Source\PSoC4/AD_H.c **** *  the value of the interrupt status register allowing determination of which
 229:.\Generated_Source\PSoC4/AD_H.c **** *  pins generated an interrupt event.
 230:.\Generated_Source\PSoC4/AD_H.c **** *
 231:.\Generated_Source\PSoC4/AD_H.c **** * \return 
 232:.\Generated_Source\PSoC4/AD_H.c **** *  The right-shifted current value of the interrupt status register. Each pin 
 233:.\Generated_Source\PSoC4/AD_H.c **** *  has one bit set if it generated an interrupt event. For example, bit 0 is 
 234:.\Generated_Source\PSoC4/AD_H.c **** *  for pin 0 and bit 1 is for pin 1 of the Pins component.
 235:.\Generated_Source\PSoC4/AD_H.c **** *  
 236:.\Generated_Source\PSoC4/AD_H.c **** * \sideeffect
 237:.\Generated_Source\PSoC4/AD_H.c **** *  Clears all bits of the physical port's interrupt status register, not just
 238:.\Generated_Source\PSoC4/AD_H.c **** *  those associated with the Pins component.
 239:.\Generated_Source\PSoC4/AD_H.c **** *
 240:.\Generated_Source\PSoC4/AD_H.c **** * \funcusage
 241:.\Generated_Source\PSoC4/AD_H.c **** *  \snippet AD_H_SUT.c usage_AD_H_ClearInterrupt
 242:.\Generated_Source\PSoC4/AD_H.c **** *******************************************************************************/
 243:.\Generated_Source\PSoC4/AD_H.c **** uint8 AD_H_ClearInterrupt(void)
 244:.\Generated_Source\PSoC4/AD_H.c **** {
 234              		.loc 1 244 0
 235              		.cfi_startproc
 245:.\Generated_Source\PSoC4/AD_H.c **** 	uint8 maskedStatus = (uint8)(AD_H_INTSTAT & AD_H_MASK);
 236              		.loc 1 245 0
 237 0000 024B     		ldr	r3, .L17
 246:.\Generated_Source\PSoC4/AD_H.c **** 	AD_H_INTSTAT = maskedStatus;
 247:.\Generated_Source\PSoC4/AD_H.c ****     return maskedStatus >> AD_H_SHIFT;
 248:.\Generated_Source\PSoC4/AD_H.c **** }
 238              		.loc 1 248 0
 239              		@ sp needed
 245:.\Generated_Source\PSoC4/AD_H.c **** 	uint8 maskedStatus = (uint8)(AD_H_INTSTAT & AD_H_MASK);
 240              		.loc 1 245 0
 241 0002 1868     		ldr	r0, [r3]
 242              	.LVL8:
 246:.\Generated_Source\PSoC4/AD_H.c **** 	AD_H_INTSTAT = maskedStatus;
 243              		.loc 1 246 0
 244 0004 C2B2     		uxtb	r2, r0
 245 0006 1A60     		str	r2, [r3]
 247:.\Generated_Source\PSoC4/AD_H.c **** }
 246              		.loc 1 247 0
ARM GAS  C:\Users\Jarik\AppData\Local\Temp\cc6dCtee.s 			page 10


 247 0008 C0B2     		uxtb	r0, r0
 248              		.loc 1 248 0
 249 000a 7047     		bx	lr
 250              	.L18:
 251              		.align	2
 252              	.L17:
 253 000c 10000440 		.word	1074003984
 254              		.cfi_endproc
 255              	.LFE5:
 256              		.size	AD_H_ClearInterrupt, .-AD_H_ClearInterrupt
 257              		.text
 258              	.Letext0:
 259              		.file 2 ".\\Generated_Source\\PSoC4\\cytypes.h"
 260              		.section	.debug_info,"",%progbits
 261              	.Ldebug_info0:
 262 0000 95010000 		.4byte	0x195
 263 0004 0400     		.2byte	0x4
 264 0006 00000000 		.4byte	.Ldebug_abbrev0
 265 000a 04       		.byte	0x4
 266 000b 01       		.uleb128 0x1
 267 000c 06000000 		.4byte	.LASF28
 268 0010 01       		.byte	0x1
 269 0011 32010000 		.4byte	.LASF29
 270 0015 CD010000 		.4byte	.LASF30
 271 0019 00000000 		.4byte	.Ldebug_ranges0+0
 272 001d 00000000 		.4byte	0
 273 0021 00000000 		.4byte	.Ldebug_line0
 274 0025 02       		.uleb128 0x2
 275 0026 01       		.byte	0x1
 276 0027 06       		.byte	0x6
 277 0028 02020000 		.4byte	.LASF0
 278 002c 02       		.uleb128 0x2
 279 002d 01       		.byte	0x1
 280 002e 08       		.byte	0x8
 281 002f B5000000 		.4byte	.LASF1
 282 0033 02       		.uleb128 0x2
 283 0034 02       		.byte	0x2
 284 0035 05       		.byte	0x5
 285 0036 A3010000 		.4byte	.LASF2
 286 003a 02       		.uleb128 0x2
 287 003b 02       		.byte	0x2
 288 003c 07       		.byte	0x7
 289 003d DB000000 		.4byte	.LASF3
 290 0041 02       		.uleb128 0x2
 291 0042 04       		.byte	0x4
 292 0043 05       		.byte	0x5
 293 0044 C4010000 		.4byte	.LASF4
 294 0048 02       		.uleb128 0x2
 295 0049 04       		.byte	0x4
 296 004a 07       		.byte	0x7
 297 004b C9000000 		.4byte	.LASF5
 298 004f 02       		.uleb128 0x2
 299 0050 08       		.byte	0x8
 300 0051 05       		.byte	0x5
 301 0052 83010000 		.4byte	.LASF6
 302 0056 02       		.uleb128 0x2
 303 0057 08       		.byte	0x8
ARM GAS  C:\Users\Jarik\AppData\Local\Temp\cc6dCtee.s 			page 11


 304 0058 07       		.byte	0x7
 305 0059 67010000 		.4byte	.LASF7
 306 005d 03       		.uleb128 0x3
 307 005e 04       		.byte	0x4
 308 005f 05       		.byte	0x5
 309 0060 696E7400 		.ascii	"int\000"
 310 0064 02       		.uleb128 0x2
 311 0065 04       		.byte	0x4
 312 0066 07       		.byte	0x7
 313 0067 5A010000 		.4byte	.LASF8
 314 006b 04       		.uleb128 0x4
 315 006c AD010000 		.4byte	.LASF9
 316 0070 02       		.byte	0x2
 317 0071 3801     		.2byte	0x138
 318 0073 2C000000 		.4byte	0x2c
 319 0077 04       		.uleb128 0x4
 320 0078 09010000 		.4byte	.LASF10
 321 007c 02       		.byte	0x2
 322 007d 3901     		.2byte	0x139
 323 007f 3A000000 		.4byte	0x3a
 324 0083 04       		.uleb128 0x4
 325 0084 2B010000 		.4byte	.LASF11
 326 0088 02       		.byte	0x2
 327 0089 3A01     		.2byte	0x13a
 328 008b 48000000 		.4byte	0x48
 329 008f 02       		.uleb128 0x2
 330 0090 04       		.byte	0x4
 331 0091 04       		.byte	0x4
 332 0092 AF000000 		.4byte	.LASF12
 333 0096 02       		.uleb128 0x2
 334 0097 08       		.byte	0x8
 335 0098 04       		.byte	0x4
 336 0099 02010000 		.4byte	.LASF13
 337 009d 02       		.uleb128 0x2
 338 009e 01       		.byte	0x1
 339 009f 08       		.byte	0x8
 340 00a0 9E010000 		.4byte	.LASF14
 341 00a4 04       		.uleb128 0x4
 342 00a5 00000000 		.4byte	.LASF15
 343 00a9 02       		.byte	0x2
 344 00aa E401     		.2byte	0x1e4
 345 00ac B0000000 		.4byte	0xb0
 346 00b0 05       		.uleb128 0x5
 347 00b1 83000000 		.4byte	0x83
 348 00b5 06       		.uleb128 0x6
 349 00b6 10010000 		.4byte	.LASF16
 350 00ba 01       		.byte	0x1
 351 00bb 48       		.byte	0x48
 352 00bc 00000000 		.4byte	.LFB0
 353 00c0 80000000 		.4byte	.LFE0-.LFB0
 354 00c4 01       		.uleb128 0x1
 355 00c5 9C       		.byte	0x9c
 356 00c6 DA000000 		.4byte	0xda
 357 00ca 07       		.uleb128 0x7
 358 00cb 7E010000 		.4byte	.LASF18
 359 00cf 01       		.byte	0x1
 360 00d0 48       		.byte	0x48
ARM GAS  C:\Users\Jarik\AppData\Local\Temp\cc6dCtee.s 			page 12


 361 00d1 6B000000 		.4byte	0x6b
 362 00d5 00000000 		.4byte	.LLST0
 363 00d9 00       		.byte	0
 364 00da 06       		.uleb128 0x6
 365 00db 9A000000 		.4byte	.LASF17
 366 00df 01       		.byte	0x1
 367 00e0 76       		.byte	0x76
 368 00e1 00000000 		.4byte	.LFB1
 369 00e5 0C000000 		.4byte	.LFE1-.LFB1
 370 00e9 01       		.uleb128 0x1
 371 00ea 9C       		.byte	0x9c
 372 00eb 0A010000 		.4byte	0x10a
 373 00ef 08       		.uleb128 0x8
 374 00f0 94000000 		.4byte	.LASF19
 375 00f4 01       		.byte	0x1
 376 00f5 76       		.byte	0x76
 377 00f6 6B000000 		.4byte	0x6b
 378 00fa 01       		.uleb128 0x1
 379 00fb 50       		.byte	0x50
 380 00fc 09       		.uleb128 0x9
 381 00fd C3000000 		.4byte	.LASF24
 382 0101 01       		.byte	0x1
 383 0102 78       		.byte	0x78
 384 0103 6B000000 		.4byte	0x6b
 385 0107 01       		.uleb128 0x1
 386 0108 50       		.byte	0x50
 387 0109 00       		.byte	0
 388 010a 0A       		.uleb128 0xa
 389 010b A5000000 		.4byte	.LASF20
 390 010f 01       		.byte	0x1
 391 0110 8F       		.byte	0x8f
 392 0111 6B000000 		.4byte	0x6b
 393 0115 00000000 		.4byte	.LFB2
 394 0119 0C000000 		.4byte	.LFE2-.LFB2
 395 011d 01       		.uleb128 0x1
 396 011e 9C       		.byte	0x9c
 397 011f 0A       		.uleb128 0xa
 398 0120 B3010000 		.4byte	.LASF21
 399 0124 01       		.byte	0x1
 400 0125 AB       		.byte	0xab
 401 0126 6B000000 		.4byte	0x6b
 402 012a 00000000 		.4byte	.LFB3
 403 012e 0C000000 		.4byte	.LFE3-.LFB3
 404 0132 01       		.uleb128 0x1
 405 0133 9C       		.byte	0x9c
 406 0134 06       		.uleb128 0x6
 407 0135 0E020000 		.4byte	.LASF22
 408 0139 01       		.byte	0x1
 409 013a D6       		.byte	0xd6
 410 013b 00000000 		.4byte	.LFB4
 411 013f 14000000 		.4byte	.LFE4-.LFB4
 412 0143 01       		.uleb128 0x1
 413 0144 9C       		.byte	0x9c
 414 0145 75010000 		.4byte	0x175
 415 0149 07       		.uleb128 0x7
 416 014a 22010000 		.4byte	.LASF23
 417 014e 01       		.byte	0x1
ARM GAS  C:\Users\Jarik\AppData\Local\Temp\cc6dCtee.s 			page 13


 418 014f D6       		.byte	0xd6
 419 0150 77000000 		.4byte	0x77
 420 0154 21000000 		.4byte	.LLST1
 421 0158 08       		.uleb128 0x8
 422 0159 7E010000 		.4byte	.LASF18
 423 015d 01       		.byte	0x1
 424 015e D6       		.byte	0xd6
 425 015f 77000000 		.4byte	0x77
 426 0163 01       		.uleb128 0x1
 427 0164 51       		.byte	0x51
 428 0165 0B       		.uleb128 0xb
 429 0166 52010000 		.4byte	.LASF25
 430 016a 01       		.byte	0x1
 431 016b D8       		.byte	0xd8
 432 016c 83000000 		.4byte	0x83
 433 0170 42000000 		.4byte	.LLST2
 434 0174 00       		.byte	0
 435 0175 0C       		.uleb128 0xc
 436 0176 EE000000 		.4byte	.LASF26
 437 017a 01       		.byte	0x1
 438 017b F3       		.byte	0xf3
 439 017c 6B000000 		.4byte	0x6b
 440 0180 00000000 		.4byte	.LFB5
 441 0184 10000000 		.4byte	.LFE5-.LFB5
 442 0188 01       		.uleb128 0x1
 443 0189 9C       		.byte	0x9c
 444 018a 09       		.uleb128 0x9
 445 018b 91010000 		.4byte	.LASF27
 446 018f 01       		.byte	0x1
 447 0190 F5       		.byte	0xf5
 448 0191 6B000000 		.4byte	0x6b
 449 0195 01       		.uleb128 0x1
 450 0196 50       		.byte	0x50
 451 0197 00       		.byte	0
 452 0198 00       		.byte	0
 453              		.section	.debug_abbrev,"",%progbits
 454              	.Ldebug_abbrev0:
 455 0000 01       		.uleb128 0x1
 456 0001 11       		.uleb128 0x11
 457 0002 01       		.byte	0x1
 458 0003 25       		.uleb128 0x25
 459 0004 0E       		.uleb128 0xe
 460 0005 13       		.uleb128 0x13
 461 0006 0B       		.uleb128 0xb
 462 0007 03       		.uleb128 0x3
 463 0008 0E       		.uleb128 0xe
 464 0009 1B       		.uleb128 0x1b
 465 000a 0E       		.uleb128 0xe
 466 000b 55       		.uleb128 0x55
 467 000c 17       		.uleb128 0x17
 468 000d 11       		.uleb128 0x11
 469 000e 01       		.uleb128 0x1
 470 000f 10       		.uleb128 0x10
 471 0010 17       		.uleb128 0x17
 472 0011 00       		.byte	0
 473 0012 00       		.byte	0
 474 0013 02       		.uleb128 0x2
ARM GAS  C:\Users\Jarik\AppData\Local\Temp\cc6dCtee.s 			page 14


 475 0014 24       		.uleb128 0x24
 476 0015 00       		.byte	0
 477 0016 0B       		.uleb128 0xb
 478 0017 0B       		.uleb128 0xb
 479 0018 3E       		.uleb128 0x3e
 480 0019 0B       		.uleb128 0xb
 481 001a 03       		.uleb128 0x3
 482 001b 0E       		.uleb128 0xe
 483 001c 00       		.byte	0
 484 001d 00       		.byte	0
 485 001e 03       		.uleb128 0x3
 486 001f 24       		.uleb128 0x24
 487 0020 00       		.byte	0
 488 0021 0B       		.uleb128 0xb
 489 0022 0B       		.uleb128 0xb
 490 0023 3E       		.uleb128 0x3e
 491 0024 0B       		.uleb128 0xb
 492 0025 03       		.uleb128 0x3
 493 0026 08       		.uleb128 0x8
 494 0027 00       		.byte	0
 495 0028 00       		.byte	0
 496 0029 04       		.uleb128 0x4
 497 002a 16       		.uleb128 0x16
 498 002b 00       		.byte	0
 499 002c 03       		.uleb128 0x3
 500 002d 0E       		.uleb128 0xe
 501 002e 3A       		.uleb128 0x3a
 502 002f 0B       		.uleb128 0xb
 503 0030 3B       		.uleb128 0x3b
 504 0031 05       		.uleb128 0x5
 505 0032 49       		.uleb128 0x49
 506 0033 13       		.uleb128 0x13
 507 0034 00       		.byte	0
 508 0035 00       		.byte	0
 509 0036 05       		.uleb128 0x5
 510 0037 35       		.uleb128 0x35
 511 0038 00       		.byte	0
 512 0039 49       		.uleb128 0x49
 513 003a 13       		.uleb128 0x13
 514 003b 00       		.byte	0
 515 003c 00       		.byte	0
 516 003d 06       		.uleb128 0x6
 517 003e 2E       		.uleb128 0x2e
 518 003f 01       		.byte	0x1
 519 0040 3F       		.uleb128 0x3f
 520 0041 19       		.uleb128 0x19
 521 0042 03       		.uleb128 0x3
 522 0043 0E       		.uleb128 0xe
 523 0044 3A       		.uleb128 0x3a
 524 0045 0B       		.uleb128 0xb
 525 0046 3B       		.uleb128 0x3b
 526 0047 0B       		.uleb128 0xb
 527 0048 27       		.uleb128 0x27
 528 0049 19       		.uleb128 0x19
 529 004a 11       		.uleb128 0x11
 530 004b 01       		.uleb128 0x1
 531 004c 12       		.uleb128 0x12
ARM GAS  C:\Users\Jarik\AppData\Local\Temp\cc6dCtee.s 			page 15


 532 004d 06       		.uleb128 0x6
 533 004e 40       		.uleb128 0x40
 534 004f 18       		.uleb128 0x18
 535 0050 9742     		.uleb128 0x2117
 536 0052 19       		.uleb128 0x19
 537 0053 01       		.uleb128 0x1
 538 0054 13       		.uleb128 0x13
 539 0055 00       		.byte	0
 540 0056 00       		.byte	0
 541 0057 07       		.uleb128 0x7
 542 0058 05       		.uleb128 0x5
 543 0059 00       		.byte	0
 544 005a 03       		.uleb128 0x3
 545 005b 0E       		.uleb128 0xe
 546 005c 3A       		.uleb128 0x3a
 547 005d 0B       		.uleb128 0xb
 548 005e 3B       		.uleb128 0x3b
 549 005f 0B       		.uleb128 0xb
 550 0060 49       		.uleb128 0x49
 551 0061 13       		.uleb128 0x13
 552 0062 02       		.uleb128 0x2
 553 0063 17       		.uleb128 0x17
 554 0064 00       		.byte	0
 555 0065 00       		.byte	0
 556 0066 08       		.uleb128 0x8
 557 0067 05       		.uleb128 0x5
 558 0068 00       		.byte	0
 559 0069 03       		.uleb128 0x3
 560 006a 0E       		.uleb128 0xe
 561 006b 3A       		.uleb128 0x3a
 562 006c 0B       		.uleb128 0xb
 563 006d 3B       		.uleb128 0x3b
 564 006e 0B       		.uleb128 0xb
 565 006f 49       		.uleb128 0x49
 566 0070 13       		.uleb128 0x13
 567 0071 02       		.uleb128 0x2
 568 0072 18       		.uleb128 0x18
 569 0073 00       		.byte	0
 570 0074 00       		.byte	0
 571 0075 09       		.uleb128 0x9
 572 0076 34       		.uleb128 0x34
 573 0077 00       		.byte	0
 574 0078 03       		.uleb128 0x3
 575 0079 0E       		.uleb128 0xe
 576 007a 3A       		.uleb128 0x3a
 577 007b 0B       		.uleb128 0xb
 578 007c 3B       		.uleb128 0x3b
 579 007d 0B       		.uleb128 0xb
 580 007e 49       		.uleb128 0x49
 581 007f 13       		.uleb128 0x13
 582 0080 02       		.uleb128 0x2
 583 0081 18       		.uleb128 0x18
 584 0082 00       		.byte	0
 585 0083 00       		.byte	0
 586 0084 0A       		.uleb128 0xa
 587 0085 2E       		.uleb128 0x2e
 588 0086 00       		.byte	0
ARM GAS  C:\Users\Jarik\AppData\Local\Temp\cc6dCtee.s 			page 16


 589 0087 3F       		.uleb128 0x3f
 590 0088 19       		.uleb128 0x19
 591 0089 03       		.uleb128 0x3
 592 008a 0E       		.uleb128 0xe
 593 008b 3A       		.uleb128 0x3a
 594 008c 0B       		.uleb128 0xb
 595 008d 3B       		.uleb128 0x3b
 596 008e 0B       		.uleb128 0xb
 597 008f 27       		.uleb128 0x27
 598 0090 19       		.uleb128 0x19
 599 0091 49       		.uleb128 0x49
 600 0092 13       		.uleb128 0x13
 601 0093 11       		.uleb128 0x11
 602 0094 01       		.uleb128 0x1
 603 0095 12       		.uleb128 0x12
 604 0096 06       		.uleb128 0x6
 605 0097 40       		.uleb128 0x40
 606 0098 18       		.uleb128 0x18
 607 0099 9742     		.uleb128 0x2117
 608 009b 19       		.uleb128 0x19
 609 009c 00       		.byte	0
 610 009d 00       		.byte	0
 611 009e 0B       		.uleb128 0xb
 612 009f 34       		.uleb128 0x34
 613 00a0 00       		.byte	0
 614 00a1 03       		.uleb128 0x3
 615 00a2 0E       		.uleb128 0xe
 616 00a3 3A       		.uleb128 0x3a
 617 00a4 0B       		.uleb128 0xb
 618 00a5 3B       		.uleb128 0x3b
 619 00a6 0B       		.uleb128 0xb
 620 00a7 49       		.uleb128 0x49
 621 00a8 13       		.uleb128 0x13
 622 00a9 02       		.uleb128 0x2
 623 00aa 17       		.uleb128 0x17
 624 00ab 00       		.byte	0
 625 00ac 00       		.byte	0
 626 00ad 0C       		.uleb128 0xc
 627 00ae 2E       		.uleb128 0x2e
 628 00af 01       		.byte	0x1
 629 00b0 3F       		.uleb128 0x3f
 630 00b1 19       		.uleb128 0x19
 631 00b2 03       		.uleb128 0x3
 632 00b3 0E       		.uleb128 0xe
 633 00b4 3A       		.uleb128 0x3a
 634 00b5 0B       		.uleb128 0xb
 635 00b6 3B       		.uleb128 0x3b
 636 00b7 0B       		.uleb128 0xb
 637 00b8 27       		.uleb128 0x27
 638 00b9 19       		.uleb128 0x19
 639 00ba 49       		.uleb128 0x49
 640 00bb 13       		.uleb128 0x13
 641 00bc 11       		.uleb128 0x11
 642 00bd 01       		.uleb128 0x1
 643 00be 12       		.uleb128 0x12
 644 00bf 06       		.uleb128 0x6
 645 00c0 40       		.uleb128 0x40
ARM GAS  C:\Users\Jarik\AppData\Local\Temp\cc6dCtee.s 			page 17


 646 00c1 18       		.uleb128 0x18
 647 00c2 9742     		.uleb128 0x2117
 648 00c4 19       		.uleb128 0x19
 649 00c5 00       		.byte	0
 650 00c6 00       		.byte	0
 651 00c7 00       		.byte	0
 652              		.section	.debug_loc,"",%progbits
 653              	.Ldebug_loc0:
 654              	.LLST0:
 655 0000 00000000 		.4byte	.LVL0
 656 0004 5C000000 		.4byte	.LVL1
 657 0008 0100     		.2byte	0x1
 658 000a 50       		.byte	0x50
 659 000b 5C000000 		.4byte	.LVL1
 660 000f 80000000 		.4byte	.LFE0
 661 0013 0400     		.2byte	0x4
 662 0015 F3       		.byte	0xf3
 663 0016 01       		.uleb128 0x1
 664 0017 50       		.byte	0x50
 665 0018 9F       		.byte	0x9f
 666 0019 00000000 		.4byte	0
 667 001d 00000000 		.4byte	0
 668              	.LLST1:
 669 0021 00000000 		.4byte	.LVL4
 670 0025 08000000 		.4byte	.LVL7
 671 0029 0100     		.2byte	0x1
 672 002b 50       		.byte	0x50
 673 002c 08000000 		.4byte	.LVL7
 674 0030 14000000 		.4byte	.LFE4
 675 0034 0400     		.2byte	0x4
 676 0036 F3       		.byte	0xf3
 677 0037 01       		.uleb128 0x1
 678 0038 50       		.byte	0x50
 679 0039 9F       		.byte	0x9f
 680 003a 00000000 		.4byte	0
 681 003e 00000000 		.4byte	0
 682              	.LLST2:
 683 0042 04000000 		.4byte	.LVL5
 684 0046 06000000 		.4byte	.LVL6
 685 004a 0B00     		.2byte	0xb
 686 004c 70       		.byte	0x70
 687 004d 00       		.sleb128 0
 688 004e 0A       		.byte	0xa
 689 004f FFFF     		.2byte	0xffff
 690 0051 1A       		.byte	0x1a
 691 0052 20       		.byte	0x20
 692 0053 73       		.byte	0x73
 693 0054 00       		.sleb128 0
 694 0055 1A       		.byte	0x1a
 695 0056 9F       		.byte	0x9f
 696 0057 00000000 		.4byte	0
 697 005b 00000000 		.4byte	0
 698              		.section	.debug_aranges,"",%progbits
 699 0000 44000000 		.4byte	0x44
 700 0004 0200     		.2byte	0x2
 701 0006 00000000 		.4byte	.Ldebug_info0
 702 000a 04       		.byte	0x4
ARM GAS  C:\Users\Jarik\AppData\Local\Temp\cc6dCtee.s 			page 18


 703 000b 00       		.byte	0
 704 000c 0000     		.2byte	0
 705 000e 0000     		.2byte	0
 706 0010 00000000 		.4byte	.LFB0
 707 0014 80000000 		.4byte	.LFE0-.LFB0
 708 0018 00000000 		.4byte	.LFB1
 709 001c 0C000000 		.4byte	.LFE1-.LFB1
 710 0020 00000000 		.4byte	.LFB2
 711 0024 0C000000 		.4byte	.LFE2-.LFB2
 712 0028 00000000 		.4byte	.LFB3
 713 002c 0C000000 		.4byte	.LFE3-.LFB3
 714 0030 00000000 		.4byte	.LFB4
 715 0034 14000000 		.4byte	.LFE4-.LFB4
 716 0038 00000000 		.4byte	.LFB5
 717 003c 10000000 		.4byte	.LFE5-.LFB5
 718 0040 00000000 		.4byte	0
 719 0044 00000000 		.4byte	0
 720              		.section	.debug_ranges,"",%progbits
 721              	.Ldebug_ranges0:
 722 0000 00000000 		.4byte	.LFB0
 723 0004 80000000 		.4byte	.LFE0
 724 0008 00000000 		.4byte	.LFB1
 725 000c 0C000000 		.4byte	.LFE1
 726 0010 00000000 		.4byte	.LFB2
 727 0014 0C000000 		.4byte	.LFE2
 728 0018 00000000 		.4byte	.LFB3
 729 001c 0C000000 		.4byte	.LFE3
 730 0020 00000000 		.4byte	.LFB4
 731 0024 14000000 		.4byte	.LFE4
 732 0028 00000000 		.4byte	.LFB5
 733 002c 10000000 		.4byte	.LFE5
 734 0030 00000000 		.4byte	0
 735 0034 00000000 		.4byte	0
 736              		.section	.debug_line,"",%progbits
 737              	.Ldebug_line0:
 738 0000 D1000000 		.section	.debug_str,"MS",%progbits,1
 738      02004300 
 738      00000201 
 738      FB0E0D00 
 738      01010101 
 739              	.LASF15:
 740 0000 72656733 		.ascii	"reg32\000"
 740      3200
 741              	.LASF28:
 742 0006 474E5520 		.ascii	"GNU C 4.9.3 20150303 (release) [ARM/embedded-4_9-br"
 742      4320342E 
 742      392E3320 
 742      32303135 
 742      30333033 
 743 0039 616E6368 		.ascii	"anch revision 221220] -mcpu=cortex-m0 -mthumb -g -O"
 743      20726576 
 743      6973696F 
 743      6E203232 
 743      31323230 
 744 006c 73202D66 		.ascii	"s -ffunction-sections -ffat-lto-objects\000"
 744      66756E63 
 744      74696F6E 
ARM GAS  C:\Users\Jarik\AppData\Local\Temp\cc6dCtee.s 			page 19


 744      2D736563 
 744      74696F6E 
 745              	.LASF19:
 746 0094 76616C75 		.ascii	"value\000"
 746      6500
 747              	.LASF17:
 748 009a 41445F48 		.ascii	"AD_H_Write\000"
 748      5F577269 
 748      746500
 749              	.LASF20:
 750 00a5 41445F48 		.ascii	"AD_H_Read\000"
 750      5F526561 
 750      6400
 751              	.LASF12:
 752 00af 666C6F61 		.ascii	"float\000"
 752      7400
 753              	.LASF1:
 754 00b5 756E7369 		.ascii	"unsigned char\000"
 754      676E6564 
 754      20636861 
 754      7200
 755              	.LASF24:
 756 00c3 64725661 		.ascii	"drVal\000"
 756      6C00
 757              	.LASF5:
 758 00c9 6C6F6E67 		.ascii	"long unsigned int\000"
 758      20756E73 
 758      69676E65 
 758      6420696E 
 758      7400
 759              	.LASF3:
 760 00db 73686F72 		.ascii	"short unsigned int\000"
 760      7420756E 
 760      7369676E 
 760      65642069 
 760      6E7400
 761              	.LASF26:
 762 00ee 41445F48 		.ascii	"AD_H_ClearInterrupt\000"
 762      5F436C65 
 762      6172496E 
 762      74657272 
 762      75707400 
 763              	.LASF13:
 764 0102 646F7562 		.ascii	"double\000"
 764      6C6500
 765              	.LASF10:
 766 0109 75696E74 		.ascii	"uint16\000"
 766      313600
 767              	.LASF16:
 768 0110 41445F48 		.ascii	"AD_H_SetDriveMode\000"
 768      5F536574 
 768      44726976 
 768      654D6F64 
 768      6500
 769              	.LASF23:
 770 0122 706F7369 		.ascii	"position\000"
 770      74696F6E 
ARM GAS  C:\Users\Jarik\AppData\Local\Temp\cc6dCtee.s 			page 20


 770      00
 771              	.LASF11:
 772 012b 75696E74 		.ascii	"uint32\000"
 772      333200
 773              	.LASF29:
 774 0132 2E5C4765 		.ascii	".\\Generated_Source\\PSoC4\\AD_H.c\000"
 774      6E657261 
 774      7465645F 
 774      536F7572 
 774      63655C50 
 775              	.LASF25:
 776 0152 696E7472 		.ascii	"intrCfg\000"
 776      43666700 
 777              	.LASF8:
 778 015a 756E7369 		.ascii	"unsigned int\000"
 778      676E6564 
 778      20696E74 
 778      00
 779              	.LASF7:
 780 0167 6C6F6E67 		.ascii	"long long unsigned int\000"
 780      206C6F6E 
 780      6720756E 
 780      7369676E 
 780      65642069 
 781              	.LASF18:
 782 017e 6D6F6465 		.ascii	"mode\000"
 782      00
 783              	.LASF6:
 784 0183 6C6F6E67 		.ascii	"long long int\000"
 784      206C6F6E 
 784      6720696E 
 784      7400
 785              	.LASF27:
 786 0191 6D61736B 		.ascii	"maskedStatus\000"
 786      65645374 
 786      61747573 
 786      00
 787              	.LASF14:
 788 019e 63686172 		.ascii	"char\000"
 788      00
 789              	.LASF2:
 790 01a3 73686F72 		.ascii	"short int\000"
 790      7420696E 
 790      7400
 791              	.LASF9:
 792 01ad 75696E74 		.ascii	"uint8\000"
 792      3800
 793              	.LASF21:
 794 01b3 41445F48 		.ascii	"AD_H_ReadDataReg\000"
 794      5F526561 
 794      64446174 
 794      61526567 
 794      00
 795              	.LASF4:
 796 01c4 6C6F6E67 		.ascii	"long int\000"
 796      20696E74 
 796      00
ARM GAS  C:\Users\Jarik\AppData\Local\Temp\cc6dCtee.s 			page 21


 797              	.LASF30:
 798 01cd 453A5C68 		.ascii	"E:\\home\\jarik\\src\\psoc\\mpi_rom_emu\\mpi_rom_em"
 798      6F6D655C 
 798      6A617269 
 798      6B5C7372 
 798      635C7073 
 799 01fa 752E6379 		.ascii	"u.cydsn\000"
 799      64736E00 
 800              	.LASF0:
 801 0202 7369676E 		.ascii	"signed char\000"
 801      65642063 
 801      68617200 
 802              	.LASF22:
 803 020e 41445F48 		.ascii	"AD_H_SetInterruptMode\000"
 803      5F536574 
 803      496E7465 
 803      72727570 
 803      744D6F64 
 804              		.ident	"GCC: (GNU Tools for ARM Embedded Processors) 4.9.3 20150303 (release) [ARM/embedded-4_9-br
