Archive member included because of file (symbol)

.\CortexM0\ARM_GCC_493\Release\mpi_rom_emu.a(cyfitter_cfg.o)
                              .\CortexM0\ARM_GCC_493\Release\Cm0Start.o (cyfitter_cfg)
.\CortexM0\ARM_GCC_493\Release\mpi_rom_emu.a(AD_L.o)
                              .\CortexM0\ARM_GCC_493\Release\main.o (AD_L_SetDriveMode)
.\CortexM0\ARM_GCC_493\Release\mpi_rom_emu.a(AD_H.o)
                              .\CortexM0\ARM_GCC_493\Release\main.o (AD_H_SetDriveMode)
.\CortexM0\ARM_GCC_493\Release\mpi_rom_emu.a(SIP.o)
                              .\CortexM0\ARM_GCC_493\Release\main.o (SIP_Write)
.\CortexM0\ARM_GCC_493\Release\mpi_rom_emu.a(AH_reg.o)
                              .\CortexM0\ARM_GCC_493\Release\main.o (AH_reg_Read)
.\CortexM0\ARM_GCC_493\Release\mpi_rom_emu.a(AL_reg.o)
                              .\CortexM0\ARM_GCC_493\Release\main.o (AL_reg_Read)
.\CortexM0\ARM_GCC_493\Release\mpi_rom_emu.a(CyBootAsmGnu.o)
                              .\CortexM0\ARM_GCC_493\Release\mpi_rom_emu.a(AH_reg.o) (CyEnterCriticalSection)
.\CortexM0\ARM_GCC_493\Release\mpi_rom_emu.a(CyLib.o)
                              .\CortexM0\ARM_GCC_493\Release\Cm0Start.o (CyHalt)
.\CortexM0\ARM_GCC_493\Release\mpi_rom_emu.a(STATE.o)
                              .\CortexM0\ARM_GCC_493\Release\main.o (STATE_Read)
.\CortexM0\ARM_GCC_493\Release\mpi_rom_emu.a(IDX.o)
                              .\CortexM0\ARM_GCC_493\Release\main.o (IDX_Write)
.\CortexM0\ARM_GCC_493\Release\mpi_rom_emu.a(SPI_1.o)
                              .\CortexM0\ARM_GCC_493\Release\SPI_routines.o (SPI_1_Start)
.\CortexM0\ARM_GCC_493\Release\mpi_rom_emu.a(SPI_1_SPI_UART.o)
                              .\CortexM0\ARM_GCC_493\Release\SPI_routines.o (SPI_1_SpiUartReadRxData)
.\CortexM0\ARM_GCC_493\Release\mpi_rom_emu.a(SPI_1_SPI.o)
                              .\CortexM0\ARM_GCC_493\Release\mpi_rom_emu.a(SPI_1.o) (SPI_1_SpiPostEnable)
.\CortexM0\ARM_GCC_493\Release\mpi_rom_emu.a(SPI_1_sclk_m.o)
                              .\CortexM0\ARM_GCC_493\Release\mpi_rom_emu.a(SPI_1_SPI.o) (SPI_1_sclk_m_Write)
.\CortexM0\ARM_GCC_493\Release\mpi_rom_emu.a(SPI_1_ss0_m.o)
                              .\CortexM0\ARM_GCC_493\Release\mpi_rom_emu.a(SPI_1_SPI.o) (SPI_1_ss0_m_Write)
.\CortexM0\ARM_GCC_493\Release\mpi_rom_emu.a(LED1.o)
                              .\CortexM0\ARM_GCC_493\Release\main.o (LED1_Write)
.\CortexM0\ARM_GCC_493\Release\mpi_rom_emu.a(SPI_CS.o)
                              .\CortexM0\ARM_GCC_493\Release\sdmm.o (SPI_CS_Write)
.\CortexM0\ARM_GCC_493\Release\mpi_rom_emu.a(BYTE.o)
                              .\CortexM0\ARM_GCC_493\Release\main.o (BYTE_Read)
.\CortexM0\ARM_GCC_493\Release\mpi_rom_emu.a(isr_1.o)
                              .\CortexM0\ARM_GCC_493\Release\main.o (isr_1_StartEx)
c:/program files/cypress/psoc creator/3.3/psoc creator/import/gnu/arm/4.9.3/bin/../lib/gcc/arm-none-eabi/4.9.3/armv6-m\libgcc.a(_udivsi3.o)
                              .\CortexM0\ARM_GCC_493\Release\ff.o (__aeabi_uidiv)
c:/program files/cypress/psoc creator/3.3/psoc creator/import/gnu/arm/4.9.3/bin/../lib/gcc/arm-none-eabi/4.9.3/armv6-m\libgcc.a(_dvmd_tls.o)
                              c:/program files/cypress/psoc creator/3.3/psoc creator/import/gnu/arm/4.9.3/bin/../lib/gcc/arm-none-eabi/4.9.3/armv6-m\libgcc.a(_udivsi3.o) (__aeabi_idiv0)
c:/program files/cypress/psoc creator/3.3/psoc creator/import/gnu/arm/4.9.3/bin/../lib/gcc/arm-none-eabi/4.9.3/../../../../arm-none-eabi/lib/armv6-m\libg_nano.a(lib_a-errno.o)
                              .\CortexM0\ARM_GCC_493\Release\Cm0Start.o (__errno)
c:/program files/cypress/psoc creator/3.3/psoc creator/import/gnu/arm/4.9.3/bin/../lib/gcc/arm-none-eabi/4.9.3/../../../../arm-none-eabi/lib/armv6-m\libg_nano.a(lib_a-exit.o)
                              c:/program files/cypress/psoc creator/3.3/psoc creator/import/gnu/arm/4.9.3/bin/../lib/gcc/arm-none-eabi/4.9.3/../../../../arm-none-eabi/lib/armv6-m/crt0.o (exit)
c:/program files/cypress/psoc creator/3.3/psoc creator/import/gnu/arm/4.9.3/bin/../lib/gcc/arm-none-eabi/4.9.3/../../../../arm-none-eabi/lib/armv6-m\libg_nano.a(lib_a-impure.o)
                              c:/program files/cypress/psoc creator/3.3/psoc creator/import/gnu/arm/4.9.3/bin/../lib/gcc/arm-none-eabi/4.9.3/../../../../arm-none-eabi/lib/armv6-m\libg_nano.a(lib_a-exit.o) (_global_impure_ptr)
c:/program files/cypress/psoc creator/3.3/psoc creator/import/gnu/arm/4.9.3/bin/../lib/gcc/arm-none-eabi/4.9.3/../../../../arm-none-eabi/lib/armv6-m\libg_nano.a(lib_a-init.o)
                              c:/program files/cypress/psoc creator/3.3/psoc creator/import/gnu/arm/4.9.3/bin/../lib/gcc/arm-none-eabi/4.9.3/../../../../arm-none-eabi/lib/armv6-m/crt0.o (__libc_init_array)
c:/program files/cypress/psoc creator/3.3/psoc creator/import/gnu/arm/4.9.3/bin/../lib/gcc/arm-none-eabi/4.9.3/../../../../arm-none-eabi/lib/armv6-m\libg_nano.a(lib_a-memset.o)
                              c:/program files/cypress/psoc creator/3.3/psoc creator/import/gnu/arm/4.9.3/bin/../lib/gcc/arm-none-eabi/4.9.3/../../../../arm-none-eabi/lib/armv6-m/crt0.o (memset)

Allocating common symbols
Common symbol       size              file

Fatfs               0x230             .\CortexM0\ARM_GCC_493\Release\main.o
map_file            0x28              .\CortexM0\ARM_GCC_493\Release\main.o
file_names          0x80              .\CortexM0\ARM_GCC_493\Release\main.o
buf                 0x400             .\CortexM0\ARM_GCC_493\Release\main.o
disk                0x28              .\CortexM0\ARM_GCC_493\Release\cmd.o
oct_buf             0xa               .\CortexM0\ARM_GCC_493\Release\cmd.o
log_file            0x28              .\CortexM0\ARM_GCC_493\Release\main.o

Discarded input sections

 .text          0x00000000        0x0 c:/program files/cypress/psoc creator/3.3/psoc creator/import/gnu/arm/4.9.3/bin/../lib/gcc/arm-none-eabi/4.9.3/armv6-m/crti.o
 .data          0x00000000        0x0 c:/program files/cypress/psoc creator/3.3/psoc creator/import/gnu/arm/4.9.3/bin/../lib/gcc/arm-none-eabi/4.9.3/armv6-m/crti.o
 .bss           0x00000000        0x0 c:/program files/cypress/psoc creator/3.3/psoc creator/import/gnu/arm/4.9.3/bin/../lib/gcc/arm-none-eabi/4.9.3/armv6-m/crti.o
 .data          0x00000000        0x4 c:/program files/cypress/psoc creator/3.3/psoc creator/import/gnu/arm/4.9.3/bin/../lib/gcc/arm-none-eabi/4.9.3/armv6-m/crtbegin.o
 .text          0x00000000       0x78 c:/program files/cypress/psoc creator/3.3/psoc creator/import/gnu/arm/4.9.3/bin/../lib/gcc/arm-none-eabi/4.9.3/../../../../arm-none-eabi/lib/armv6-m/crt0.o
 .data          0x00000000        0x0 c:/program files/cypress/psoc creator/3.3/psoc creator/import/gnu/arm/4.9.3/bin/../lib/gcc/arm-none-eabi/4.9.3/../../../../arm-none-eabi/lib/armv6-m/crt0.o
 .bss           0x00000000        0x0 c:/program files/cypress/psoc creator/3.3/psoc creator/import/gnu/arm/4.9.3/bin/../lib/gcc/arm-none-eabi/4.9.3/../../../../arm-none-eabi/lib/armv6-m/crt0.o
 .ARM.extab     0x00000000        0x0 c:/program files/cypress/psoc creator/3.3/psoc creator/import/gnu/arm/4.9.3/bin/../lib/gcc/arm-none-eabi/4.9.3/../../../../arm-none-eabi/lib/armv6-m/crt0.o
 .ARM.exidx     0x00000000        0x8 c:/program files/cypress/psoc creator/3.3/psoc creator/import/gnu/arm/4.9.3/bin/../lib/gcc/arm-none-eabi/4.9.3/../../../../arm-none-eabi/lib/armv6-m/crt0.o
 .text          0x00000000        0x0 .\CortexM0\ARM_GCC_493\Release\main.o
 .data          0x00000000        0x0 .\CortexM0\ARM_GCC_493\Release\main.o
 .text          0x00000000        0x0 .\CortexM0\ARM_GCC_493\Release\ff.o
 .data          0x00000000        0x0 .\CortexM0\ARM_GCC_493\Release\ff.o
 .text.dir_remove
                0x00000000       0x28 .\CortexM0\ARM_GCC_493\Release\ff.o
 .text.f_stat   0x00000000       0x40 .\CortexM0\ARM_GCC_493\Release\ff.o
 .text.f_getfree
                0x00000000       0xec .\CortexM0\ARM_GCC_493\Release\ff.o
 .text.f_unlink
                0x00000000       0xba .\CortexM0\ARM_GCC_493\Release\ff.o
 .text.f_mkdir  0x00000000      0x1ea .\CortexM0\ARM_GCC_493\Release\ff.o
 .text.f_chmod  0x00000000       0x4c .\CortexM0\ARM_GCC_493\Release\ff.o
 .text.f_utime  0x00000000       0x50 .\CortexM0\ARM_GCC_493\Release\ff.o
 .text.f_rename
                0x00000000      0x128 .\CortexM0\ARM_GCC_493\Release\ff.o
 .text          0x00000000        0x0 .\CortexM0\ARM_GCC_493\Release\SPI_routines.o
 .data          0x00000000        0x0 .\CortexM0\ARM_GCC_493\Release\SPI_routines.o
 .bss           0x00000000        0x0 .\CortexM0\ARM_GCC_493\Release\SPI_routines.o
 .text          0x00000000        0x0 .\CortexM0\ARM_GCC_493\Release\cmd.o
 .text          0x00000000        0x0 .\CortexM0\ARM_GCC_493\Release\sdmm.o
 .text.disk_init
                0x00000000        0x8 .\CortexM0\ARM_GCC_493\Release\sdmm.o
 .text          0x00000000        0x0 .\CortexM0\ARM_GCC_493\Release\cymetadata.o
 .data          0x00000000        0x0 .\CortexM0\ARM_GCC_493\Release\cymetadata.o
 .bss           0x00000000        0x0 .\CortexM0\ARM_GCC_493\Release\cymetadata.o
 .text          0x00000000        0x0 .\CortexM0\ARM_GCC_493\Release\Cm0Start.o
 .data          0x00000000        0x4 .\CortexM0\ARM_GCC_493\Release\Cm0Start.o
 .bss           0x00000000        0x0 .\CortexM0\ARM_GCC_493\Release\Cm0Start.o
 .text._exit    0x00000000        0xa .\CortexM0\ARM_GCC_493\Release\Cm0Start.o
 .text._sbrk    0x00000000       0x2c .\CortexM0\ARM_GCC_493\Release\Cm0Start.o
 .text          0x00000000        0x0 .\CortexM0\ARM_GCC_493\Release\mpi_rom_emu.a(cyfitter_cfg.o)
 .data          0x00000000        0x0 .\CortexM0\ARM_GCC_493\Release\mpi_rom_emu.a(cyfitter_cfg.o)
 .bss           0x00000000        0x0 .\CortexM0\ARM_GCC_493\Release\mpi_rom_emu.a(cyfitter_cfg.o)
 .text          0x00000000        0x0 .\CortexM0\ARM_GCC_493\Release\mpi_rom_emu.a(AD_L.o)
 .data          0x00000000        0x0 .\CortexM0\ARM_GCC_493\Release\mpi_rom_emu.a(AD_L.o)
 .bss           0x00000000        0x0 .\CortexM0\ARM_GCC_493\Release\mpi_rom_emu.a(AD_L.o)
 .text.AD_L_ReadDataReg
                0x00000000        0xc .\CortexM0\ARM_GCC_493\Release\mpi_rom_emu.a(AD_L.o)
 .text.AD_L_SetInterruptMode
                0x00000000       0x14 .\CortexM0\ARM_GCC_493\Release\mpi_rom_emu.a(AD_L.o)
 .text.AD_L_ClearInterrupt
                0x00000000       0x10 .\CortexM0\ARM_GCC_493\Release\mpi_rom_emu.a(AD_L.o)
 .text          0x00000000        0x0 .\CortexM0\ARM_GCC_493\Release\mpi_rom_emu.a(AD_H.o)
 .data          0x00000000        0x0 .\CortexM0\ARM_GCC_493\Release\mpi_rom_emu.a(AD_H.o)
 .bss           0x00000000        0x0 .\CortexM0\ARM_GCC_493\Release\mpi_rom_emu.a(AD_H.o)
 .text.AD_H_ReadDataReg
                0x00000000        0xc .\CortexM0\ARM_GCC_493\Release\mpi_rom_emu.a(AD_H.o)
 .text.AD_H_SetInterruptMode
                0x00000000       0x14 .\CortexM0\ARM_GCC_493\Release\mpi_rom_emu.a(AD_H.o)
 .text.AD_H_ClearInterrupt
                0x00000000       0x10 .\CortexM0\ARM_GCC_493\Release\mpi_rom_emu.a(AD_H.o)
 .text          0x00000000        0x0 .\CortexM0\ARM_GCC_493\Release\mpi_rom_emu.a(SIP.o)
 .data          0x00000000        0x0 .\CortexM0\ARM_GCC_493\Release\mpi_rom_emu.a(SIP.o)
 .bss           0x00000000        0x0 .\CortexM0\ARM_GCC_493\Release\mpi_rom_emu.a(SIP.o)
 .text.SIP_SetDriveMode
                0x00000000       0x18 .\CortexM0\ARM_GCC_493\Release\mpi_rom_emu.a(SIP.o)
 .text.SIP_Read
                0x00000000       0x10 .\CortexM0\ARM_GCC_493\Release\mpi_rom_emu.a(SIP.o)
 .text.SIP_ReadDataReg
                0x00000000       0x10 .\CortexM0\ARM_GCC_493\Release\mpi_rom_emu.a(SIP.o)
 .text.SIP_SetInterruptMode
                0x00000000       0x14 .\CortexM0\ARM_GCC_493\Release\mpi_rom_emu.a(SIP.o)
 .text.SIP_ClearInterrupt
                0x00000000       0x14 .\CortexM0\ARM_GCC_493\Release\mpi_rom_emu.a(SIP.o)
 .text          0x00000000        0x0 .\CortexM0\ARM_GCC_493\Release\mpi_rom_emu.a(AH_reg.o)
 .data          0x00000000        0x0 .\CortexM0\ARM_GCC_493\Release\mpi_rom_emu.a(AH_reg.o)
 .bss           0x00000000        0x0 .\CortexM0\ARM_GCC_493\Release\mpi_rom_emu.a(AH_reg.o)
 .text.AH_reg_InterruptEnable
                0x00000000       0x1c .\CortexM0\ARM_GCC_493\Release\mpi_rom_emu.a(AH_reg.o)
 .text.AH_reg_InterruptDisable
                0x00000000       0x1c .\CortexM0\ARM_GCC_493\Release\mpi_rom_emu.a(AH_reg.o)
 .text.AH_reg_WriteMask
                0x00000000        0xc .\CortexM0\ARM_GCC_493\Release\mpi_rom_emu.a(AH_reg.o)
 .text.AH_reg_ReadMask
                0x00000000        0xc .\CortexM0\ARM_GCC_493\Release\mpi_rom_emu.a(AH_reg.o)
 .text          0x00000000        0x0 .\CortexM0\ARM_GCC_493\Release\mpi_rom_emu.a(AL_reg.o)
 .data          0x00000000        0x0 .\CortexM0\ARM_GCC_493\Release\mpi_rom_emu.a(AL_reg.o)
 .bss           0x00000000        0x0 .\CortexM0\ARM_GCC_493\Release\mpi_rom_emu.a(AL_reg.o)
 .text.AL_reg_InterruptEnable
                0x00000000       0x1c .\CortexM0\ARM_GCC_493\Release\mpi_rom_emu.a(AL_reg.o)
 .text.AL_reg_InterruptDisable
                0x00000000       0x1c .\CortexM0\ARM_GCC_493\Release\mpi_rom_emu.a(AL_reg.o)
 .text.AL_reg_WriteMask
                0x00000000        0xc .\CortexM0\ARM_GCC_493\Release\mpi_rom_emu.a(AL_reg.o)
 .text.AL_reg_ReadMask
                0x00000000        0xc .\CortexM0\ARM_GCC_493\Release\mpi_rom_emu.a(AL_reg.o)
 .data          0x00000000        0x0 .\CortexM0\ARM_GCC_493\Release\mpi_rom_emu.a(CyBootAsmGnu.o)
 .bss           0x00000000        0x0 .\CortexM0\ARM_GCC_493\Release\mpi_rom_emu.a(CyBootAsmGnu.o)
 .text          0x00000000        0x0 .\CortexM0\ARM_GCC_493\Release\mpi_rom_emu.a(CyLib.o)
 .bss           0x00000000       0x18 .\CortexM0\ARM_GCC_493\Release\mpi_rom_emu.a(CyLib.o)
 .text.CySysClkImoStart
                0x00000000       0x14 .\CortexM0\ARM_GCC_493\Release\mpi_rom_emu.a(CyLib.o)
 .text.CySysClkImoStop
                0x00000000       0x10 .\CortexM0\ARM_GCC_493\Release\mpi_rom_emu.a(CyLib.o)
 .text.CySysClkWriteHfclkDirect
                0x00000000       0x20 .\CortexM0\ARM_GCC_493\Release\mpi_rom_emu.a(CyLib.o)
 .text.CySysClkGetSysclkSource
                0x00000000       0x18 .\CortexM0\ARM_GCC_493\Release\mpi_rom_emu.a(CyLib.o)
 .text.CySysClkWriteSysclkDiv
                0x00000000       0x28 .\CortexM0\ARM_GCC_493\Release\mpi_rom_emu.a(CyLib.o)
 .text.CySysLvdDisable
                0x00000000       0x20 .\CortexM0\ARM_GCC_493\Release\mpi_rom_emu.a(CyLib.o)
 .text.CySysLvdGetInterruptSource
                0x00000000       0x10 .\CortexM0\ARM_GCC_493\Release\mpi_rom_emu.a(CyLib.o)
 .text.CySysLvdClearInterrupt
                0x00000000        0xc .\CortexM0\ARM_GCC_493\Release\mpi_rom_emu.a(CyLib.o)
 .text.CySysGetResetReason
                0x00000000       0x14 .\CortexM0\ARM_GCC_493\Release\mpi_rom_emu.a(CyLib.o)
 .text.CyDisableInts
                0x00000000       0x10 .\CortexM0\ARM_GCC_493\Release\mpi_rom_emu.a(CyLib.o)
 .text.CyEnableInts
                0x00000000        0xc .\CortexM0\ARM_GCC_493\Release\mpi_rom_emu.a(CyLib.o)
 .text.CyIntSetSysVector
                0x00000000        0xe .\CortexM0\ARM_GCC_493\Release\mpi_rom_emu.a(CyLib.o)
 .text.CyIntGetSysVector
                0x00000000        0xc .\CortexM0\ARM_GCC_493\Release\mpi_rom_emu.a(CyLib.o)
 .text.CyIntSetVector
                0x00000000       0x10 .\CortexM0\ARM_GCC_493\Release\mpi_rom_emu.a(CyLib.o)
 .text.CyIntGetVector
                0x00000000       0x10 .\CortexM0\ARM_GCC_493\Release\mpi_rom_emu.a(CyLib.o)
 .text.CyIntSetPriority
                0x00000000       0x30 .\CortexM0\ARM_GCC_493\Release\mpi_rom_emu.a(CyLib.o)
 .text.CyIntGetPriority
                0x00000000       0x20 .\CortexM0\ARM_GCC_493\Release\mpi_rom_emu.a(CyLib.o)
 .text.CyIntEnable
                0x00000000       0x14 .\CortexM0\ARM_GCC_493\Release\mpi_rom_emu.a(CyLib.o)
 .text.CyIntGetState
                0x00000000       0x18 .\CortexM0\ARM_GCC_493\Release\mpi_rom_emu.a(CyLib.o)
 .text.CyIntDisable
                0x00000000       0x14 .\CortexM0\ARM_GCC_493\Release\mpi_rom_emu.a(CyLib.o)
 .text.CyIntSetPending
                0x00000000       0x14 .\CortexM0\ARM_GCC_493\Release\mpi_rom_emu.a(CyLib.o)
 .text.CyIntClearPending
                0x00000000       0x14 .\CortexM0\ARM_GCC_493\Release\mpi_rom_emu.a(CyLib.o)
 .text.CyHalt   0x00000000        0x4 .\CortexM0\ARM_GCC_493\Release\mpi_rom_emu.a(CyLib.o)
 .text.CySoftwareReset
                0x00000000       0x18 .\CortexM0\ARM_GCC_493\Release\mpi_rom_emu.a(CyLib.o)
 .text.CySysLvdEnable
                0x00000000       0x44 .\CortexM0\ARM_GCC_493\Release\mpi_rom_emu.a(CyLib.o)
 .text.CyDelayFreq
                0x00000000       0x48 .\CortexM0\ARM_GCC_493\Release\mpi_rom_emu.a(CyLib.o)
 .text.CySysTickInit
                0x00000000       0x50 .\CortexM0\ARM_GCC_493\Release\mpi_rom_emu.a(CyLib.o)
 .text.CySysTickStop
                0x00000000       0x10 .\CortexM0\ARM_GCC_493\Release\mpi_rom_emu.a(CyLib.o)
 .text.CySysTickEnableInterrupt
                0x00000000       0x10 .\CortexM0\ARM_GCC_493\Release\mpi_rom_emu.a(CyLib.o)
 .text.CySysTickEnable
                0x00000000       0x18 .\CortexM0\ARM_GCC_493\Release\mpi_rom_emu.a(CyLib.o)
 .text.CySysTickStart
                0x00000000       0x1c .\CortexM0\ARM_GCC_493\Release\mpi_rom_emu.a(CyLib.o)
 .text.CySysTickDisableInterrupt
                0x00000000       0x10 .\CortexM0\ARM_GCC_493\Release\mpi_rom_emu.a(CyLib.o)
 .text.CySysTickSetReload
                0x00000000       0x10 .\CortexM0\ARM_GCC_493\Release\mpi_rom_emu.a(CyLib.o)
 .text.CySysTickGetReload
                0x00000000       0x10 .\CortexM0\ARM_GCC_493\Release\mpi_rom_emu.a(CyLib.o)
 .text.CySysTickGetValue
                0x00000000       0x10 .\CortexM0\ARM_GCC_493\Release\mpi_rom_emu.a(CyLib.o)
 .text.CySysTickGetCountFlag
                0x00000000       0x10 .\CortexM0\ARM_GCC_493\Release\mpi_rom_emu.a(CyLib.o)
 .text.CySysTickServiceCallbacks
                0x00000000       0x24 .\CortexM0\ARM_GCC_493\Release\mpi_rom_emu.a(CyLib.o)
 .text.CySysTickClear
                0x00000000        0xc .\CortexM0\ARM_GCC_493\Release\mpi_rom_emu.a(CyLib.o)
 .text.CySysTickSetCallback
                0x00000000       0x10 .\CortexM0\ARM_GCC_493\Release\mpi_rom_emu.a(CyLib.o)
 .text.CySysTickGetCallback
                0x00000000        0xc .\CortexM0\ARM_GCC_493\Release\mpi_rom_emu.a(CyLib.o)
 .text.CyGetUniqueId
                0x00000000       0x70 .\CortexM0\ARM_GCC_493\Release\mpi_rom_emu.a(CyLib.o)
 .text          0x00000000        0x0 .\CortexM0\ARM_GCC_493\Release\mpi_rom_emu.a(STATE.o)
 .data          0x00000000        0x0 .\CortexM0\ARM_GCC_493\Release\mpi_rom_emu.a(STATE.o)
 .bss           0x00000000        0x0 .\CortexM0\ARM_GCC_493\Release\mpi_rom_emu.a(STATE.o)
 .text.STATE_InterruptEnable
                0x00000000       0x1c .\CortexM0\ARM_GCC_493\Release\mpi_rom_emu.a(STATE.o)
 .text.STATE_InterruptDisable
                0x00000000       0x1c .\CortexM0\ARM_GCC_493\Release\mpi_rom_emu.a(STATE.o)
 .text.STATE_WriteMask
                0x00000000       0x10 .\CortexM0\ARM_GCC_493\Release\mpi_rom_emu.a(STATE.o)
 .text.STATE_ReadMask
                0x00000000        0xc .\CortexM0\ARM_GCC_493\Release\mpi_rom_emu.a(STATE.o)
 .text          0x00000000        0x0 .\CortexM0\ARM_GCC_493\Release\mpi_rom_emu.a(IDX.o)
 .data          0x00000000        0x0 .\CortexM0\ARM_GCC_493\Release\mpi_rom_emu.a(IDX.o)
 .bss           0x00000000        0x0 .\CortexM0\ARM_GCC_493\Release\mpi_rom_emu.a(IDX.o)
 .text.IDX_SetDriveMode
                0x00000000       0x18 .\CortexM0\ARM_GCC_493\Release\mpi_rom_emu.a(IDX.o)
 .text.IDX_Read
                0x00000000       0x10 .\CortexM0\ARM_GCC_493\Release\mpi_rom_emu.a(IDX.o)
 .text.IDX_ReadDataReg
                0x00000000       0x10 .\CortexM0\ARM_GCC_493\Release\mpi_rom_emu.a(IDX.o)
 .text.IDX_SetInterruptMode
                0x00000000       0x14 .\CortexM0\ARM_GCC_493\Release\mpi_rom_emu.a(IDX.o)
 .text.IDX_ClearInterrupt
                0x00000000       0x14 .\CortexM0\ARM_GCC_493\Release\mpi_rom_emu.a(IDX.o)
 .text          0x00000000        0x0 .\CortexM0\ARM_GCC_493\Release\mpi_rom_emu.a(SPI_1.o)
 .data          0x00000000        0x0 .\CortexM0\ARM_GCC_493\Release\mpi_rom_emu.a(SPI_1.o)
 .text.SPI_1_Init
                0x00000000        0x8 .\CortexM0\ARM_GCC_493\Release\mpi_rom_emu.a(SPI_1.o)
 .text.SPI_1_Stop
                0x00000000       0x20 .\CortexM0\ARM_GCC_493\Release\mpi_rom_emu.a(SPI_1.o)
 .text.SPI_1_SetRxFifoLevel
                0x00000000       0x14 .\CortexM0\ARM_GCC_493\Release\mpi_rom_emu.a(SPI_1.o)
 .text.SPI_1_SetTxFifoLevel
                0x00000000       0x14 .\CortexM0\ARM_GCC_493\Release\mpi_rom_emu.a(SPI_1.o)
 .text.SPI_1_I2CSlaveNackGeneration
                0x00000000       0x3c .\CortexM0\ARM_GCC_493\Release\mpi_rom_emu.a(SPI_1.o)
 .text          0x00000000        0x0 .\CortexM0\ARM_GCC_493\Release\mpi_rom_emu.a(SPI_1_SPI_UART.o)
 .data          0x00000000        0x0 .\CortexM0\ARM_GCC_493\Release\mpi_rom_emu.a(SPI_1_SPI_UART.o)
 .bss           0x00000000        0x0 .\CortexM0\ARM_GCC_493\Release\mpi_rom_emu.a(SPI_1_SPI_UART.o)
 .text.SPI_1_SpiUartClearRxBuffer
                0x00000000       0x20 .\CortexM0\ARM_GCC_493\Release\mpi_rom_emu.a(SPI_1_SPI_UART.o)
 .text.SPI_1_SpiUartPutArray
                0x00000000       0x16 .\CortexM0\ARM_GCC_493\Release\mpi_rom_emu.a(SPI_1_SPI_UART.o)
 .text.SPI_1_SpiUartClearTxBuffer
                0x00000000       0x20 .\CortexM0\ARM_GCC_493\Release\mpi_rom_emu.a(SPI_1_SPI_UART.o)
 .text.SPI_1_SpiUartDisableIntRx
                0x00000000       0x10 .\CortexM0\ARM_GCC_493\Release\mpi_rom_emu.a(SPI_1_SPI_UART.o)
 .text.SPI_1_SpiUartDisableIntTx
                0x00000000       0x10 .\CortexM0\ARM_GCC_493\Release\mpi_rom_emu.a(SPI_1_SPI_UART.o)
 .text          0x00000000        0x0 .\CortexM0\ARM_GCC_493\Release\mpi_rom_emu.a(SPI_1_SPI.o)
 .data          0x00000000        0x0 .\CortexM0\ARM_GCC_493\Release\mpi_rom_emu.a(SPI_1_SPI.o)
 .bss           0x00000000        0x0 .\CortexM0\ARM_GCC_493\Release\mpi_rom_emu.a(SPI_1_SPI.o)
 .text.SPI_1_SpiStop
                0x00000000       0x3c .\CortexM0\ARM_GCC_493\Release\mpi_rom_emu.a(SPI_1_SPI.o)
 .text          0x00000000        0x0 .\CortexM0\ARM_GCC_493\Release\mpi_rom_emu.a(SPI_1_sclk_m.o)
 .data          0x00000000        0x0 .\CortexM0\ARM_GCC_493\Release\mpi_rom_emu.a(SPI_1_sclk_m.o)
 .bss           0x00000000        0x0 .\CortexM0\ARM_GCC_493\Release\mpi_rom_emu.a(SPI_1_sclk_m.o)
 .text.SPI_1_sclk_m_SetDriveMode
                0x00000000       0x18 .\CortexM0\ARM_GCC_493\Release\mpi_rom_emu.a(SPI_1_sclk_m.o)
 .text.SPI_1_sclk_m_Write
                0x00000000       0x18 .\CortexM0\ARM_GCC_493\Release\mpi_rom_emu.a(SPI_1_sclk_m.o)
 .text.SPI_1_sclk_m_Read
                0x00000000       0x10 .\CortexM0\ARM_GCC_493\Release\mpi_rom_emu.a(SPI_1_sclk_m.o)
 .text.SPI_1_sclk_m_ReadDataReg
                0x00000000       0x10 .\CortexM0\ARM_GCC_493\Release\mpi_rom_emu.a(SPI_1_sclk_m.o)
 .text.SPI_1_sclk_m_SetInterruptMode
                0x00000000       0x14 .\CortexM0\ARM_GCC_493\Release\mpi_rom_emu.a(SPI_1_sclk_m.o)
 .text.SPI_1_sclk_m_ClearInterrupt
                0x00000000       0x14 .\CortexM0\ARM_GCC_493\Release\mpi_rom_emu.a(SPI_1_sclk_m.o)
 .text          0x00000000        0x0 .\CortexM0\ARM_GCC_493\Release\mpi_rom_emu.a(SPI_1_ss0_m.o)
 .data          0x00000000        0x0 .\CortexM0\ARM_GCC_493\Release\mpi_rom_emu.a(SPI_1_ss0_m.o)
 .bss           0x00000000        0x0 .\CortexM0\ARM_GCC_493\Release\mpi_rom_emu.a(SPI_1_ss0_m.o)
 .text.SPI_1_ss0_m_SetDriveMode
                0x00000000       0x18 .\CortexM0\ARM_GCC_493\Release\mpi_rom_emu.a(SPI_1_ss0_m.o)
 .text.SPI_1_ss0_m_Write
                0x00000000       0x18 .\CortexM0\ARM_GCC_493\Release\mpi_rom_emu.a(SPI_1_ss0_m.o)
 .text.SPI_1_ss0_m_Read
                0x00000000       0x10 .\CortexM0\ARM_GCC_493\Release\mpi_rom_emu.a(SPI_1_ss0_m.o)
 .text.SPI_1_ss0_m_ReadDataReg
                0x00000000       0x10 .\CortexM0\ARM_GCC_493\Release\mpi_rom_emu.a(SPI_1_ss0_m.o)
 .text.SPI_1_ss0_m_SetInterruptMode
                0x00000000       0x14 .\CortexM0\ARM_GCC_493\Release\mpi_rom_emu.a(SPI_1_ss0_m.o)
 .text.SPI_1_ss0_m_ClearInterrupt
                0x00000000       0x14 .\CortexM0\ARM_GCC_493\Release\mpi_rom_emu.a(SPI_1_ss0_m.o)
 .text          0x00000000        0x0 .\CortexM0\ARM_GCC_493\Release\mpi_rom_emu.a(LED1.o)
 .data          0x00000000        0x0 .\CortexM0\ARM_GCC_493\Release\mpi_rom_emu.a(LED1.o)
 .bss           0x00000000        0x0 .\CortexM0\ARM_GCC_493\Release\mpi_rom_emu.a(LED1.o)
 .text.LED1_SetDriveMode
                0x00000000       0x18 .\CortexM0\ARM_GCC_493\Release\mpi_rom_emu.a(LED1.o)
 .text.LED1_Read
                0x00000000       0x10 .\CortexM0\ARM_GCC_493\Release\mpi_rom_emu.a(LED1.o)
 .text.LED1_ReadDataReg
                0x00000000       0x10 .\CortexM0\ARM_GCC_493\Release\mpi_rom_emu.a(LED1.o)
 .text.LED1_SetInterruptMode
                0x00000000       0x14 .\CortexM0\ARM_GCC_493\Release\mpi_rom_emu.a(LED1.o)
 .text.LED1_ClearInterrupt
                0x00000000       0x14 .\CortexM0\ARM_GCC_493\Release\mpi_rom_emu.a(LED1.o)
 .text          0x00000000        0x0 .\CortexM0\ARM_GCC_493\Release\mpi_rom_emu.a(SPI_CS.o)
 .data          0x00000000        0x0 .\CortexM0\ARM_GCC_493\Release\mpi_rom_emu.a(SPI_CS.o)
 .bss           0x00000000        0x0 .\CortexM0\ARM_GCC_493\Release\mpi_rom_emu.a(SPI_CS.o)
 .text.SPI_CS_SetDriveMode
                0x00000000       0x18 .\CortexM0\ARM_GCC_493\Release\mpi_rom_emu.a(SPI_CS.o)
 .text.SPI_CS_Read
                0x00000000       0x10 .\CortexM0\ARM_GCC_493\Release\mpi_rom_emu.a(SPI_CS.o)
 .text.SPI_CS_ReadDataReg
                0x00000000       0x10 .\CortexM0\ARM_GCC_493\Release\mpi_rom_emu.a(SPI_CS.o)
 .text.SPI_CS_SetInterruptMode
                0x00000000       0x14 .\CortexM0\ARM_GCC_493\Release\mpi_rom_emu.a(SPI_CS.o)
 .text.SPI_CS_ClearInterrupt
                0x00000000       0x14 .\CortexM0\ARM_GCC_493\Release\mpi_rom_emu.a(SPI_CS.o)
 .text          0x00000000        0x0 .\CortexM0\ARM_GCC_493\Release\mpi_rom_emu.a(BYTE.o)
 .data          0x00000000        0x0 .\CortexM0\ARM_GCC_493\Release\mpi_rom_emu.a(BYTE.o)
 .bss           0x00000000        0x0 .\CortexM0\ARM_GCC_493\Release\mpi_rom_emu.a(BYTE.o)
 .text.BYTE_SetDriveMode
                0x00000000       0x18 .\CortexM0\ARM_GCC_493\Release\mpi_rom_emu.a(BYTE.o)
 .text.BYTE_Write
                0x00000000       0x18 .\CortexM0\ARM_GCC_493\Release\mpi_rom_emu.a(BYTE.o)
 .text.BYTE_ReadDataReg
                0x00000000       0x10 .\CortexM0\ARM_GCC_493\Release\mpi_rom_emu.a(BYTE.o)
 .text.BYTE_SetInterruptMode
                0x00000000       0x14 .\CortexM0\ARM_GCC_493\Release\mpi_rom_emu.a(BYTE.o)
 .text.BYTE_ClearInterrupt
                0x00000000       0x14 .\CortexM0\ARM_GCC_493\Release\mpi_rom_emu.a(BYTE.o)
 .text          0x00000000        0x0 .\CortexM0\ARM_GCC_493\Release\mpi_rom_emu.a(isr_1.o)
 .data          0x00000000        0x0 .\CortexM0\ARM_GCC_493\Release\mpi_rom_emu.a(isr_1.o)
 .bss           0x00000000        0x0 .\CortexM0\ARM_GCC_493\Release\mpi_rom_emu.a(isr_1.o)
 .text.isr_1_Interrupt
                0x00000000        0x2 .\CortexM0\ARM_GCC_493\Release\mpi_rom_emu.a(isr_1.o)
 .text.isr_1_Stop
                0x00000000       0x1c .\CortexM0\ARM_GCC_493\Release\mpi_rom_emu.a(isr_1.o)
 .text.isr_1_SetVector
                0x00000000        0xc .\CortexM0\ARM_GCC_493\Release\mpi_rom_emu.a(isr_1.o)
 .text.isr_1_GetVector
                0x00000000        0xc .\CortexM0\ARM_GCC_493\Release\mpi_rom_emu.a(isr_1.o)
 .text.isr_1_Start
                0x00000000       0x2c .\CortexM0\ARM_GCC_493\Release\mpi_rom_emu.a(isr_1.o)
 .text.isr_1_GetPriority
                0x00000000       0x10 .\CortexM0\ARM_GCC_493\Release\mpi_rom_emu.a(isr_1.o)
 .text.isr_1_Enable
                0x00000000        0xc .\CortexM0\ARM_GCC_493\Release\mpi_rom_emu.a(isr_1.o)
 .text.isr_1_GetState
                0x00000000       0x10 .\CortexM0\ARM_GCC_493\Release\mpi_rom_emu.a(isr_1.o)
 .text.isr_1_Disable
                0x00000000        0xc .\CortexM0\ARM_GCC_493\Release\mpi_rom_emu.a(isr_1.o)
 .text.isr_1_SetPending
                0x00000000        0xc .\CortexM0\ARM_GCC_493\Release\mpi_rom_emu.a(isr_1.o)
 .text.isr_1_ClearPending
                0x00000000        0xc .\CortexM0\ARM_GCC_493\Release\mpi_rom_emu.a(isr_1.o)
 .data          0x00000000        0x0 c:/program files/cypress/psoc creator/3.3/psoc creator/import/gnu/arm/4.9.3/bin/../lib/gcc/arm-none-eabi/4.9.3/armv6-m\libgcc.a(_udivsi3.o)
 .bss           0x00000000        0x0 c:/program files/cypress/psoc creator/3.3/psoc creator/import/gnu/arm/4.9.3/bin/../lib/gcc/arm-none-eabi/4.9.3/armv6-m\libgcc.a(_udivsi3.o)
 .data          0x00000000        0x0 c:/program files/cypress/psoc creator/3.3/psoc creator/import/gnu/arm/4.9.3/bin/../lib/gcc/arm-none-eabi/4.9.3/armv6-m\libgcc.a(_dvmd_tls.o)
 .bss           0x00000000        0x0 c:/program files/cypress/psoc creator/3.3/psoc creator/import/gnu/arm/4.9.3/bin/../lib/gcc/arm-none-eabi/4.9.3/armv6-m\libgcc.a(_dvmd_tls.o)
 .text          0x00000000        0x0 c:/program files/cypress/psoc creator/3.3/psoc creator/import/gnu/arm/4.9.3/bin/../lib/gcc/arm-none-eabi/4.9.3/../../../../arm-none-eabi/lib/armv6-m\libg_nano.a(lib_a-errno.o)
 .data          0x00000000        0x0 c:/program files/cypress/psoc creator/3.3/psoc creator/import/gnu/arm/4.9.3/bin/../lib/gcc/arm-none-eabi/4.9.3/../../../../arm-none-eabi/lib/armv6-m\libg_nano.a(lib_a-errno.o)
 .bss           0x00000000        0x0 c:/program files/cypress/psoc creator/3.3/psoc creator/import/gnu/arm/4.9.3/bin/../lib/gcc/arm-none-eabi/4.9.3/../../../../arm-none-eabi/lib/armv6-m\libg_nano.a(lib_a-errno.o)
 .text.__errno  0x00000000        0xc c:/program files/cypress/psoc creator/3.3/psoc creator/import/gnu/arm/4.9.3/bin/../lib/gcc/arm-none-eabi/4.9.3/../../../../arm-none-eabi/lib/armv6-m\libg_nano.a(lib_a-errno.o)
 .text          0x00000000        0x0 c:/program files/cypress/psoc creator/3.3/psoc creator/import/gnu/arm/4.9.3/bin/../lib/gcc/arm-none-eabi/4.9.3/../../../../arm-none-eabi/lib/armv6-m\libg_nano.a(lib_a-exit.o)
 .data          0x00000000        0x0 c:/program files/cypress/psoc creator/3.3/psoc creator/import/gnu/arm/4.9.3/bin/../lib/gcc/arm-none-eabi/4.9.3/../../../../arm-none-eabi/lib/armv6-m\libg_nano.a(lib_a-exit.o)
 .bss           0x00000000        0x0 c:/program files/cypress/psoc creator/3.3/psoc creator/import/gnu/arm/4.9.3/bin/../lib/gcc/arm-none-eabi/4.9.3/../../../../arm-none-eabi/lib/armv6-m\libg_nano.a(lib_a-exit.o)
 .text.exit     0x00000000       0x2c c:/program files/cypress/psoc creator/3.3/psoc creator/import/gnu/arm/4.9.3/bin/../lib/gcc/arm-none-eabi/4.9.3/../../../../arm-none-eabi/lib/armv6-m\libg_nano.a(lib_a-exit.o)
 .text          0x00000000        0x0 c:/program files/cypress/psoc creator/3.3/psoc creator/import/gnu/arm/4.9.3/bin/../lib/gcc/arm-none-eabi/4.9.3/../../../../arm-none-eabi/lib/armv6-m\libg_nano.a(lib_a-impure.o)
 .data          0x00000000        0x0 c:/program files/cypress/psoc creator/3.3/psoc creator/import/gnu/arm/4.9.3/bin/../lib/gcc/arm-none-eabi/4.9.3/../../../../arm-none-eabi/lib/armv6-m\libg_nano.a(lib_a-impure.o)
 .bss           0x00000000        0x0 c:/program files/cypress/psoc creator/3.3/psoc creator/import/gnu/arm/4.9.3/bin/../lib/gcc/arm-none-eabi/4.9.3/../../../../arm-none-eabi/lib/armv6-m\libg_nano.a(lib_a-impure.o)
 .data.impure_data
                0x00000000       0x60 c:/program files/cypress/psoc creator/3.3/psoc creator/import/gnu/arm/4.9.3/bin/../lib/gcc/arm-none-eabi/4.9.3/../../../../arm-none-eabi/lib/armv6-m\libg_nano.a(lib_a-impure.o)
 .data._impure_ptr
                0x00000000        0x4 c:/program files/cypress/psoc creator/3.3/psoc creator/import/gnu/arm/4.9.3/bin/../lib/gcc/arm-none-eabi/4.9.3/../../../../arm-none-eabi/lib/armv6-m\libg_nano.a(lib_a-impure.o)
 .rodata.str1.1
                0x00000000        0x2 c:/program files/cypress/psoc creator/3.3/psoc creator/import/gnu/arm/4.9.3/bin/../lib/gcc/arm-none-eabi/4.9.3/../../../../arm-none-eabi/lib/armv6-m\libg_nano.a(lib_a-impure.o)
 .rodata._global_impure_ptr
                0x00000000        0x4 c:/program files/cypress/psoc creator/3.3/psoc creator/import/gnu/arm/4.9.3/bin/../lib/gcc/arm-none-eabi/4.9.3/../../../../arm-none-eabi/lib/armv6-m\libg_nano.a(lib_a-impure.o)
 .text          0x00000000        0x0 c:/program files/cypress/psoc creator/3.3/psoc creator/import/gnu/arm/4.9.3/bin/../lib/gcc/arm-none-eabi/4.9.3/../../../../arm-none-eabi/lib/armv6-m\libg_nano.a(lib_a-init.o)
 .data          0x00000000        0x0 c:/program files/cypress/psoc creator/3.3/psoc creator/import/gnu/arm/4.9.3/bin/../lib/gcc/arm-none-eabi/4.9.3/../../../../arm-none-eabi/lib/armv6-m\libg_nano.a(lib_a-init.o)
 .bss           0x00000000        0x0 c:/program files/cypress/psoc creator/3.3/psoc creator/import/gnu/arm/4.9.3/bin/../lib/gcc/arm-none-eabi/4.9.3/../../../../arm-none-eabi/lib/armv6-m\libg_nano.a(lib_a-init.o)
 .text          0x00000000        0x0 c:/program files/cypress/psoc creator/3.3/psoc creator/import/gnu/arm/4.9.3/bin/../lib/gcc/arm-none-eabi/4.9.3/../../../../arm-none-eabi/lib/armv6-m\libg_nano.a(lib_a-memset.o)
 .data          0x00000000        0x0 c:/program files/cypress/psoc creator/3.3/psoc creator/import/gnu/arm/4.9.3/bin/../lib/gcc/arm-none-eabi/4.9.3/../../../../arm-none-eabi/lib/armv6-m\libg_nano.a(lib_a-memset.o)
 .bss           0x00000000        0x0 c:/program files/cypress/psoc creator/3.3/psoc creator/import/gnu/arm/4.9.3/bin/../lib/gcc/arm-none-eabi/4.9.3/../../../../arm-none-eabi/lib/armv6-m\libg_nano.a(lib_a-memset.o)
 .text          0x00000000        0x0 c:/program files/cypress/psoc creator/3.3/psoc creator/import/gnu/arm/4.9.3/bin/../lib/gcc/arm-none-eabi/4.9.3/armv6-m/crtend.o
 .data          0x00000000        0x0 c:/program files/cypress/psoc creator/3.3/psoc creator/import/gnu/arm/4.9.3/bin/../lib/gcc/arm-none-eabi/4.9.3/armv6-m/crtend.o
 .bss           0x00000000        0x0 c:/program files/cypress/psoc creator/3.3/psoc creator/import/gnu/arm/4.9.3/bin/../lib/gcc/arm-none-eabi/4.9.3/armv6-m/crtend.o
 .text          0x00000000        0x0 c:/program files/cypress/psoc creator/3.3/psoc creator/import/gnu/arm/4.9.3/bin/../lib/gcc/arm-none-eabi/4.9.3/armv6-m/crtn.o
 .data          0x00000000        0x0 c:/program files/cypress/psoc creator/3.3/psoc creator/import/gnu/arm/4.9.3/bin/../lib/gcc/arm-none-eabi/4.9.3/armv6-m/crtn.o
 .bss           0x00000000        0x0 c:/program files/cypress/psoc creator/3.3/psoc creator/import/gnu/arm/4.9.3/bin/../lib/gcc/arm-none-eabi/4.9.3/armv6-m/crtn.o

Memory Configuration

Name             Origin             Length             Attributes
rom              0x00000000         0x00008000         xr
ram              0x20000000         0x00001000         xrw
*default*        0x00000000         0xffffffff

Linker script and memory map

LOAD c:/program files/cypress/psoc creator/3.3/psoc creator/import/gnu/arm/4.9.3/bin/../lib/gcc/arm-none-eabi/4.9.3/armv6-m/crti.o
LOAD c:/program files/cypress/psoc creator/3.3/psoc creator/import/gnu/arm/4.9.3/bin/../lib/gcc/arm-none-eabi/4.9.3/armv6-m/crtbegin.o
LOAD c:/program files/cypress/psoc creator/3.3/psoc creator/import/gnu/arm/4.9.3/bin/../lib/gcc/arm-none-eabi/4.9.3/../../../../arm-none-eabi/lib/armv6-m/crt0.o
START GROUP
LOAD .\CortexM0\ARM_GCC_493\Release\main.o
LOAD .\CortexM0\ARM_GCC_493\Release\ff.o
LOAD .\CortexM0\ARM_GCC_493\Release\SPI_routines.o
LOAD .\CortexM0\ARM_GCC_493\Release\cmd.o
LOAD .\CortexM0\ARM_GCC_493\Release\sdmm.o
LOAD .\CortexM0\ARM_GCC_493\Release\cymetadata.o
LOAD .\CortexM0\ARM_GCC_493\Release\Cm0Start.o
LOAD .\CortexM0\ARM_GCC_493\Release\mpi_rom_emu.a
LOAD C:\Program Files\Cypress\PSoC Creator\3.3\PSoC Creator\psoc\content\cycomponentlibrary\CyComponentLibrary.cylib\CortexM0\ARM_GCC_493\Release\CyComponentLibrary.a
END GROUP
START GROUP
LOAD c:/program files/cypress/psoc creator/3.3/psoc creator/import/gnu/arm/4.9.3/bin/../lib/gcc/arm-none-eabi/4.9.3/armv6-m\libgcc.a
LOAD c:/program files/cypress/psoc creator/3.3/psoc creator/import/gnu/arm/4.9.3/bin/../lib/gcc/arm-none-eabi/4.9.3/../../../../arm-none-eabi/lib/armv6-m\libg_nano.a
LOAD c:/program files/cypress/psoc creator/3.3/psoc creator/import/gnu/arm/4.9.3/bin/../lib/gcc/arm-none-eabi/4.9.3/../../../../arm-none-eabi/lib/armv6-m\libc_nano.a
END GROUP
START GROUP
LOAD c:/program files/cypress/psoc creator/3.3/psoc creator/import/gnu/arm/4.9.3/bin/../lib/gcc/arm-none-eabi/4.9.3/armv6-m\libgcc.a
LOAD c:/program files/cypress/psoc creator/3.3/psoc creator/import/gnu/arm/4.9.3/bin/../lib/gcc/arm-none-eabi/4.9.3/../../../../arm-none-eabi/lib/armv6-m\libc_nano.a
END GROUP
LOAD c:/program files/cypress/psoc creator/3.3/psoc creator/import/gnu/arm/4.9.3/bin/../lib/gcc/arm-none-eabi/4.9.3/armv6-m/crtend.o
LOAD c:/program files/cypress/psoc creator/3.3/psoc creator/import/gnu/arm/4.9.3/bin/../lib/gcc/arm-none-eabi/4.9.3/armv6-m/crtn.o
START GROUP
LOAD c:/program files/cypress/psoc creator/3.3/psoc creator/import/gnu/arm/4.9.3/bin/../lib/gcc/arm-none-eabi/4.9.3/armv6-m\libgcc.a
LOAD c:/program files/cypress/psoc creator/3.3/psoc creator/import/gnu/arm/4.9.3/bin/../lib/gcc/arm-none-eabi/4.9.3/../../../../arm-none-eabi/lib/armv6-m\libc.a
LOAD c:/program files/cypress/psoc creator/3.3/psoc creator/import/gnu/arm/4.9.3/bin/../lib/gcc/arm-none-eabi/4.9.3/../../../../arm-none-eabi/lib/armv6-m\libnosys.a
END GROUP
                0x00000000                CY_APPL_ORIGIN = 0x0
                0x00000080                CY_FLASH_ROW_SIZE = 0x80
                0x00000001                CY_APPL_NUM = 0x1
                0x00000001                CY_APPL_MAX = 0x1
                0x00000040                CY_METADATA_SIZE = 0x40
                0x00000000                CY_APPL_LOADABLE = 0x0
                0x00000000                CY_CHECKSUM_EXCLUDE_SIZE = ALIGN (0x0, CY_FLASH_ROW_SIZE)
                0x00000000                CY_APP_FOR_STACK_AND_COPIER = 0x0
                0x20000868                PROVIDE (__cy_heap_start, _end)
                0x00000001                PROVIDE (__cy_region_num, ((__cy_regions_end - __cy_regions) / 0x10))
                0x20001000                PROVIDE (__cy_stack, (ORIGIN (ram) + 0x1000))
                0x20000a00                PROVIDE (__cy_heap_end, (__cy_stack - 0x600))

.cybootloader   0x00000000        0x0
 *(.cybootloader)
                0x00000000                appl1_start = CY_APPL_ORIGIN?CY_APPL_ORIGIN:ALIGN (CY_FLASH_ROW_SIZE)
                0x00003f80                appl2_start = (appl1_start + ALIGN ((((0x8000 - appl1_start) - (0x2 * CY_FLASH_ROW_SIZE)) / 0x2), CY_FLASH_ROW_SIZE))
                0x00000000                appl_start = (CY_APPL_NUM == 0x1)?appl1_start:appl2_start
                0x00000001                cy_project_type_bootloader = (appl_start == 0x0)?0x1:0x0
                0x00000000                cy_project_type_app_for_stack_and_copier = (CY_APP_FOR_STACK_AND_COPIER == 0x1)?0x1:0x0

.text           0x00000000     0x2b60
 CREATE_OBJECT_SYMBOLS
                0x00000000                PROVIDE (__cy_interrupt_vector, RomVectors)
 *(.romvectors)
 .romvectors    0x00000000       0x10 .\CortexM0\ARM_GCC_493\Release\Cm0Start.o
                0x00000000                RomVectors
                0x00000001                ASSERT ((. != __cy_interrupt_vector), No interrupt vector)
                0x00000001                ASSERT (CY_APPL_ORIGIN?(SIZEOF (.cybootloader) <= CY_APPL_ORIGIN):0x1, Wrong image location)
                0x00000010                PROVIDE (__cy_reset, Reset)
 *(.text.Reset)
 .text.Reset    0x00000010        0x6 .\CortexM0\ARM_GCC_493\Release\Cm0Start.o
                0x00000010                Reset
                0x00000001                ASSERT ((. != __cy_reset), No reset code)
 *(.psocinit)
 *fill*         0x00000016        0x2 
 .psocinit      0x00000018      0x1d8 .\CortexM0\ARM_GCC_493\Release\mpi_rom_emu.a(cyfitter_cfg.o)
                0x00000018                cyfitter_cfg
                0x000001f0                . = MAX (., 0x100)
 *(.text .text.* .gnu.linkonce.t.*)
 .text          0x000001f0       0x60 c:/program files/cypress/psoc creator/3.3/psoc creator/import/gnu/arm/4.9.3/bin/../lib/gcc/arm-none-eabi/4.9.3/armv6-m/crtbegin.o
 .text.cd_isr   0x00000250        0xc .\CortexM0\ARM_GCC_493\Release\main.o
                0x00000250                cd_isr
 .text.map_image
                0x0000025c       0x18 .\CortexM0\ARM_GCC_493\Release\main.o
                0x0000025c                map_image
 .text.find_filename
                0x00000274       0x78 .\CortexM0\ARM_GCC_493\Release\main.o
                0x00000274                find_filename
 .text.startup.main
                0x000002ec      0x178 .\CortexM0\ARM_GCC_493\Release\main.o
                0x000002ec                main
 .text.fatal_error
                0x00000464       0x2c .\CortexM0\ARM_GCC_493\Release\main.o
                0x00000464                fatal_error
 .text.read_map
                0x00000490       0x78 .\CortexM0\ARM_GCC_493\Release\main.o
                0x00000490                read_map
 .text.reinit_fs
                0x00000508       0x14 .\CortexM0\ARM_GCC_493\Release\main.o
                0x00000508                reinit_fs
 .text.write_map
                0x0000051c       0x70 .\CortexM0\ARM_GCC_493\Release\main.o
                0x0000051c                write_map
 .text.init_all
                0x0000058c       0x64 .\CortexM0\ARM_GCC_493\Release\main.o
                0x0000058c                init_all
 .text.mem_cpy  0x000005f0       0x12 .\CortexM0\ARM_GCC_493\Release\ff.o
 *fill*         0x00000602        0x2 
 .text.chk_lock
                0x00000604       0x64 .\CortexM0\ARM_GCC_493\Release\ff.o
 .text.get_fileinfo
                0x00000668       0x82 .\CortexM0\ARM_GCC_493\Release\ff.o
 .text.move_window
                0x000006ea       0x74 .\CortexM0\ARM_GCC_493\Release\ff.o
 *fill*         0x0000075e        0x2 
 .text.check_fs
                0x00000760       0xa4 .\CortexM0\ARM_GCC_493\Release\ff.o
 .text.chk_mounted
                0x00000804      0x380 .\CortexM0\ARM_GCC_493\Release\ff.o
 .text.validate
                0x00000b84       0x26 .\CortexM0\ARM_GCC_493\Release\ff.o
 *fill*         0x00000baa        0x2 
 .text.sync     0x00000bac       0xec .\CortexM0\ARM_GCC_493\Release\ff.o
 .text.clust2sect
                0x00000c98       0x18 .\CortexM0\ARM_GCC_493\Release\ff.o
                0x00000c98                clust2sect
 .text.get_fat  0x00000cb0       0xd8 .\CortexM0\ARM_GCC_493\Release\ff.o
                0x00000cb0                get_fat
 .text.dir_sdi  0x00000d88       0x88 .\CortexM0\ARM_GCC_493\Release\ff.o
 .text.put_fat  0x00000e10      0x104 .\CortexM0\ARM_GCC_493\Release\ff.o
                0x00000e10                put_fat
 .text.create_chain
                0x00000f14       0xa8 .\CortexM0\ARM_GCC_493\Release\ff.o
 .text.dir_next
                0x00000fbc       0xf6 .\CortexM0\ARM_GCC_493\Release\ff.o
 *fill*         0x000010b2        0x2 
 .text.follow_path
                0x000010b4      0x19c .\CortexM0\ARM_GCC_493\Release\ff.o
 .text.dir_register
                0x00001250       0x62 .\CortexM0\ARM_GCC_493\Release\ff.o
 .text.dir_read
                0x000012b2       0x4e .\CortexM0\ARM_GCC_493\Release\ff.o
 .text.remove_chain
                0x00001300       0x56 .\CortexM0\ARM_GCC_493\Release\ff.o
 *fill*         0x00001356        0x2 
 .text.f_mount  0x00001358       0x38 .\CortexM0\ARM_GCC_493\Release\ff.o
                0x00001358                f_mount
 .text.f_open   0x00001390      0x234 .\CortexM0\ARM_GCC_493\Release\ff.o
                0x00001390                f_open
 .text.f_read   0x000015c4      0x15c .\CortexM0\ARM_GCC_493\Release\ff.o
                0x000015c4                f_read
 .text.f_write  0x00001720      0x1a6 .\CortexM0\ARM_GCC_493\Release\ff.o
                0x00001720                f_write
 .text.f_sync   0x000018c6       0x7a .\CortexM0\ARM_GCC_493\Release\ff.o
                0x000018c6                f_sync
 .text.f_close  0x00001940       0x4c .\CortexM0\ARM_GCC_493\Release\ff.o
                0x00001940                f_close
 .text.f_lseek  0x0000198c      0x12a .\CortexM0\ARM_GCC_493\Release\ff.o
                0x0000198c                f_lseek
 .text.f_opendir
                0x00001ab6       0x62 .\CortexM0\ARM_GCC_493\Release\ff.o
                0x00001ab6                f_opendir
 .text.f_readdir
                0x00001b18       0x58 .\CortexM0\ARM_GCC_493\Release\ff.o
                0x00001b18                f_readdir
 .text.f_truncate
                0x00001b70       0x98 .\CortexM0\ARM_GCC_493\Release\ff.o
                0x00001b70                f_truncate
 .text.spi_init
                0x00001c08        0x8 .\CortexM0\ARM_GCC_493\Release\SPI_routines.o
                0x00001c08                spi_init
 .text.SPI_transmit
                0x00001c10       0x1e .\CortexM0\ARM_GCC_493\Release\SPI_routines.o
                0x00001c10                SPI_transmit
 .text.SPI_receive
                0x00001c2e        0xa .\CortexM0\ARM_GCC_493\Release\SPI_routines.o
                0x00001c2e                SPI_receive
 .text.ls_files
                0x00001c38       0x78 .\CortexM0\ARM_GCC_493\Release\cmd.o
                0x00001c38                ls_files
 .text.print_oct
                0x00001cb0       0x38 .\CortexM0\ARM_GCC_493\Release\cmd.o
                0x00001cb0                print_oct
 .text.execute_cmd
                0x00001ce8      0x2f0 .\CortexM0\ARM_GCC_493\Release\cmd.o
                0x00001ce8                execute_cmd
 .text.rcvr_mmc
                0x00001fd8       0x18 .\CortexM0\ARM_GCC_493\Release\sdmm.o
 .text.wait_ready
                0x00001ff0       0x30 .\CortexM0\ARM_GCC_493\Release\sdmm.o
 .text.rcvr_datablock
                0x00002020       0x46 .\CortexM0\ARM_GCC_493\Release\sdmm.o
 .text.deselect
                0x00002066       0x14 .\CortexM0\ARM_GCC_493\Release\sdmm.o
 .text.select   0x0000207a       0x26 .\CortexM0\ARM_GCC_493\Release\sdmm.o
 .text.xmit_mmc
                0x000020a0       0x18 .\CortexM0\ARM_GCC_493\Release\sdmm.o
 .text.send_cmd
                0x000020b8       0x90 .\CortexM0\ARM_GCC_493\Release\sdmm.o
 .text.xmit_datablock
                0x00002148       0x4a .\CortexM0\ARM_GCC_493\Release\sdmm.o
 *fill*         0x00002192        0x2 
 .text.disk_initialize.part.1
                0x00002194       0xf0 .\CortexM0\ARM_GCC_493\Release\sdmm.o
 .text.disk_status
                0x00002284       0x14 .\CortexM0\ARM_GCC_493\Release\sdmm.o
                0x00002284                disk_status
 .text.disk_initialize
                0x00002298       0x10 .\CortexM0\ARM_GCC_493\Release\sdmm.o
                0x00002298                disk_initialize
 .text.disk_read
                0x000022a8       0x74 .\CortexM0\ARM_GCC_493\Release\sdmm.o
                0x000022a8                disk_read
 .text.disk_write
                0x0000231c       0x98 .\CortexM0\ARM_GCC_493\Release\sdmm.o
                0x0000231c                disk_write
 .text.disk_ioctl
                0x000023b4       0xc0 .\CortexM0\ARM_GCC_493\Release\sdmm.o
                0x000023b4                disk_ioctl
 .text.get_fattime
                0x00002474        0x8 .\CortexM0\ARM_GCC_493\Release\sdmm.o
                0x00002474                get_fattime
 .text.IntDefaultHandler
                0x0000247c        0x2 .\CortexM0\ARM_GCC_493\Release\Cm0Start.o
                0x0000247c                IntDefaultHandler
 *fill*         0x0000247e        0x2 
 .text.Start_c  0x00002480       0x4c .\CortexM0\ARM_GCC_493\Release\Cm0Start.o
                0x00002480                Start_c
 .text.startup.initialize_psoc
                0x000024cc       0x44 .\CortexM0\ARM_GCC_493\Release\Cm0Start.o
                0x000024cc                initialize_psoc
 .text.AD_L_SetDriveMode
                0x00002510       0x80 .\CortexM0\ARM_GCC_493\Release\mpi_rom_emu.a(AD_L.o)
                0x00002510                AD_L_SetDriveMode
 .text.AD_L_Write
                0x00002590        0xc .\CortexM0\ARM_GCC_493\Release\mpi_rom_emu.a(AD_L.o)
                0x00002590                AD_L_Write
 .text.AD_L_Read
                0x0000259c        0xc .\CortexM0\ARM_GCC_493\Release\mpi_rom_emu.a(AD_L.o)
                0x0000259c                AD_L_Read
 .text.AD_H_SetDriveMode
                0x000025a8       0x80 .\CortexM0\ARM_GCC_493\Release\mpi_rom_emu.a(AD_H.o)
                0x000025a8                AD_H_SetDriveMode
 .text.AD_H_Write
                0x00002628        0xc .\CortexM0\ARM_GCC_493\Release\mpi_rom_emu.a(AD_H.o)
                0x00002628                AD_H_Write
 .text.AD_H_Read
                0x00002634        0xc .\CortexM0\ARM_GCC_493\Release\mpi_rom_emu.a(AD_H.o)
                0x00002634                AD_H_Read
 .text.SIP_Write
                0x00002640       0x18 .\CortexM0\ARM_GCC_493\Release\mpi_rom_emu.a(SIP.o)
                0x00002640                SIP_Write
 .text.AH_reg_Read
                0x00002658        0xc .\CortexM0\ARM_GCC_493\Release\mpi_rom_emu.a(AH_reg.o)
                0x00002658                AH_reg_Read
 .text.AL_reg_Read
                0x00002664        0xc .\CortexM0\ARM_GCC_493\Release\mpi_rom_emu.a(AL_reg.o)
                0x00002664                AL_reg_Read
 .text          0x00002670       0x28 .\CortexM0\ARM_GCC_493\Release\mpi_rom_emu.a(CyBootAsmGnu.o)
                0x00002670                CyDelayCycles
                0x00002684                CyEnterCriticalSection
                0x0000268c                CyExitCriticalSection
 .text.CyDelay  0x00002698       0x2c .\CortexM0\ARM_GCC_493\Release\mpi_rom_emu.a(CyLib.o)
                0x00002698                CyDelay
 .text.CyDelayUs
                0x000026c4       0x14 .\CortexM0\ARM_GCC_493\Release\mpi_rom_emu.a(CyLib.o)
                0x000026c4                CyDelayUs
 .text.CySysClkWriteImoFreq
                0x000026d8      0x124 .\CortexM0\ARM_GCC_493\Release\mpi_rom_emu.a(CyLib.o)
                0x000026d8                CySysClkWriteImoFreq
 .text.STATE_Read
                0x000027fc        0xc .\CortexM0\ARM_GCC_493\Release\mpi_rom_emu.a(STATE.o)
                0x000027fc                STATE_Read
 .text.IDX_Write
                0x00002808       0x18 .\CortexM0\ARM_GCC_493\Release\mpi_rom_emu.a(IDX.o)
                0x00002808                IDX_Write
 .text.SPI_1_Enable
                0x00002820       0x18 .\CortexM0\ARM_GCC_493\Release\mpi_rom_emu.a(SPI_1.o)
                0x00002820                SPI_1_Enable
 .text.SPI_1_Start
                0x00002838       0x1c .\CortexM0\ARM_GCC_493\Release\mpi_rom_emu.a(SPI_1.o)
                0x00002838                SPI_1_Start
 .text.SPI_1_SpiUartReadRxData
                0x00002854        0xc .\CortexM0\ARM_GCC_493\Release\mpi_rom_emu.a(SPI_1_SPI_UART.o)
                0x00002854                SPI_1_SpiUartReadRxData
 .text.SPI_1_SpiUartGetRxBufferSize
                0x00002860       0x10 .\CortexM0\ARM_GCC_493\Release\mpi_rom_emu.a(SPI_1_SPI_UART.o)
                0x00002860                SPI_1_SpiUartGetRxBufferSize
 .text.SPI_1_SpiUartWriteTxData
                0x00002870       0x1c .\CortexM0\ARM_GCC_493\Release\mpi_rom_emu.a(SPI_1_SPI_UART.o)
                0x00002870                SPI_1_SpiUartWriteTxData
 .text.SPI_1_SpiUartGetTxBufferSize
                0x0000288c       0x10 .\CortexM0\ARM_GCC_493\Release\mpi_rom_emu.a(SPI_1_SPI_UART.o)
                0x0000288c                SPI_1_SpiUartGetTxBufferSize
 .text.SPI_1_SpiPostEnable
                0x0000289c       0x1c .\CortexM0\ARM_GCC_493\Release\mpi_rom_emu.a(SPI_1_SPI.o)
                0x0000289c                SPI_1_SpiPostEnable
 .text.SPI_1_SpiSetActiveSlaveSelect
                0x000028b8       0x20 .\CortexM0\ARM_GCC_493\Release\mpi_rom_emu.a(SPI_1_SPI.o)
                0x000028b8                SPI_1_SpiSetActiveSlaveSelect
 .text.SPI_1_SpiInit
                0x000028d8       0x80 .\CortexM0\ARM_GCC_493\Release\mpi_rom_emu.a(SPI_1_SPI.o)
                0x000028d8                SPI_1_SpiInit
 .text.LED1_Write
                0x00002958       0x18 .\CortexM0\ARM_GCC_493\Release\mpi_rom_emu.a(LED1.o)
                0x00002958                LED1_Write
 .text.SPI_CS_Write
                0x00002970       0x18 .\CortexM0\ARM_GCC_493\Release\mpi_rom_emu.a(SPI_CS.o)
                0x00002970                SPI_CS_Write
 .text.BYTE_Read
                0x00002988       0x10 .\CortexM0\ARM_GCC_493\Release\mpi_rom_emu.a(BYTE.o)
                0x00002988                BYTE_Read
 .text.isr_1_SetPriority
                0x00002998       0x24 .\CortexM0\ARM_GCC_493\Release\mpi_rom_emu.a(isr_1.o)
                0x00002998                isr_1_SetPriority
 .text.isr_1_StartEx
                0x000029bc       0x24 .\CortexM0\ARM_GCC_493\Release\mpi_rom_emu.a(isr_1.o)
                0x000029bc                isr_1_StartEx
 .text          0x000029e0      0x120 c:/program files/cypress/psoc creator/3.3/psoc creator/import/gnu/arm/4.9.3/bin/../lib/gcc/arm-none-eabi/4.9.3/armv6-m\libgcc.a(_udivsi3.o)
                0x000029e0                __aeabi_uidiv
                0x000029e0                __udivsi3
                0x00002aec                __aeabi_uidivmod
 .text          0x00002b00        0x4 c:/program files/cypress/psoc creator/3.3/psoc creator/import/gnu/arm/4.9.3/bin/../lib/gcc/arm-none-eabi/4.9.3/armv6-m\libgcc.a(_dvmd_tls.o)
                0x00002b00                __aeabi_idiv0
                0x00002b00                __aeabi_ldiv0
 .text.__libc_init_array
                0x00002b04       0x4c c:/program files/cypress/psoc creator/3.3/psoc creator/import/gnu/arm/4.9.3/bin/../lib/gcc/arm-none-eabi/4.9.3/../../../../arm-none-eabi/lib/armv6-m\libg_nano.a(lib_a-init.o)
                0x00002b04                __libc_init_array
 .text.memset   0x00002b50       0x10 c:/program files/cypress/psoc creator/3.3/psoc creator/import/gnu/arm/4.9.3/bin/../lib/gcc/arm-none-eabi/4.9.3/../../../../arm-none-eabi/lib/armv6-m\libg_nano.a(lib_a-memset.o)
                0x00002b50                memset
 *(.plt)
 *(.gnu.warning)
 *(.glue_7t)
 .glue_7t       0x00000000        0x0 linker stubs
 *(.glue_7)
 .glue_7        0x00000000        0x0 linker stubs
 *(.vfp11_veneer)
 .vfp11_veneer  0x00000000        0x0 linker stubs
 *(.bootloader)
 *(.ARM.extab* .gnu.linkonce.armextab.*)
 *(.gcc_except_table)

.v4_bx          0x00002b60        0x0
 .v4_bx         0x00000000        0x0 linker stubs

.iplt           0x00002b60        0x0
 .iplt          0x00000000        0x0 c:/program files/cypress/psoc creator/3.3/psoc creator/import/gnu/arm/4.9.3/bin/../lib/gcc/arm-none-eabi/4.9.3/armv6-m/crtbegin.o

.eh_frame_hdr
 *(.eh_frame_hdr)

.eh_frame       0x00002b60        0x4
 *(.eh_frame)
 .eh_frame      0x00002b60        0x0 c:/program files/cypress/psoc creator/3.3/psoc creator/import/gnu/arm/4.9.3/bin/../lib/gcc/arm-none-eabi/4.9.3/armv6-m/crtbegin.o
 .eh_frame      0x00002b60        0x4 c:/program files/cypress/psoc creator/3.3/psoc creator/import/gnu/arm/4.9.3/bin/../lib/gcc/arm-none-eabi/4.9.3/armv6-m/crtend.o
                0x00002b64                PROVIDE (__exidx_start, .)

.ARM.exidx
 *(.ARM.exidx* .gnu.linkonce.armexidx.*)
                0x00002b64                __exidx_end = .

.rodata         0x00002b64      0xe9c
 *(.rodata .rodata.* .gnu.linkonce.r.*)
 .rodata        0x00002b64      0xafc .\CortexM0\ARM_GCC_493\Release\main.o
                0x00002b64                boot_rom
 .rodata.str1.1
                0x00003660       0x3a .\CortexM0\ARM_GCC_493\Release\main.o
 .rodata        0x0000369a       0x80 .\CortexM0\ARM_GCC_493\Release\ff.o
 .rodata.str1.1
                0x0000371a        0xf .\CortexM0\ARM_GCC_493\Release\ff.o
 .rodata.str1.1
                0x00003729       0x12 .\CortexM0\ARM_GCC_493\Release\cmd.o
                                 0x1b (size before relaxing)
 *fill*         0x0000373b        0x1 
 .rodata        0x0000373c      0x25c .\CortexM0\ARM_GCC_493\Release\mpi_rom_emu.a(cyfitter_cfg.o)
 .rodata        0x00003998       0x2e .\CortexM0\ARM_GCC_493\Release\mpi_rom_emu.a(CyLib.o)
                0x00003998                cyImoFreqMhz2Reg
                0x000039c8                . = ALIGN (0x4)
 *fill*         0x000039c6        0x2 
 *(.init)
 .init          0x000039c8        0x4 c:/program files/cypress/psoc creator/3.3/psoc creator/import/gnu/arm/4.9.3/bin/../lib/gcc/arm-none-eabi/4.9.3/armv6-m/crti.o
                0x000039c8                _init
 .init          0x000039cc        0x8 c:/program files/cypress/psoc creator/3.3/psoc creator/import/gnu/arm/4.9.3/bin/../lib/gcc/arm-none-eabi/4.9.3/armv6-m/crtn.o
                0x000039d4                . = ALIGN (0x4)
                0x000039d4                __preinit_array_start = .
 *(.preinit_array)
                0x000039d4                __preinit_array_end = .
                0x000039d4                . = ALIGN (0x4)
                0x000039d4                __init_array_start = .
 *(SORT(.init_array.*))
 *(.init_array)
 .init_array    0x000039d4        0x4 c:/program files/cypress/psoc creator/3.3/psoc creator/import/gnu/arm/4.9.3/bin/../lib/gcc/arm-none-eabi/4.9.3/armv6-m/crtbegin.o
 .init_array    0x000039d8        0x4 .\CortexM0\ARM_GCC_493\Release\Cm0Start.o
                0x000039dc                __init_array_end = .
                0x000039dc                . = ALIGN (0x4)
 *(.fini)
 .fini          0x000039dc        0x4 c:/program files/cypress/psoc creator/3.3/psoc creator/import/gnu/arm/4.9.3/bin/../lib/gcc/arm-none-eabi/4.9.3/armv6-m/crti.o
                0x000039dc                _fini
 .fini          0x000039e0        0x8 c:/program files/cypress/psoc creator/3.3/psoc creator/import/gnu/arm/4.9.3/bin/../lib/gcc/arm-none-eabi/4.9.3/armv6-m/crtn.o
                0x000039e8                . = ALIGN (0x4)
                0x000039e8                __fini_array_start = .
 *(.fini_array)
 .fini_array    0x000039e8        0x4 c:/program files/cypress/psoc creator/3.3/psoc creator/import/gnu/arm/4.9.3/bin/../lib/gcc/arm-none-eabi/4.9.3/armv6-m/crtbegin.o
 *(SORT(.fini_array.*))
                0x000039ec                __fini_array_end = .
                0x000039ec                . = ALIGN (0x4)
 *crtbegin.o(.ctors)
 *(EXCLUDE_FILE(*crtend.o) .ctors)
 *(SORT(.ctors.*))
 *crtend.o(.ctors)
                0x000039ec                . = ALIGN (0x4)
 *crtbegin.o(.dtors)
 *(EXCLUDE_FILE(*crtend.o) .dtors)
 *(SORT(.dtors.*))
 *crtend.o(.dtors)
                0x000039ec                . = ALIGN (0x4)
                0x000039ec                __cy_regions = .
                0x000039ec        0x4 LONG 0x3a00 __cy_region_init_ram
                0x000039f0        0x4 LONG 0x200000c8 __cy_region_start_data
                0x000039f4        0x4 LONG 0x18 __cy_region_init_size_ram
                0x000039f8        0x4 LONG 0x788 __cy_region_zero_size_ram
                0x000039fc                __cy_regions_end = .
                0x00003a00                . = ALIGN (0x8)
 *fill*         0x000039fc        0x4 
                0x00003a00                _etext = .

.cy_checksum_exclude
                0x00003a00        0x0
 *(.cy_checksum_exclude)

.ramvectors     0x20000000       0xc0
                0x20000000                __cy_region_start_ram = .
 *(.ramvectors)
 .ramvectors    0x20000000       0xc0 .\CortexM0\ARM_GCC_493\Release\Cm0Start.o
                0x20000000                CyRamVectors

.noinit         0x200000c0        0x4
 *(.noinit)
 .noinit        0x200000c0        0x4 .\CortexM0\ARM_GCC_493\Release\Cm0Start.o

.data           0x200000c8       0x18 load address 0x00003a00
                0x200000c8                __cy_region_start_data = .
 *(.jcr)
 .jcr           0x200000c8        0x0 c:/program files/cypress/psoc creator/3.3/psoc creator/import/gnu/arm/4.9.3/bin/../lib/gcc/arm-none-eabi/4.9.3/armv6-m/crtbegin.o
 .jcr           0x200000c8        0x4 c:/program files/cypress/psoc creator/3.3/psoc creator/import/gnu/arm/4.9.3/bin/../lib/gcc/arm-none-eabi/4.9.3/armv6-m/crtend.o
 *(.got.plt)
 *(.got)
 *(.shdata)
 *(.data .data.* .gnu.linkonce.d.*)
 .data          0x200000cc        0x2 .\CortexM0\ARM_GCC_493\Release\cmd.o
                0x200000cc                sector_size
 .data          0x200000ce        0x1 .\CortexM0\ARM_GCC_493\Release\sdmm.o
 *fill*         0x200000cf        0x1 
 .data          0x200000d0       0x10 .\CortexM0\ARM_GCC_493\Release\mpi_rom_emu.a(CyLib.o)
                0x200000d0                cydelay32kMs
                0x200000d4                cydelayFreqKhz
                0x200000d8                cydelayFreqMhz
                0x200000dc                cydelayFreqHz
                0x200000e0                . = ALIGN (0x8)
 *(.ram)
                0x200000e0                _edata = .

.igot.plt       0x200000e0        0x0 load address 0x00003a18
 .igot.plt      0x00000000        0x0 c:/program files/cypress/psoc creator/3.3/psoc creator/import/gnu/arm/4.9.3/bin/../lib/gcc/arm-none-eabi/4.9.3/armv6-m/crtbegin.o

.bss            0x200000e0      0x788 load address 0x00003a18
                0x200000e0                PROVIDE (__bss_start__, .)
 *(.shbss)
 *(.bss .bss.* .gnu.linkonce.b.*)
 .bss           0x200000e0       0x1c c:/program files/cypress/psoc creator/3.3/psoc creator/import/gnu/arm/4.9.3/bin/../lib/gcc/arm-none-eabi/4.9.3/armv6-m/crtbegin.o
 .bss           0x200000fc        0x1 .\CortexM0\ARM_GCC_493\Release\main.o
                0x200000fc                cd_flag
 *fill*         0x200000fd        0x3 
 .bss           0x20000100       0x2c .\CortexM0\ARM_GCC_493\Release\ff.o
 .bss           0x2000012c        0x4 .\CortexM0\ARM_GCC_493\Release\cmd.o
 .bss           0x20000130        0x1 .\CortexM0\ARM_GCC_493\Release\sdmm.o
 .bss           0x20000131        0x1 .\CortexM0\ARM_GCC_493\Release\mpi_rom_emu.a(SPI_1.o)
                0x20000131                SPI_1_initVar
 *(COMMON)
 *fill*         0x20000132        0x2 
 COMMON         0x20000134      0x700 .\CortexM0\ARM_GCC_493\Release\main.o
                0x20000134                Fatfs
                0x20000364                map_file
                0x2000038c                file_names
                0x2000040c                buf
                0x2000080c                log_file
 COMMON         0x20000834       0x32 .\CortexM0\ARM_GCC_493\Release\cmd.o
                0x20000834                disk
                0x2000085c                oct_buf
                0x20000868                . = ALIGN (0x8)
 *fill*         0x20000866        0x2 
 *(.ram.b)
                0x20000868                _end = .
                0x20000868                __end = .
                0x20000868                PROVIDE (end, .)
                0x20000868                PROVIDE (__bss_end__, .)
                0x00003a00                __cy_region_init_ram = LOADADDR (.data)
                0x00000018                __cy_region_init_size_ram = (_edata - ADDR (.data))
                0x00000788                __cy_region_zero_size_ram = (_end - _edata)

.heap           0x20000868        0x0 load address 0x00003a18
                0x20000868                . = _end
                0x20000868                . = (. + 0x0)
                0x20000868                __cy_heap_limit = .

.stack          0x20000a00      0x600
                0x20000a00                __cy_stack_limit = .
                0x20001000                . = (. + 0x600)
 *fill*         0x20000a00      0x600 
                0x00000001                ASSERT ((__cy_stack_limit >= __cy_heap_limit), region RAM overflowed with stack)
                0x00000000                cy_checksum_exclude_size = (CY_APPL_LOADABLE == 0x1)?SIZEOF (.cy_checksum_exclude):0x0
                0x00000001                ASSERT ((cy_checksum_exclude_size <= CY_CHECKSUM_EXCLUDE_SIZE), CY_BOOT: Section .cy_checksum_exclude size exceedes specified limit.)
                0x00007fc0                cyloadermeta_start = (cy_project_type_bootloader || cy_project_type_app_for_stack_and_copier)?(0x8000 - CY_METADATA_SIZE):0xf0000000

.cyloadermeta
 *(.cyloadermeta)
                0x00007fc0                cyloadablemeta_start = cy_project_type_app_for_stack_and_copier?((0x8000 - CY_FLASH_ROW_SIZE) - CY_METADATA_SIZE):((0x8000 - (CY_FLASH_ROW_SIZE * (CY_APPL_NUM - 0x1))) - CY_METADATA_SIZE)

.cyloadablemeta
 *(.cyloadablemeta)

.cyflashprotect
                0x90400000       0x20
 *(.cyflashprotect)
 .cyflashprotect
                0x90400000       0x20 .\CortexM0\ARM_GCC_493\Release\cymetadata.o
                0x90400000                cy_meta_flashprotect

.cymeta         0x90500000        0xc
 *(.cymeta)
 .cymeta        0x90500000        0xc .\CortexM0\ARM_GCC_493\Release\cymetadata.o
                0x90500000                cy_metadata

.cychipprotect  0x90600000        0x1
 *(.cychipprotect)
 .cychipprotect
                0x90600000        0x1 .\CortexM0\ARM_GCC_493\Release\cymetadata.o
                0x90600000                cy_meta_chipprotect

.rel.dyn        0x00003a18        0x0 load address 0x90600004
 .rel.iplt      0x00000000        0x0 c:/program files/cypress/psoc creator/3.3/psoc creator/import/gnu/arm/4.9.3/bin/../lib/gcc/arm-none-eabi/4.9.3/armv6-m/crtbegin.o

.stab
 *(.stab)

.stabstr
 *(.stabstr)

.debug
 *(.debug)

.line
 *(.line)

.debug_srcinfo
 *(.debug_srcinfo)

.debug_sfnames
 *(.debug_sfnames)

.debug_aranges  0x00000000      0x958
 *(.debug_aranges)
 .debug_aranges
                0x00000000       0x60 .\CortexM0\ARM_GCC_493\Release\main.o
 .debug_aranges
                0x00000060      0x138 .\CortexM0\ARM_GCC_493\Release\ff.o
 .debug_aranges
                0x00000198       0x30 .\CortexM0\ARM_GCC_493\Release\SPI_routines.o
 .debug_aranges
                0x000001c8       0x30 .\CortexM0\ARM_GCC_493\Release\cmd.o
 .debug_aranges
                0x000001f8       0x98 .\CortexM0\ARM_GCC_493\Release\sdmm.o
 .debug_aranges
                0x00000290       0x18 .\CortexM0\ARM_GCC_493\Release\cymetadata.o
 .debug_aranges
                0x000002a8       0x48 .\CortexM0\ARM_GCC_493\Release\Cm0Start.o
 .debug_aranges
                0x000002f0       0x20 .\CortexM0\ARM_GCC_493\Release\mpi_rom_emu.a(cyfitter_cfg.o)
 .debug_aranges
                0x00000310       0x48 .\CortexM0\ARM_GCC_493\Release\mpi_rom_emu.a(AD_L.o)
 .debug_aranges
                0x00000358       0x48 .\CortexM0\ARM_GCC_493\Release\mpi_rom_emu.a(AD_H.o)
 .debug_aranges
                0x000003a0       0x48 .\CortexM0\ARM_GCC_493\Release\mpi_rom_emu.a(SIP.o)
 .debug_aranges
                0x000003e8       0x40 .\CortexM0\ARM_GCC_493\Release\mpi_rom_emu.a(AH_reg.o)
 .debug_aranges
                0x00000428       0x40 .\CortexM0\ARM_GCC_493\Release\mpi_rom_emu.a(AL_reg.o)
 .debug_aranges
                0x00000468       0x20 .\CortexM0\ARM_GCC_493\Release\mpi_rom_emu.a(CyBootAsmGnu.o)
 .debug_aranges
                0x00000488      0x178 .\CortexM0\ARM_GCC_493\Release\mpi_rom_emu.a(CyLib.o)
 .debug_aranges
                0x00000600       0x40 .\CortexM0\ARM_GCC_493\Release\mpi_rom_emu.a(STATE.o)
 .debug_aranges
                0x00000640       0x48 .\CortexM0\ARM_GCC_493\Release\mpi_rom_emu.a(IDX.o)
 .debug_aranges
                0x00000688       0x50 .\CortexM0\ARM_GCC_493\Release\mpi_rom_emu.a(SPI_1.o)
 .debug_aranges
                0x000006d8       0x60 .\CortexM0\ARM_GCC_493\Release\mpi_rom_emu.a(SPI_1_SPI_UART.o)
 .debug_aranges
                0x00000738       0x38 .\CortexM0\ARM_GCC_493\Release\mpi_rom_emu.a(SPI_1_SPI.o)
 .debug_aranges
                0x00000770       0x48 .\CortexM0\ARM_GCC_493\Release\mpi_rom_emu.a(SPI_1_sclk_m.o)
 .debug_aranges
                0x000007b8       0x48 .\CortexM0\ARM_GCC_493\Release\mpi_rom_emu.a(SPI_1_ss0_m.o)
 .debug_aranges
                0x00000800       0x48 .\CortexM0\ARM_GCC_493\Release\mpi_rom_emu.a(LED1.o)
 .debug_aranges
                0x00000848       0x48 .\CortexM0\ARM_GCC_493\Release\mpi_rom_emu.a(SPI_CS.o)
 .debug_aranges
                0x00000890       0x48 .\CortexM0\ARM_GCC_493\Release\mpi_rom_emu.a(BYTE.o)
 .debug_aranges
                0x000008d8       0x80 .\CortexM0\ARM_GCC_493\Release\mpi_rom_emu.a(isr_1.o)

.debug_pubnames
 *(.debug_pubnames)

.debug_info     0x00000000     0x7c32
 *(.debug_info .gnu.linkonce.wi.*)
 .debug_info    0x00000000      0xc48 .\CortexM0\ARM_GCC_493\Release\main.o
 .debug_info    0x00000c48     0x29d0 .\CortexM0\ARM_GCC_493\Release\ff.o
 .debug_info    0x00003618      0x167 .\CortexM0\ARM_GCC_493\Release\SPI_routines.o
 .debug_info    0x0000377f      0x959 .\CortexM0\ARM_GCC_493\Release\cmd.o
 .debug_info    0x000040d8      0xbdd .\CortexM0\ARM_GCC_493\Release\sdmm.o
 .debug_info    0x00004cb5       0xfe .\CortexM0\ARM_GCC_493\Release\cymetadata.o
 .debug_info    0x00004db3      0x38e .\CortexM0\ARM_GCC_493\Release\Cm0Start.o
 .debug_info    0x00005141      0x39e .\CortexM0\ARM_GCC_493\Release\mpi_rom_emu.a(cyfitter_cfg.o)
 .debug_info    0x000054df      0x199 .\CortexM0\ARM_GCC_493\Release\mpi_rom_emu.a(AD_L.o)
 .debug_info    0x00005678      0x199 .\CortexM0\ARM_GCC_493\Release\mpi_rom_emu.a(AD_H.o)
 .debug_info    0x00005811      0x19b .\CortexM0\ARM_GCC_493\Release\mpi_rom_emu.a(SIP.o)
 .debug_info    0x000059ac      0x178 .\CortexM0\ARM_GCC_493\Release\mpi_rom_emu.a(AH_reg.o)
 .debug_info    0x00005b24      0x178 .\CortexM0\ARM_GCC_493\Release\mpi_rom_emu.a(AL_reg.o)
 .debug_info    0x00005c9c       0x85 .\CortexM0\ARM_GCC_493\Release\mpi_rom_emu.a(CyBootAsmGnu.o)
 .debug_info    0x00005d21      0xaed .\CortexM0\ARM_GCC_493\Release\mpi_rom_emu.a(CyLib.o)
 .debug_info    0x0000680e      0x17a .\CortexM0\ARM_GCC_493\Release\mpi_rom_emu.a(STATE.o)
 .debug_info    0x00006988      0x19b .\CortexM0\ARM_GCC_493\Release\mpi_rom_emu.a(IDX.o)
 .debug_info    0x00006b23      0x231 .\CortexM0\ARM_GCC_493\Release\mpi_rom_emu.a(SPI_1.o)
 .debug_info    0x00006d54      0x21b .\CortexM0\ARM_GCC_493\Release\mpi_rom_emu.a(SPI_1_SPI_UART.o)
 .debug_info    0x00006f6f      0x16c .\CortexM0\ARM_GCC_493\Release\mpi_rom_emu.a(SPI_1_SPI.o)
 .debug_info    0x000070db      0x19b .\CortexM0\ARM_GCC_493\Release\mpi_rom_emu.a(SPI_1_sclk_m.o)
 .debug_info    0x00007276      0x19b .\CortexM0\ARM_GCC_493\Release\mpi_rom_emu.a(SPI_1_ss0_m.o)
 .debug_info    0x00007411      0x19b .\CortexM0\ARM_GCC_493\Release\mpi_rom_emu.a(LED1.o)
 .debug_info    0x000075ac      0x19b .\CortexM0\ARM_GCC_493\Release\mpi_rom_emu.a(SPI_CS.o)
 .debug_info    0x00007747      0x19b .\CortexM0\ARM_GCC_493\Release\mpi_rom_emu.a(BYTE.o)
 .debug_info    0x000078e2      0x350 .\CortexM0\ARM_GCC_493\Release\mpi_rom_emu.a(isr_1.o)

.debug_abbrev   0x00000000     0x218f
 *(.debug_abbrev)
 .debug_abbrev  0x00000000      0x209 .\CortexM0\ARM_GCC_493\Release\main.o
 .debug_abbrev  0x00000209      0x313 .\CortexM0\ARM_GCC_493\Release\ff.o
 .debug_abbrev  0x0000051c       0xdc .\CortexM0\ARM_GCC_493\Release\SPI_routines.o
 .debug_abbrev  0x000005f8      0x208 .\CortexM0\ARM_GCC_493\Release\cmd.o
 .debug_abbrev  0x00000800      0x301 .\CortexM0\ARM_GCC_493\Release\sdmm.o
 .debug_abbrev  0x00000b01       0x5d .\CortexM0\ARM_GCC_493\Release\cymetadata.o
 .debug_abbrev  0x00000b5e      0x1d5 .\CortexM0\ARM_GCC_493\Release\Cm0Start.o
 .debug_abbrev  0x00000d33      0x201 .\CortexM0\ARM_GCC_493\Release\mpi_rom_emu.a(cyfitter_cfg.o)
 .debug_abbrev  0x00000f34       0xc8 .\CortexM0\ARM_GCC_493\Release\mpi_rom_emu.a(AD_L.o)
 .debug_abbrev  0x00000ffc       0xc8 .\CortexM0\ARM_GCC_493\Release\mpi_rom_emu.a(AD_H.o)
 .debug_abbrev  0x000010c4       0xc6 .\CortexM0\ARM_GCC_493\Release\mpi_rom_emu.a(SIP.o)
 .debug_abbrev  0x0000118a       0xc6 .\CortexM0\ARM_GCC_493\Release\mpi_rom_emu.a(AH_reg.o)
 .debug_abbrev  0x00001250       0xc6 .\CortexM0\ARM_GCC_493\Release\mpi_rom_emu.a(AL_reg.o)
 .debug_abbrev  0x00001316       0x14 .\CortexM0\ARM_GCC_493\Release\mpi_rom_emu.a(CyBootAsmGnu.o)
 .debug_abbrev  0x0000132a      0x318 .\CortexM0\ARM_GCC_493\Release\mpi_rom_emu.a(CyLib.o)
 .debug_abbrev  0x00001642       0xc6 .\CortexM0\ARM_GCC_493\Release\mpi_rom_emu.a(STATE.o)
 .debug_abbrev  0x00001708       0xc6 .\CortexM0\ARM_GCC_493\Release\mpi_rom_emu.a(IDX.o)
 .debug_abbrev  0x000017ce      0x127 .\CortexM0\ARM_GCC_493\Release\mpi_rom_emu.a(SPI_1.o)
 .debug_abbrev  0x000018f5      0x169 .\CortexM0\ARM_GCC_493\Release\mpi_rom_emu.a(SPI_1_SPI_UART.o)
 .debug_abbrev  0x00001a5e       0xf5 .\CortexM0\ARM_GCC_493\Release\mpi_rom_emu.a(SPI_1_SPI.o)
 .debug_abbrev  0x00001b53       0xc6 .\CortexM0\ARM_GCC_493\Release\mpi_rom_emu.a(SPI_1_sclk_m.o)
 .debug_abbrev  0x00001c19       0xc6 .\CortexM0\ARM_GCC_493\Release\mpi_rom_emu.a(SPI_1_ss0_m.o)
 .debug_abbrev  0x00001cdf       0xc6 .\CortexM0\ARM_GCC_493\Release\mpi_rom_emu.a(LED1.o)
 .debug_abbrev  0x00001da5       0xc6 .\CortexM0\ARM_GCC_493\Release\mpi_rom_emu.a(SPI_CS.o)
 .debug_abbrev  0x00001e6b       0xc6 .\CortexM0\ARM_GCC_493\Release\mpi_rom_emu.a(BYTE.o)
 .debug_abbrev  0x00001f31      0x25e .\CortexM0\ARM_GCC_493\Release\mpi_rom_emu.a(isr_1.o)

.debug_line     0x00000000     0x2d9d
 *(.debug_line)
 .debug_line    0x00000000      0x349 .\CortexM0\ARM_GCC_493\Release\main.o
 .debug_line    0x00000349      0xaec .\CortexM0\ARM_GCC_493\Release\ff.o
 .debug_line    0x00000e35       0xb7 .\CortexM0\ARM_GCC_493\Release\SPI_routines.o
 .debug_line    0x00000eec      0x2fa .\CortexM0\ARM_GCC_493\Release\cmd.o
 .debug_line    0x000011e6      0x3cf .\CortexM0\ARM_GCC_493\Release\sdmm.o
 .debug_line    0x000015b5       0x53 .\CortexM0\ARM_GCC_493\Release\cymetadata.o
 .debug_line    0x00001608      0x230 .\CortexM0\ARM_GCC_493\Release\Cm0Start.o
 .debug_line    0x00001838      0x168 .\CortexM0\ARM_GCC_493\Release\mpi_rom_emu.a(cyfitter_cfg.o)
 .debug_line    0x000019a0       0xd5 .\CortexM0\ARM_GCC_493\Release\mpi_rom_emu.a(AD_L.o)
 .debug_line    0x00001a75       0xd5 .\CortexM0\ARM_GCC_493\Release\mpi_rom_emu.a(AD_H.o)
 .debug_line    0x00001b4a       0xc9 .\CortexM0\ARM_GCC_493\Release\mpi_rom_emu.a(SIP.o)
 .debug_line    0x00001c13       0xc0 .\CortexM0\ARM_GCC_493\Release\mpi_rom_emu.a(AH_reg.o)
 .debug_line    0x00001cd3       0xc0 .\CortexM0\ARM_GCC_493\Release\mpi_rom_emu.a(AL_reg.o)
 .debug_line    0x00001d93       0x69 .\CortexM0\ARM_GCC_493\Release\mpi_rom_emu.a(CyBootAsmGnu.o)
 .debug_line    0x00001dfc      0x4b6 .\CortexM0\ARM_GCC_493\Release\mpi_rom_emu.a(CyLib.o)
 .debug_line    0x000022b2       0xc0 .\CortexM0\ARM_GCC_493\Release\mpi_rom_emu.a(STATE.o)
 .debug_line    0x00002372       0xc9 .\CortexM0\ARM_GCC_493\Release\mpi_rom_emu.a(IDX.o)
 .debug_line    0x0000243b      0x144 .\CortexM0\ARM_GCC_493\Release\mpi_rom_emu.a(SPI_1.o)
 .debug_line    0x0000257f      0x13e .\CortexM0\ARM_GCC_493\Release\mpi_rom_emu.a(SPI_1_SPI_UART.o)
 .debug_line    0x000026bd      0x117 .\CortexM0\ARM_GCC_493\Release\mpi_rom_emu.a(SPI_1_SPI.o)
 .debug_line    0x000027d4       0xd2 .\CortexM0\ARM_GCC_493\Release\mpi_rom_emu.a(SPI_1_sclk_m.o)
 .debug_line    0x000028a6       0xd1 .\CortexM0\ARM_GCC_493\Release\mpi_rom_emu.a(SPI_1_ss0_m.o)
 .debug_line    0x00002977       0xca .\CortexM0\ARM_GCC_493\Release\mpi_rom_emu.a(LED1.o)
 .debug_line    0x00002a41       0xcc .\CortexM0\ARM_GCC_493\Release\mpi_rom_emu.a(SPI_CS.o)
 .debug_line    0x00002b0d       0xca .\CortexM0\ARM_GCC_493\Release\mpi_rom_emu.a(BYTE.o)
 .debug_line    0x00002bd7      0x1c6 .\CortexM0\ARM_GCC_493\Release\mpi_rom_emu.a(isr_1.o)

.debug_frame    0x00000000     0x167c
 *(.debug_frame)
 .debug_frame   0x00000000      0x11c .\CortexM0\ARM_GCC_493\Release\main.o
 .debug_frame   0x0000011c      0x500 .\CortexM0\ARM_GCC_493\Release\ff.o
 .debug_frame   0x0000061c       0x64 .\CortexM0\ARM_GCC_493\Release\SPI_routines.o
 .debug_frame   0x00000680       0x7c .\CortexM0\ARM_GCC_493\Release\cmd.o
 .debug_frame   0x000006fc      0x21c .\CortexM0\ARM_GCC_493\Release\sdmm.o
 .debug_frame   0x00000918       0xb0 .\CortexM0\ARM_GCC_493\Release\Cm0Start.o
 .debug_frame   0x000009c8       0x38 .\CortexM0\ARM_GCC_493\Release\mpi_rom_emu.a(cyfitter_cfg.o)
 .debug_frame   0x00000a00       0x7c .\CortexM0\ARM_GCC_493\Release\mpi_rom_emu.a(AD_L.o)
 .debug_frame   0x00000a7c       0x7c .\CortexM0\ARM_GCC_493\Release\mpi_rom_emu.a(AD_H.o)
 .debug_frame   0x00000af8       0x70 .\CortexM0\ARM_GCC_493\Release\mpi_rom_emu.a(SIP.o)
 .debug_frame   0x00000b68       0x78 .\CortexM0\ARM_GCC_493\Release\mpi_rom_emu.a(AH_reg.o)
 .debug_frame   0x00000be0       0x78 .\CortexM0\ARM_GCC_493\Release\mpi_rom_emu.a(AL_reg.o)
 .debug_frame   0x00000c58      0x388 .\CortexM0\ARM_GCC_493\Release\mpi_rom_emu.a(CyLib.o)
 .debug_frame   0x00000fe0       0x78 .\CortexM0\ARM_GCC_493\Release\mpi_rom_emu.a(STATE.o)
 .debug_frame   0x00001058       0x70 .\CortexM0\ARM_GCC_493\Release\mpi_rom_emu.a(IDX.o)
 .debug_frame   0x000010c8       0xb0 .\CortexM0\ARM_GCC_493\Release\mpi_rom_emu.a(SPI_1.o)
 .debug_frame   0x00001178       0xb0 .\CortexM0\ARM_GCC_493\Release\mpi_rom_emu.a(SPI_1_SPI_UART.o)
 .debug_frame   0x00001228       0x6c .\CortexM0\ARM_GCC_493\Release\mpi_rom_emu.a(SPI_1_SPI.o)
 .debug_frame   0x00001294       0x70 .\CortexM0\ARM_GCC_493\Release\mpi_rom_emu.a(SPI_1_sclk_m.o)
 .debug_frame   0x00001304       0x70 .\CortexM0\ARM_GCC_493\Release\mpi_rom_emu.a(SPI_1_ss0_m.o)
 .debug_frame   0x00001374       0x70 .\CortexM0\ARM_GCC_493\Release\mpi_rom_emu.a(LED1.o)
 .debug_frame   0x000013e4       0x70 .\CortexM0\ARM_GCC_493\Release\mpi_rom_emu.a(SPI_CS.o)
 .debug_frame   0x00001454       0x70 .\CortexM0\ARM_GCC_493\Release\mpi_rom_emu.a(BYTE.o)
 .debug_frame   0x000014c4      0x104 .\CortexM0\ARM_GCC_493\Release\mpi_rom_emu.a(isr_1.o)
 .debug_frame   0x000015c8       0x20 c:/program files/cypress/psoc creator/3.3/psoc creator/import/gnu/arm/4.9.3/bin/../lib/gcc/arm-none-eabi/4.9.3/armv6-m\libgcc.a(_udivsi3.o)
 .debug_frame   0x000015e8       0x20 c:/program files/cypress/psoc creator/3.3/psoc creator/import/gnu/arm/4.9.3/bin/../lib/gcc/arm-none-eabi/4.9.3/../../../../arm-none-eabi/lib/armv6-m\libg_nano.a(lib_a-errno.o)
 .debug_frame   0x00001608       0x28 c:/program files/cypress/psoc creator/3.3/psoc creator/import/gnu/arm/4.9.3/bin/../lib/gcc/arm-none-eabi/4.9.3/../../../../arm-none-eabi/lib/armv6-m\libg_nano.a(lib_a-exit.o)
 .debug_frame   0x00001630       0x2c c:/program files/cypress/psoc creator/3.3/psoc creator/import/gnu/arm/4.9.3/bin/../lib/gcc/arm-none-eabi/4.9.3/../../../../arm-none-eabi/lib/armv6-m\libg_nano.a(lib_a-init.o)
 .debug_frame   0x0000165c       0x20 c:/program files/cypress/psoc creator/3.3/psoc creator/import/gnu/arm/4.9.3/bin/../lib/gcc/arm-none-eabi/4.9.3/../../../../arm-none-eabi/lib/armv6-m\libg_nano.a(lib_a-memset.o)

.debug_str      0x00000000     0x19d8
 *(.debug_str)
 .debug_str     0x00000000      0x4f3 .\CortexM0\ARM_GCC_493\Release\main.o
                                0x560 (size before relaxing)
 .debug_str     0x000004f3      0x2d0 .\CortexM0\ARM_GCC_493\Release\ff.o
                                0x6c8 (size before relaxing)
 .debug_str     0x000007c3       0xad .\CortexM0\ARM_GCC_493\Release\SPI_routines.o
                                0x21b (size before relaxing)
 .debug_str     0x00000870       0x8f .\CortexM0\ARM_GCC_493\Release\cmd.o
                                0x4e6 (size before relaxing)
 .debug_str     0x000008ff       0x8f .\CortexM0\ARM_GCC_493\Release\sdmm.o
                                0x315 (size before relaxing)
 .debug_str     0x0000098e       0x5b .\CortexM0\ARM_GCC_493\Release\cymetadata.o
                                0x1c3 (size before relaxing)
 .debug_str     0x000009e9      0x144 .\CortexM0\ARM_GCC_493\Release\Cm0Start.o
                                0x2ea (size before relaxing)
 .debug_str     0x00000b2d       0xde .\CortexM0\ARM_GCC_493\Release\mpi_rom_emu.a(cyfitter_cfg.o)
                                0x2a4 (size before relaxing)
 .debug_str     0x00000c0b       0x7f .\CortexM0\ARM_GCC_493\Release\mpi_rom_emu.a(AD_L.o)
                                0x224 (size before relaxing)
 .debug_str     0x00000c8a       0x5b .\CortexM0\ARM_GCC_493\Release\mpi_rom_emu.a(AD_H.o)
                                0x224 (size before relaxing)
 .debug_str     0x00000ce5       0x71 .\CortexM0\ARM_GCC_493\Release\mpi_rom_emu.a(SIP.o)
                                0x21d (size before relaxing)
 .debug_str     0x00000d56       0xae .\CortexM0\ARM_GCC_493\Release\mpi_rom_emu.a(AH_reg.o)
                                0x22c (size before relaxing)
 .debug_str     0x00000e04       0x72 .\CortexM0\ARM_GCC_493\Release\mpi_rom_emu.a(AL_reg.o)
                                0x22c (size before relaxing)
 .debug_str     0x00000e76      0x46c .\CortexM0\ARM_GCC_493\Release\mpi_rom_emu.a(CyLib.o)
                                0x67e (size before relaxing)
 .debug_str     0x000012e2       0x6d .\CortexM0\ARM_GCC_493\Release\mpi_rom_emu.a(STATE.o)
                                0x226 (size before relaxing)
 .debug_str     0x0000134f       0x71 .\CortexM0\ARM_GCC_493\Release\mpi_rom_emu.a(IDX.o)
                                0x21d (size before relaxing)
 .debug_str     0x000013c0      0x123 .\CortexM0\ARM_GCC_493\Release\mpi_rom_emu.a(SPI_1.o)
                                0x2a4 (size before relaxing)
 .debug_str     0x000014e3       0xd6 .\CortexM0\ARM_GCC_493\Release\mpi_rom_emu.a(SPI_1_SPI_UART.o)
                                0x2c1 (size before relaxing)
 .debug_str     0x000015b9       0x7c .\CortexM0\ARM_GCC_493\Release\mpi_rom_emu.a(SPI_1_SPI.o)
                                0x221 (size before relaxing)
 .debug_str     0x00001635       0xa7 .\CortexM0\ARM_GCC_493\Release\mpi_rom_emu.a(SPI_1_sclk_m.o)
                                0x25c (size before relaxing)
 .debug_str     0x000016dc       0xa1 .\CortexM0\ARM_GCC_493\Release\mpi_rom_emu.a(SPI_1_ss0_m.o)
                                0x255 (size before relaxing)
 .debug_str     0x0000177d       0x77 .\CortexM0\ARM_GCC_493\Release\mpi_rom_emu.a(LED1.o)
                                0x224 (size before relaxing)
 .debug_str     0x000017f4       0x83 .\CortexM0\ARM_GCC_493\Release\mpi_rom_emu.a(SPI_CS.o)
                                0x232 (size before relaxing)
 .debug_str     0x00001877       0x78 .\CortexM0\ARM_GCC_493\Release\mpi_rom_emu.a(BYTE.o)
                                0x224 (size before relaxing)
 .debug_str     0x000018ef       0xe9 .\CortexM0\ARM_GCC_493\Release\mpi_rom_emu.a(isr_1.o)
                                0x2d3 (size before relaxing)

.debug_loc      0x00000000     0x51df
 *(.debug_loc)
 .debug_loc     0x00000000      0x2b3 .\CortexM0\ARM_GCC_493\Release\main.o
 .debug_loc     0x000002b3     0x335a .\CortexM0\ARM_GCC_493\Release\ff.o
 .debug_loc     0x0000360d       0x21 .\CortexM0\ARM_GCC_493\Release\SPI_routines.o
 .debug_loc     0x0000362e      0x451 .\CortexM0\ARM_GCC_493\Release\cmd.o
 .debug_loc     0x00003a7f      0x72d .\CortexM0\ARM_GCC_493\Release\sdmm.o
 .debug_loc     0x000041ac      0x1e9 .\CortexM0\ARM_GCC_493\Release\Cm0Start.o
 .debug_loc     0x00004395       0xfc .\CortexM0\ARM_GCC_493\Release\mpi_rom_emu.a(cyfitter_cfg.o)
 .debug_loc     0x00004491       0x5f .\CortexM0\ARM_GCC_493\Release\mpi_rom_emu.a(AD_L.o)
 .debug_loc     0x000044f0       0x5f .\CortexM0\ARM_GCC_493\Release\mpi_rom_emu.a(AD_H.o)
 .debug_loc     0x0000454f       0xa1 .\CortexM0\ARM_GCC_493\Release\mpi_rom_emu.a(SIP.o)
 .debug_loc     0x000045f0       0x26 .\CortexM0\ARM_GCC_493\Release\mpi_rom_emu.a(AH_reg.o)
 .debug_loc     0x00004616       0x26 .\CortexM0\ARM_GCC_493\Release\mpi_rom_emu.a(AL_reg.o)
 .debug_loc     0x0000463c      0x538 .\CortexM0\ARM_GCC_493\Release\mpi_rom_emu.a(CyLib.o)
 .debug_loc     0x00004b74       0x44 .\CortexM0\ARM_GCC_493\Release\mpi_rom_emu.a(STATE.o)
 .debug_loc     0x00004bb8       0xa1 .\CortexM0\ARM_GCC_493\Release\mpi_rom_emu.a(IDX.o)
 .debug_loc     0x00004c59       0x7e .\CortexM0\ARM_GCC_493\Release\mpi_rom_emu.a(SPI_1.o)
 .debug_loc     0x00004cd7       0xee .\CortexM0\ARM_GCC_493\Release\mpi_rom_emu.a(SPI_1_SPI_UART.o)
 .debug_loc     0x00004dc5       0x4a .\CortexM0\ARM_GCC_493\Release\mpi_rom_emu.a(SPI_1_SPI.o)
 .debug_loc     0x00004e0f       0xa1 .\CortexM0\ARM_GCC_493\Release\mpi_rom_emu.a(SPI_1_sclk_m.o)
 .debug_loc     0x00004eb0       0xa1 .\CortexM0\ARM_GCC_493\Release\mpi_rom_emu.a(SPI_1_ss0_m.o)
 .debug_loc     0x00004f51       0xa1 .\CortexM0\ARM_GCC_493\Release\mpi_rom_emu.a(LED1.o)
 .debug_loc     0x00004ff2       0xa1 .\CortexM0\ARM_GCC_493\Release\mpi_rom_emu.a(SPI_CS.o)
 .debug_loc     0x00005093       0xa1 .\CortexM0\ARM_GCC_493\Release\mpi_rom_emu.a(BYTE.o)
 .debug_loc     0x00005134       0xab .\CortexM0\ARM_GCC_493\Release\mpi_rom_emu.a(isr_1.o)

.debug_macinfo
 *(.debug_macinfo)

.debug_ranges   0x00000000      0x960
 *(.debug_ranges)
 .debug_ranges  0x00000000       0x50 .\CortexM0\ARM_GCC_493\Release\main.o
 .debug_ranges  0x00000050      0x178 .\CortexM0\ARM_GCC_493\Release\ff.o
 .debug_ranges  0x000001c8       0x20 .\CortexM0\ARM_GCC_493\Release\SPI_routines.o
 .debug_ranges  0x000001e8       0x20 .\CortexM0\ARM_GCC_493\Release\cmd.o
 .debug_ranges  0x00000208       0xa0 .\CortexM0\ARM_GCC_493\Release\sdmm.o
 .debug_ranges  0x000002a8       0x38 .\CortexM0\ARM_GCC_493\Release\Cm0Start.o
 .debug_ranges  0x000002e0       0x78 .\CortexM0\ARM_GCC_493\Release\mpi_rom_emu.a(cyfitter_cfg.o)
 .debug_ranges  0x00000358       0x38 .\CortexM0\ARM_GCC_493\Release\mpi_rom_emu.a(AD_L.o)
 .debug_ranges  0x00000390       0x38 .\CortexM0\ARM_GCC_493\Release\mpi_rom_emu.a(AD_H.o)
 .debug_ranges  0x000003c8       0x38 .\CortexM0\ARM_GCC_493\Release\mpi_rom_emu.a(SIP.o)
 .debug_ranges  0x00000400       0x30 .\CortexM0\ARM_GCC_493\Release\mpi_rom_emu.a(AH_reg.o)
 .debug_ranges  0x00000430       0x30 .\CortexM0\ARM_GCC_493\Release\mpi_rom_emu.a(AL_reg.o)
 .debug_ranges  0x00000460      0x1d8 .\CortexM0\ARM_GCC_493\Release\mpi_rom_emu.a(CyLib.o)
 .debug_ranges  0x00000638       0x30 .\CortexM0\ARM_GCC_493\Release\mpi_rom_emu.a(STATE.o)
 .debug_ranges  0x00000668       0x38 .\CortexM0\ARM_GCC_493\Release\mpi_rom_emu.a(IDX.o)
 .debug_ranges  0x000006a0       0x40 .\CortexM0\ARM_GCC_493\Release\mpi_rom_emu.a(SPI_1.o)
 .debug_ranges  0x000006e0       0x50 .\CortexM0\ARM_GCC_493\Release\mpi_rom_emu.a(SPI_1_SPI_UART.o)
 .debug_ranges  0x00000730       0x28 .\CortexM0\ARM_GCC_493\Release\mpi_rom_emu.a(SPI_1_SPI.o)
 .debug_ranges  0x00000758       0x38 .\CortexM0\ARM_GCC_493\Release\mpi_rom_emu.a(SPI_1_sclk_m.o)
 .debug_ranges  0x00000790       0x38 .\CortexM0\ARM_GCC_493\Release\mpi_rom_emu.a(SPI_1_ss0_m.o)
 .debug_ranges  0x000007c8       0x38 .\CortexM0\ARM_GCC_493\Release\mpi_rom_emu.a(LED1.o)
 .debug_ranges  0x00000800       0x38 .\CortexM0\ARM_GCC_493\Release\mpi_rom_emu.a(SPI_CS.o)
 .debug_ranges  0x00000838       0x38 .\CortexM0\ARM_GCC_493\Release\mpi_rom_emu.a(BYTE.o)
 .debug_ranges  0x00000870       0xf0 .\CortexM0\ARM_GCC_493\Release\mpi_rom_emu.a(isr_1.o)

.comment        0x00000000       0x70
 .comment       0x00000000       0x70 .\CortexM0\ARM_GCC_493\Release\main.o
                                 0x71 (size before relaxing)
 .comment       0x00000000       0x71 .\CortexM0\ARM_GCC_493\Release\ff.o
 .comment       0x00000000       0x71 .\CortexM0\ARM_GCC_493\Release\SPI_routines.o
 .comment       0x00000000       0x71 .\CortexM0\ARM_GCC_493\Release\cmd.o
 .comment       0x00000000       0x71 .\CortexM0\ARM_GCC_493\Release\sdmm.o
 .comment       0x00000000       0x71 .\CortexM0\ARM_GCC_493\Release\cymetadata.o
 .comment       0x00000000       0x71 .\CortexM0\ARM_GCC_493\Release\Cm0Start.o
 .comment       0x00000000       0x71 .\CortexM0\ARM_GCC_493\Release\mpi_rom_emu.a(cyfitter_cfg.o)
 .comment       0x00000000       0x71 .\CortexM0\ARM_GCC_493\Release\mpi_rom_emu.a(AD_L.o)
 .comment       0x00000000       0x71 .\CortexM0\ARM_GCC_493\Release\mpi_rom_emu.a(AD_H.o)
 .comment       0x00000000       0x71 .\CortexM0\ARM_GCC_493\Release\mpi_rom_emu.a(SIP.o)
 .comment       0x00000000       0x71 .\CortexM0\ARM_GCC_493\Release\mpi_rom_emu.a(AH_reg.o)
 .comment       0x00000000       0x71 .\CortexM0\ARM_GCC_493\Release\mpi_rom_emu.a(AL_reg.o)
 .comment       0x00000000       0x71 .\CortexM0\ARM_GCC_493\Release\mpi_rom_emu.a(CyLib.o)
 .comment       0x00000000       0x71 .\CortexM0\ARM_GCC_493\Release\mpi_rom_emu.a(STATE.o)
 .comment       0x00000000       0x71 .\CortexM0\ARM_GCC_493\Release\mpi_rom_emu.a(IDX.o)
 .comment       0x00000000       0x71 .\CortexM0\ARM_GCC_493\Release\mpi_rom_emu.a(SPI_1.o)
 .comment       0x00000000       0x71 .\CortexM0\ARM_GCC_493\Release\mpi_rom_emu.a(SPI_1_SPI_UART.o)
 .comment       0x00000000       0x71 .\CortexM0\ARM_GCC_493\Release\mpi_rom_emu.a(SPI_1_SPI.o)
 .comment       0x00000000       0x71 .\CortexM0\ARM_GCC_493\Release\mpi_rom_emu.a(SPI_1_sclk_m.o)
 .comment       0x00000000       0x71 .\CortexM0\ARM_GCC_493\Release\mpi_rom_emu.a(SPI_1_ss0_m.o)
 .comment       0x00000000       0x71 .\CortexM0\ARM_GCC_493\Release\mpi_rom_emu.a(LED1.o)
 .comment       0x00000000       0x71 .\CortexM0\ARM_GCC_493\Release\mpi_rom_emu.a(SPI_CS.o)
 .comment       0x00000000       0x71 .\CortexM0\ARM_GCC_493\Release\mpi_rom_emu.a(BYTE.o)
 .comment       0x00000000       0x71 .\CortexM0\ARM_GCC_493\Release\mpi_rom_emu.a(isr_1.o)

.debug_weaknames
 *(.debug_weaknames)

.debug_funcnames
 *(.debug_funcnames)

.debug_typenames
 *(.debug_typenames)

.debug_varnames
 *(.debug_varnames)

.note.gnu.arm.ident
 *(.note.gnu.arm.ident)

.ARM.attributes
                0x00000000       0x28
 *(.ARM.attributes)
 .ARM.attributes
                0x00000000       0x1e c:/program files/cypress/psoc creator/3.3/psoc creator/import/gnu/arm/4.9.3/bin/../lib/gcc/arm-none-eabi/4.9.3/armv6-m/crti.o
 .ARM.attributes
                0x0000001e       0x2c c:/program files/cypress/psoc creator/3.3/psoc creator/import/gnu/arm/4.9.3/bin/../lib/gcc/arm-none-eabi/4.9.3/armv6-m/crtbegin.o
 .ARM.attributes
                0x0000004a       0x1b c:/program files/cypress/psoc creator/3.3/psoc creator/import/gnu/arm/4.9.3/bin/../lib/gcc/arm-none-eabi/4.9.3/../../../../arm-none-eabi/lib/armv6-m/crt0.o
 .ARM.attributes
                0x00000065       0x31 .\CortexM0\ARM_GCC_493\Release\main.o
 .ARM.attributes
                0x00000096       0x31 .\CortexM0\ARM_GCC_493\Release\ff.o
 .ARM.attributes
                0x000000c7       0x31 .\CortexM0\ARM_GCC_493\Release\SPI_routines.o
 .ARM.attributes
                0x000000f8       0x31 .\CortexM0\ARM_GCC_493\Release\cmd.o
 .ARM.attributes
                0x00000129       0x31 .\CortexM0\ARM_GCC_493\Release\sdmm.o
 .ARM.attributes
                0x0000015a       0x31 .\CortexM0\ARM_GCC_493\Release\cymetadata.o
 .ARM.attributes
                0x0000018b       0x31 .\CortexM0\ARM_GCC_493\Release\Cm0Start.o
 .ARM.attributes
                0x000001bc       0x31 .\CortexM0\ARM_GCC_493\Release\mpi_rom_emu.a(cyfitter_cfg.o)
 .ARM.attributes
                0x000001ed       0x31 .\CortexM0\ARM_GCC_493\Release\mpi_rom_emu.a(AD_L.o)
 .ARM.attributes
                0x0000021e       0x31 .\CortexM0\ARM_GCC_493\Release\mpi_rom_emu.a(AD_H.o)
 .ARM.attributes
                0x0000024f       0x31 .\CortexM0\ARM_GCC_493\Release\mpi_rom_emu.a(SIP.o)
 .ARM.attributes
                0x00000280       0x31 .\CortexM0\ARM_GCC_493\Release\mpi_rom_emu.a(AH_reg.o)
 .ARM.attributes
                0x000002b1       0x31 .\CortexM0\ARM_GCC_493\Release\mpi_rom_emu.a(AL_reg.o)
 .ARM.attributes
                0x000002e2       0x21 .\CortexM0\ARM_GCC_493\Release\mpi_rom_emu.a(CyBootAsmGnu.o)
 .ARM.attributes
                0x00000303       0x31 .\CortexM0\ARM_GCC_493\Release\mpi_rom_emu.a(CyLib.o)
 .ARM.attributes
                0x00000334       0x31 .\CortexM0\ARM_GCC_493\Release\mpi_rom_emu.a(STATE.o)
 .ARM.attributes
                0x00000365       0x31 .\CortexM0\ARM_GCC_493\Release\mpi_rom_emu.a(IDX.o)
 .ARM.attributes
                0x00000396       0x31 .\CortexM0\ARM_GCC_493\Release\mpi_rom_emu.a(SPI_1.o)
 .ARM.attributes
                0x000003c7       0x31 .\CortexM0\ARM_GCC_493\Release\mpi_rom_emu.a(SPI_1_SPI_UART.o)
 .ARM.attributes
                0x000003f8       0x31 .\CortexM0\ARM_GCC_493\Release\mpi_rom_emu.a(SPI_1_SPI.o)
 .ARM.attributes
                0x00000429       0x31 .\CortexM0\ARM_GCC_493\Release\mpi_rom_emu.a(SPI_1_sclk_m.o)
 .ARM.attributes
                0x0000045a       0x31 .\CortexM0\ARM_GCC_493\Release\mpi_rom_emu.a(SPI_1_ss0_m.o)
 .ARM.attributes
                0x0000048b       0x31 .\CortexM0\ARM_GCC_493\Release\mpi_rom_emu.a(LED1.o)
 .ARM.attributes
                0x000004bc       0x31 .\CortexM0\ARM_GCC_493\Release\mpi_rom_emu.a(SPI_CS.o)
 .ARM.attributes
                0x000004ed       0x31 .\CortexM0\ARM_GCC_493\Release\mpi_rom_emu.a(BYTE.o)
 .ARM.attributes
                0x0000051e       0x31 .\CortexM0\ARM_GCC_493\Release\mpi_rom_emu.a(isr_1.o)
 .ARM.attributes
                0x0000054f       0x1e c:/program files/cypress/psoc creator/3.3/psoc creator/import/gnu/arm/4.9.3/bin/../lib/gcc/arm-none-eabi/4.9.3/armv6-m\libgcc.a(_udivsi3.o)
 .ARM.attributes
                0x0000056d       0x1e c:/program files/cypress/psoc creator/3.3/psoc creator/import/gnu/arm/4.9.3/bin/../lib/gcc/arm-none-eabi/4.9.3/armv6-m\libgcc.a(_dvmd_tls.o)
 .ARM.attributes
                0x0000058b       0x2c c:/program files/cypress/psoc creator/3.3/psoc creator/import/gnu/arm/4.9.3/bin/../lib/gcc/arm-none-eabi/4.9.3/../../../../arm-none-eabi/lib/armv6-m\libg_nano.a(lib_a-errno.o)
 .ARM.attributes
                0x000005b7       0x2c c:/program files/cypress/psoc creator/3.3/psoc creator/import/gnu/arm/4.9.3/bin/../lib/gcc/arm-none-eabi/4.9.3/../../../../arm-none-eabi/lib/armv6-m\libg_nano.a(lib_a-exit.o)
 .ARM.attributes
                0x000005e3       0x2c c:/program files/cypress/psoc creator/3.3/psoc creator/import/gnu/arm/4.9.3/bin/../lib/gcc/arm-none-eabi/4.9.3/../../../../arm-none-eabi/lib/armv6-m\libg_nano.a(lib_a-impure.o)
 .ARM.attributes
                0x0000060f       0x2c c:/program files/cypress/psoc creator/3.3/psoc creator/import/gnu/arm/4.9.3/bin/../lib/gcc/arm-none-eabi/4.9.3/../../../../arm-none-eabi/lib/armv6-m\libg_nano.a(lib_a-init.o)
 .ARM.attributes
                0x0000063b       0x2c c:/program files/cypress/psoc creator/3.3/psoc creator/import/gnu/arm/4.9.3/bin/../lib/gcc/arm-none-eabi/4.9.3/../../../../arm-none-eabi/lib/armv6-m\libg_nano.a(lib_a-memset.o)
 .ARM.attributes
                0x00000667       0x2c c:/program files/cypress/psoc creator/3.3/psoc creator/import/gnu/arm/4.9.3/bin/../lib/gcc/arm-none-eabi/4.9.3/armv6-m/crtend.o
 .ARM.attributes
                0x00000693       0x1e c:/program files/cypress/psoc creator/3.3/psoc creator/import/gnu/arm/4.9.3/bin/../lib/gcc/arm-none-eabi/4.9.3/armv6-m/crtn.o

/DISCARD/
 *(.note.GNU-stack)
OUTPUT(.\CortexM0\ARM_GCC_493\Release\mpi_rom_emu.elf elf32-littlearm)
